
 Start         Length     Name                   Class
 0001:00000000 00098374H .text                   CODE
 0002:00000000 00006EB8H .data                   DATA
 0002:00006EB8 00004441H .bss                    BSS


Detailed map of segments

 0001:00000000 0000562C C=CODE     S=.text    G=(none)   M=System   ACBP=A9
 0001:0000562C 00000174 C=CODE     S=.text    G=(none)   M=SysInit  ACBP=A9
 0001:000057A0 00000D50 C=CODE     S=.text    G=(none)   M=Windows  ACBP=A9
 0001:000064F0 00001D0F C=CODE     S=.text    G=(none)   M=ELeaks   ACBP=A9
 0001:00008200 000002F0 C=CODE     S=.text    G=(none)   M=SysConst ACBP=A9
 0001:000084F0 0000679C C=CODE     S=.text    G=(none)   M=SysUtils ACBP=A9
 0001:0000EC8C 00000038 C=CODE     S=.text    G=(none)   M=Messages ACBP=A9
 0001:0000ECC4 00000040 C=CODE     S=.text    G=(none)   M=ActiveX  ACBP=A9
 0001:0000ED04 00000310 C=CODE     S=.text    G=(none)   M=Consts   ACBP=A9
 0001:0000F014 000007D8 C=CODE     S=.text    G=(none)   M=TypInfo  ACBP=A9
 0001:0000F7EC 00007DD3 C=CODE     S=.text    G=(none)   M=Classes  ACBP=A9
 0001:000175C0 00000038 C=CODE     S=.text    G=(none)   M=ETypes   ACBP=A9
 0001:000175F8 00002944 C=CODE     S=.text    G=(none)   M=EConsts  ACBP=A9
 0001:00019F3C 00003E78 C=CODE     S=.text    G=(none)   M=ECore    ACBP=A9
 0001:0001DDB4 000045AC C=CODE     S=.text    G=(none)   M=EDebug   ACBP=A9
 0001:00022360 00000040 C=CODE     S=.text    G=(none)   M=ShellAPI ACBP=A9
 0001:000223A0 000000A0 C=CODE     S=.text    G=(none)   M=WinSock  ACBP=A9
 0001:00022440 000014F8 C=CODE     S=.text    G=(none)   M=EHook    ACBP=A9
 0001:00023938 000000E8 C=CODE     S=.text    G=(none)   M=ELang    ACBP=A9
 0001:00023A20 00001588 C=CODE     S=.text    G=(none)   M=ESockets ACBP=A9
 0001:00024FA8 00007A10 C=CODE     S=.text    G=(none)   M=EZlib    ACBP=A9
 0001:0002C9B8 00000AFC C=CODE     S=.text    G=(none)   M=EHash    ACBP=A9
 0001:0002D4B4 00000354 C=CODE     S=.text    G=(none)   M=EEncrypt ACBP=A9
 0001:0002D808 000002DC C=CODE     S=.text    G=(none)   M=EBase64  ACBP=A9
 0001:0002DAE4 00000190 C=CODE     S=.text    G=(none)   M=EZip     ACBP=A9
 0001:0002DC74 0000715C C=CODE     S=.text    G=(none)   M=EWebTools ACBP=A9
 0001:00034DD0 000005A8 C=CODE     S=.text    G=(none)   M=EXMLBuilder ACBP=A9
 0001:00035378 00004228 C=CODE     S=.text    G=(none)   M=ELogManager ACBP=A9
 0001:000395A0 0000132C C=CODE     S=.text    G=(none)   M=EListView ACBP=A9
 0001:0003A8CC 00007434 C=CODE     S=.text    G=(none)   M=EDisAsm  ACBP=A9
 0001:00041D00 00027920 C=CODE     S=.text    G=(none)   M=ExceptionLog ACBP=A9
 0001:00069620 00006FC7 C=CODE     S=.text    G=(none)   M=Graphics ACBP=A9
 0001:000705E8 000001C4 C=CODE     S=.text    G=(none)   M=Contnrs  ACBP=A9
 0001:000707AC 000000F4 C=CODE     S=.text    G=(none)   M=Commctrl ACBP=A9
 0001:000708A0 00000793 C=CODE     S=.text    G=(none)   M=MultiMon ACBP=A9
 0001:00071034 00000038 C=CODE     S=.text    G=(none)   M=Imm      ACBP=A9
 0001:0007106C 00000040 C=CODE     S=.text    G=(none)   M=Math     ACBP=A9
 0001:000710AC 00000038 C=CODE     S=.text    G=(none)   M=WinSpool ACBP=A9
 0001:000710E4 00000044 C=CODE     S=.text    G=(none)   M=Printers ACBP=A9
 0001:00071128 0000031F C=CODE     S=.text    G=(none)   M=FlatSB   ACBP=A9
 0001:00071448 00002BE0 C=CODE     S=.text    G=(none)   M=StdCtrls ACBP=A9
 0001:00074028 00000094 C=CODE     S=.text    G=(none)   M=Clipbrd  ACBP=A9
 0001:000740BC 0000015C C=CODE     S=.text    G=(none)   M=StdActns ACBP=A9
 0001:00074218 0000EFC4 C=CODE     S=.text    G=(none)   M=Controls ACBP=A9
 0001:000831DC 00000E28 C=CODE     S=.text    G=(none)   M=ActnList ACBP=A9
 0001:00084004 00001490 C=CODE     S=.text    G=(none)   M=ImgList  ACBP=A9
 0001:00085494 000061FB C=CODE     S=.text    G=(none)   M=Menus    ACBP=A9
 0001:0008B690 0000C0B7 C=CODE     S=.text    G=(none)   M=Forms    ACBP=A9
 0001:00097748 00000038 C=CODE     S=.text    G=(none)   M=RegStr   ACBP=A9
 0001:00097780 00000038 C=CODE     S=.text    G=(none)   M=WinInet  ACBP=A9
 0001:000977B8 00000038 C=CODE     S=.text    G=(none)   M=UrlMon   ACBP=A9
 0001:000977F0 00000038 C=CODE     S=.text    G=(none)   M=ShlObj   ACBP=A9
 0001:00097828 00000038 C=CODE     S=.text    G=(none)   M=CommDlg  ACBP=A9
 0001:00097860 00000038 C=CODE     S=.text    G=(none)   M=ExtCtrls ACBP=A9
 0001:00097898 00000038 C=CODE     S=.text    G=(none)   M=Dlgs     ACBP=A9
 0001:000978D0 0000026D C=CODE     S=.text    G=(none)   M=Dialogs  ACBP=A9
 0001:00097B40 00000368 C=CODE     S=.text    G=(none)   M=TimeNowF ACBP=A9
 0001:00097EA8 00000245 C=CODE     S=.text    G=(none)   M=TimeNow  ACBP=A9
 0002:00000000 000000A6 C=DATA     S=.data    G=DGROUP   M=System   ACBP=A9
 0002:000000A8 00000018 C=DATA     S=.data    G=DGROUP   M=SysInit  ACBP=A9
 0002:000000C0 00000014 C=DATA     S=.data    G=DGROUP   M=ELeaks   ACBP=A9
 0002:000000D4 00000230 C=DATA     S=.data    G=DGROUP   M=SysUtils ACBP=A9
 0002:00000304 00000010 C=DATA     S=.data    G=DGROUP   M=TypInfo  ACBP=A9
 0002:00000314 000000A0 C=DATA     S=.data    G=DGROUP   M=Classes  ACBP=A9
 0002:000003B4 00000908 C=DATA     S=.data    G=DGROUP   M=EConsts  ACBP=A9
 0002:00000CBC 00000044 C=DATA     S=.data    G=DGROUP   M=ECore    ACBP=A9
 0002:00000D00 0000004C C=DATA     S=.data    G=DGROUP   M=EDebug   ACBP=A9
 0002:00000D4C 000001A0 C=DATA     S=.data    G=DGROUP   M=EHook    ACBP=A9
 0002:00000EEC 00000001 C=DATA     S=.data    G=DGROUP   M=ESockets ACBP=A9
 0002:00000EF0 00000E5C C=DATA     S=.data    G=DGROUP   M=EZlib    ACBP=A9
 0002:00001D4C 00000212 C=DATA     S=.data    G=DGROUP   M=EHash    ACBP=A9
 0002:00001F60 000000C0 C=DATA     S=.data    G=DGROUP   M=EBase64  ACBP=A9
 0002:00002020 00002B8C C=DATA     S=.data    G=DGROUP   M=EWebTools ACBP=A9
 0002:00004BAC 00000020 C=DATA     S=.data    G=DGROUP   M=EXMLBuilder ACBP=A9
 0002:00004BCC 00000020 C=DATA     S=.data    G=DGROUP   M=ELogManager ACBP=A9
 0002:00004BEC 000012D5 C=DATA     S=.data    G=DGROUP   M=EDisAsm  ACBP=A9
 0002:00005EC4 0000055C C=DATA     S=.data    G=DGROUP   M=ExceptionLog ACBP=A9
 0002:00006420 000002B4 C=DATA     S=.data    G=DGROUP   M=Graphics ACBP=A9
 0002:000066D4 00000004 C=DATA     S=.data    G=DGROUP   M=Printers ACBP=A9
 0002:000066D8 00000054 C=DATA     S=.data    G=DGROUP   M=StdCtrls ACBP=A9
 0002:0000672C 0000012C C=DATA     S=.data    G=DGROUP   M=Controls ACBP=A9
 0002:00006858 00000020 C=DATA     S=.data    G=DGROUP   M=ImgList  ACBP=A9
 0002:00006878 000000EC C=DATA     S=.data    G=DGROUP   M=Menus    ACBP=A9
 0002:00006964 0000013C C=DATA     S=.data    G=DGROUP   M=Forms    ACBP=A9
 0002:00006AA0 00000070 C=DATA     S=.data    G=DGROUP   M=Dialogs  ACBP=A9
 0002:00007000 000004D0 C=BSS      S=.bss     G=DGROUP   M=System   ACBP=A9
 0002:000074D0 00000018 C=BSS      S=.bss     G=DGROUP   M=SysInit  ACBP=A9
 0002:000074E8 00000004 C=BSS      S=.bss     G=DGROUP   M=Windows  ACBP=A9
 0002:000074EC 00000054 C=BSS      S=.bss     G=DGROUP   M=ELeaks   ACBP=A9
 0002:00007540 00000004 C=BSS      S=.bss     G=DGROUP   M=SysConst ACBP=A9
 0002:00007544 00000118 C=BSS      S=.bss     G=DGROUP   M=SysUtils ACBP=A9
 0002:0000765C 00000004 C=BSS      S=.bss     G=DGROUP   M=Messages ACBP=A9
 0002:00007660 00000004 C=BSS      S=.bss     G=DGROUP   M=ActiveX  ACBP=A9
 0002:00007664 00000004 C=BSS      S=.bss     G=DGROUP   M=Consts   ACBP=A9
 0002:00007668 00000004 C=BSS      S=.bss     G=DGROUP   M=TypInfo  ACBP=A9
 0002:0000766C 0000003C C=BSS      S=.bss     G=DGROUP   M=Classes  ACBP=A9
 0002:000076A8 00000004 C=BSS      S=.bss     G=DGROUP   M=ETypes   ACBP=A9
 0002:000076AC 00000004 C=BSS      S=.bss     G=DGROUP   M=EConsts  ACBP=A9
 0002:000076B0 00000009 C=BSS      S=.bss     G=DGROUP   M=ECore    ACBP=A9
 0002:000076BC 00000004 C=BSS      S=.bss     G=DGROUP   M=EDebug   ACBP=A9
 0002:000076C0 00000004 C=BSS      S=.bss     G=DGROUP   M=ShellAPI ACBP=A9
 0002:000076C4 00000004 C=BSS      S=.bss     G=DGROUP   M=WinSock  ACBP=A9
 0002:000076C8 00000010 C=BSS      S=.bss     G=DGROUP   M=EHook    ACBP=A9
 0002:000076D8 00000004 C=BSS      S=.bss     G=DGROUP   M=ELang    ACBP=A9
 0002:000076DC 00000004 C=BSS      S=.bss     G=DGROUP   M=ESockets ACBP=A9
 0002:000076E0 00002890 C=BSS      S=.bss     G=DGROUP   M=EZlib    ACBP=A9
 0002:00009F70 00000404 C=BSS      S=.bss     G=DGROUP   M=EHash    ACBP=A9
 0002:0000A374 0000001C C=BSS      S=.bss     G=DGROUP   M=EEncrypt ACBP=A9
 0002:0000A390 00000004 C=BSS      S=.bss     G=DGROUP   M=EBase64  ACBP=A9
 0002:0000A394 00000004 C=BSS      S=.bss     G=DGROUP   M=EZip     ACBP=A9
 0002:0000A398 00000048 C=BSS      S=.bss     G=DGROUP   M=EWebTools ACBP=A9
 0002:0000A3E0 00000004 C=BSS      S=.bss     G=DGROUP   M=EXMLBuilder ACBP=A9
 0002:0000A3E4 00000004 C=BSS      S=.bss     G=DGROUP   M=ELogManager ACBP=A9
 0002:0000A3E8 00000004 C=BSS      S=.bss     G=DGROUP   M=EListView ACBP=A9
 0002:0000A3EC 00000004 C=BSS      S=.bss     G=DGROUP   M=EDisAsm  ACBP=A9
 0002:0000A3F0 00000E78 C=BSS      S=.bss     G=DGROUP   M=ExceptionLog ACBP=A9
 0002:0000B268 00000060 C=BSS      S=.bss     G=DGROUP   M=Graphics ACBP=A9
 0002:0000B2C8 00000004 C=BSS      S=.bss     G=DGROUP   M=Contnrs  ACBP=A9
 0002:0000B2CC 00000004 C=BSS      S=.bss     G=DGROUP   M=Commctrl ACBP=A9
 0002:0000B2D0 00000031 C=BSS      S=.bss     G=DGROUP   M=MultiMon ACBP=A9
 0002:0000B304 00000004 C=BSS      S=.bss     G=DGROUP   M=Imm      ACBP=A9
 0002:0000B308 00000004 C=BSS      S=.bss     G=DGROUP   M=Math     ACBP=A9
 0002:0000B30C 00000004 C=BSS      S=.bss     G=DGROUP   M=WinSpool ACBP=A9
 0002:0000B310 00000004 C=BSS      S=.bss     G=DGROUP   M=Printers ACBP=A9
 0002:0000B314 00000034 C=BSS      S=.bss     G=DGROUP   M=FlatSB   ACBP=A9
 0002:0000B348 00000004 C=BSS      S=.bss     G=DGROUP   M=StdCtrls ACBP=A9
 0002:0000B34C 0000000C C=BSS      S=.bss     G=DGROUP   M=Clipbrd  ACBP=A9
 0002:0000B358 00000004 C=BSS      S=.bss     G=DGROUP   M=StdActns ACBP=A9
 0002:0000B35C 00000070 C=BSS      S=.bss     G=DGROUP   M=Controls ACBP=A9
 0002:0000B3CC 00000004 C=BSS      S=.bss     G=DGROUP   M=ActnList ACBP=A9
 0002:0000B3D0 00000004 C=BSS      S=.bss     G=DGROUP   M=ImgList  ACBP=A9
 0002:0000B3D4 00000010 C=BSS      S=.bss     G=DGROUP   M=Menus    ACBP=A9
 0002:0000B3E4 00000024 C=BSS      S=.bss     G=DGROUP   M=Forms    ACBP=A9
 0002:0000B408 00000004 C=BSS      S=.bss     G=DGROUP   M=RegStr   ACBP=A9
 0002:0000B40C 00000004 C=BSS      S=.bss     G=DGROUP   M=WinInet  ACBP=A9
 0002:0000B410 00000004 C=BSS      S=.bss     G=DGROUP   M=UrlMon   ACBP=A9
 0002:0000B414 00000004 C=BSS      S=.bss     G=DGROUP   M=ShlObj   ACBP=A9
 0002:0000B418 00000004 C=BSS      S=.bss     G=DGROUP   M=CommDlg  ACBP=A9
 0002:0000B41C 00000004 C=BSS      S=.bss     G=DGROUP   M=ExtCtrls ACBP=A9
 0002:0000B420 00000004 C=BSS      S=.bss     G=DGROUP   M=Dlgs     ACBP=A9
 0002:0000B424 0000000C C=BSS      S=.bss     G=DGROUP   M=Dialogs  ACBP=A9
 0002:0000B430 00000010 C=BSS      S=.bss     G=DGROUP   M=TimeNowF ACBP=A9


  Address         Publics by Name

 0001:00004AC8       .
 0001:00004DA8       .
 0002:00000064       .
 0002:000012E0       .
 0001:0002AB3C       .
 0002:000011B4       .
 0002:000096E4       .
 0002:00001044       .
 0002:00000FF4       .
 0002:00000FA0       .
 0002:000076E4       .
 0002:00000F88       .
 0001:000270D4       .
 0002:00000F80       .
 0001:0002700C       .
 0002:00000F74       .
 0001:00026C00       .
 0002:00000F18       .
 0001:000256EC       .
 0001:0000E204       .
 0002:0000B424       .01
 0002:0000B358       .02
 0002:0000A390       .1
 0002:0000765C       .1
 0002:0000B304       .1
 0002:00007664       .1
 0002:0000B420       .1
 0002:000076D8       .1
 0002:0000A374       .1
 0002:00009F70       .1
 0002:0000B410       .1
 0002:00007504       .1
 0002:0000B408       .1
 0002:000076A8       .1
 0002:0000B334       .1
 0002:000074E0       .1
 0002:0000B40C       .1
 0002:0000B2CC       .1
 0002:000076C0       .1
 0002:000076C4       .1
 0002:000076C8       .1
 0002:0000B2F0       .1
 0002:00007540       .1
 0002:0000B418       .1
 0002:0000B414       .1
 0002:000076E0       .2
 0002:0000B43C       .2
 0002:0000B350       .2
 0002:0000A3EC       .2
 0002:0000B308       .2
 0002:0000A3E8       .2
 0002:0000A414       .21
 0002:0000B348       .22
 0002:0000B364       .22
 0002:0000B30C       .3
 0002:0000A3E4       .3
 0002:0000A3E0       .3
 0002:0000742C       .3
 0002:00007660       .3
 0002:0000B3D0       .3
 0002:0000A394       .3
 0002:0000B310       .3
 0002:000074E8       .3
 0002:000076B4       .4
 0002:000076DC       .4
 0002:0000764C       .44
 0002:00007668       .5
 0002:000076AC       .5
 0002:0000B3EC       .51
 0002:0000B41C       .61
 0002:0000B3CC       .7
 0002:0000A398       .7
 0002:0000B26C       .81
 0002:00007674       .84
 0002:0000B2C8       .9
 0002:0000B3DC       .9
 0002:000076BC       .92
 0001:00001AB0       @AbstractError
 0001:000037FC       @AddRef
 0001:0000373C       @AddRefArray
 0001:00003710       @AddRefRecord
 0001:00002280       @AfterConstruction
 0001:00004DF1       @Append
 0001:000020D0       @AsClass
 0001:00002C70       @Assert
 0001:00004CCA       @Assign
 0001:00001BCC       @AStrCmp
 0001:00002288       @BeforeDestruction
 0001:0000211C       @CallDynaInst
 0001:00004AA4       @CheckAutoResult
 0001:00002228       @ClassCreate
 0001:00002278       @ClassDestroy
 0001:00004D6C       @Close
 0001:00001800       @Copy
 0001:00003924       @CopyArray
 0001:00003808       @CopyRecord
 0001:00027A80       @deflateInit2_
 0001:00003A2C       @Dispose
 0001:000027B0       @DoneExcept
 0001:000043F8       @DynArrayAddRef
 0001:000043D0       @DynArrayAsg
 0001:00004394       @DynArrayClear
 0001:000041D4       @DynArrayHigh
 0001:000041CC       @DynArrayLength
 0001:00004388       @DynArraySetLength
 0001:000028A4       @ExceptionHandler
 0001:00001C3C       @FillChar
 0001:00026CCC       @fill_fopen_filefunc
 0001:00003704       @Finalize
 0001:0000361C       @FinalizeArray
 0001:000035F0       @FinalizeRecord
 0001:00004D45       @Flush
 0001:00001E78       @FpuInit
 0001:00001DB4       @FpuMaskInit
 0001:000016E0       @FreeMem
 0001:000016C8       @GetMem
 0001:000056A4       @GetTls
 0001:00027204       @get_crc_table
 0001:00002C58       @Halt
 0001:00002B38       @Halt0
 0001:00002394       @HandleAnyException
 0001:00002680       @HandleAutoException
 0001:00002648       @HandleFinally
 0001:000024C0       @HandleOnException
 0001:00029174       @inflateInit2_
 0001:00028BBC       @inflate_fast
 0001:0002A6CC       @inflate_table
 0001:00005734       @InitExe
 0001:000035E4       @Initialize
 0001:00003550       @InitializeArray
 0001:00003524       @InitializeRecord
 0001:00002A94       @InitImports
 0001:00002A78       @InitResStringImports
 0001:00001844       @Insert
 0001:00004A08       @IntfAddRef
 0001:000049D4       @IntfClear
 0001:000049EC       @IntfCopy
 0001:000020B8       @IsClass
 0001:00001D84       @isNECWindows
 0001:00003160       @LStrAddRef
 0001:00002D34       @LStrArrayClr
 0001:00002D64       @LStrAsg
 0001:00002FB4       @LStrCat
 0001:00002FF8       @LStrCat3
 0001:0000306C       @LStrCatN
 0001:00002D10       @LStrClr
 0001:000030BC       @LStrCmp
 0001:000031B4       @LStrCopy
 0001:000031F4       @LStrDelete
 0001:00002F40       @LStrFromArray
 0001:00002EB8       @LStrFromChar
 0001:00002EC8       @LStrFromPChar
 0001:00002DF8       @LStrFromPCharLen
 0001:00002EF8       @LStrFromPWChar
 0001:00002E28       @LStrFromPWCharLen
 0001:00002F34       @LStrFromString
 0001:00002F58       @LStrFromWArray
 0001:00002F74       @LStrFromWStr
 0001:0000323C       @LStrInsert
 0001:00002DA8       @LStrLAsg
 0001:00002FAC       @LStrLen
 0001:00003298       @LStrPos
 0001:000032E0       @LStrSetLength
 0001:00003170       @LStrToPChar
 0001:00002F88       @LStrToString
 0001:00003A18       @New
 0001:00002DD4       @NewAnsiString
 0001:000034A8       @NewWideString
 0001:00001A34       @Pos
 0001:00004F70       @Pow10
 0001:00001B48       @PStrCmp
 0001:00001AFC       @PStrCpy
 0001:00001ACC       @PStrNCat
 0001:00001B18       @PStrNCpy
 0001:0000275C       @RaiseAgain
 0001:00002740       @RaiseExcept
 0001:00001C5C       @RandInt
 0001:000016F8       @ReallocMem
 0001:00004DE3       @ResetText
 0001:00004DEA       @RewritText
 0001:00001A88       @ROUND
 0001:00002C64       @RunError
 0001:00001A74       @SetLength
 0001:00002A48       @StartExe
 0001:00001A94       @TRUNC
 0001:000027E0       @TryFinallyExit
 0001:00003FA8       @ValInt64
 0001:00001C74       @ValLong
 0001:00003F84       @VarAddRef
 0001:00003DD8       @VarCast
 0001:00003B80       @VarClear
 0001:00003F7C       @VarClr
 0001:00003BC4       @VarCopy
 0001:00003F08       @VarFromLStr
 0001:00003F48       @VarFromWStr
 0001:00003ECC       @VarToLStr
 0001:00004ED7       @Write0Char
 0001:00004F40       @Write0CString
 0001:00003344       @Write0LString
 0001:00004E9C       @Write0String
 0001:00004DF8       @WriteBytes
 0001:00004F29       @WriteChar
 0001:00004F44       @WriteCString
 0001:00004EC3       @WriteLn
 0001:0000334C       @WriteLString
 0001:00004E63       @WriteSpaces
 0001:00004EA6       @WriteString
 0001:00003504       @WStrAddRef
 0001:0000339C       @WStrArrayClr
 0001:000033C0       @WStrAsg
 0001:00003384       @WStrClr
 0001:0000348C       @WStrFromLStr
 0001:000033E4       @WStrFromPCharLen
 0001:00003468       @WStrFromPWCharLen
 0001:0000349C       @WStrLen
 0001:000034C0       @WStrSetLength
 0001:00001D58       @_CLenToPasStr
 0001:00001D40       @_CToPasStr
 0001:00004D20       @_Flush
 0001:000017D0       @_IOTest
 0001:0000528A       @_lldiv
 0001:00005302       @_lldivo
 0001:0000537D       @_llmod
 0001:000053F7       @_llmodo
 0001:00005244       @_llmul
 0001:00005267       @_llmulo
 0001:00005477       @_llshl
 0001:00005334       @_lludiv
 0001:00005429       @_llumod
 0001:000054AF       @_llushr
 0001:0002BD3C       @_tr_align
 0001:0002C008       @_tr_flush_block
 0001:0002AB40       @_tr_init
 0001:0002BC80       @_tr_stored_block
 0001:0000C858       Abort
 0001:0007659C       AbsMin
 0001:0000CC08       AbstractErrorHandler
 0002:0000701C       AbstractErrorProc
 0002:0000014C       AccessMode
 0001:0005C264       AccessViolationModuleInLongFormat
 0001:00052C88       ActicatePage
 0002:0000A584       ActivateEurekaLog
 0001:00005D78       ActivateKeyboardLayout
 0002:0000B38C       ActiveDrag
 0001:0000ECFC       ActiveX
 0001:00083FFC       ActnList
 0001:0002F590       AddAuthenticationToURL
 0001:00000400       AddBlockAfter
 0001:00062278       AddCallerCallStack
 0001:00056AFC       AddColor
 0001:0004E8D4       AddCustomHeadersToLog
 0001:0004E778       AddCustomHeaderToLog
 0001:000246BC       AddDNS
 0001:00009100       AddExitProc
 0001:00013A5C       AddFinished
 0001:00086F9C       AddIn
 0002:00007500       AddLeak
 0001:0004D4CC       AddModule
 0001:00004810       AddModuleUnloadProc
 0001:00004820       AddModuleUnloadProc
 0001:00047884       AddNewProcess
 0001:00047C4C       AddNewProcessEx
 0001:00013A94       AddNotFinished
 0001:00022A08       AddrSize
 0001:0005B0D4       AddStr
 0001:0001621C       AddThread
 0001:0004D64C       AddToStack
 0001:00036B1C       AddValueField
 0001:00025504       AddZipFile
 0001:0006CABC       AdjustColor
 0001:00052BD8       AdjustDialog
 0001:000500B8       AdjustFlatStyle
 0001:0008E45C       Adjustment
 0001:00005D80       AdjustWindowRectEx
 0001:00026D04       adler32
 0001:000576DC       AfterScreenshot
 0001:000573F0       AfterScreenshotToStream
 0002:0000694C       Alignments
 0002:0000693C       Alignments
 0001:0007B4D0       AlignWork
 0001:00094D8C       AlignWork
 0002:0000751C       AllocatedList_End
 0002:00007514       AllocatedList_Lock
 0002:00007518       AllocatedList_Start
 0001:0008DE88       AllocateHWnd
 0001:00016194       AllocateWindow
 0001:000090B4       AllocMem
 0002:00007424       AllocMemCount
 0002:00007428       AllocMemSize
 0001:000703E0       AllocPatternBitmap
 0002:00004B8C       AlphaNumerics
 0002:00006734       AnchorAlign
 0001:00009248       AnsiCompareText
 0001:00009738       AnsiLastChar
 0001:00005D88       AnsiLower
 0001:0000D39C       AnsiPos
 0001:0008B4C4       AnsiSameCaption
 0001:00009280       AnsiSameText
 0001:000092BC       AnsiStrIComp
 0001:000092DC       AnsiStrLIComp
 0001:0000D3D4       AnsiStrPos
 0001:0000D474       AnsiStrRScan
 0001:0000D49C       AnsiStrScan
 0001:00003C60       AnyChangeType
 0001:0000ABDC       AppendChars
 0001:0000AFA4       AppendFormat
 0001:0000AC40       AppendNumber
 0001:0000AC20       AppendString
 0002:0000B3E4       Application
 0001:0004DCA0       ApplicationRestore
 0002:00006A98       AppVisible
 0001:00006EDC       AreTheSameLeak
 0001:0004C5B4       ASMAssigned
 0002:00000DEC       AsmConst
 0001:00051654       AssemblerDialogProc
 0001:000437C0       AssemblerToRTF
 0001:0000CBEC       AssertErrorHandler
 0002:00007018       AssertErrorProc
 0001:0000F3BC       AssignLongStr
 0001:000550B0       AssignOnCloseData
 0001:0004F0E8       AssignPriority
 0001:00054F10       AssignRequestData
 0001:000221F8       AssignValidDebugInfo
 0001:0000F68C       AssignVariant
 0001:0000F450       AssignWideStr
 0001:00058524       AttachedFile
 0001:00058780       AttachedFiles
 0002:0000A408       AttachedFilesRequest
 0001:0005DE10       AttrToString
 0002:0000A58C       AutoCloseTimer
 0001:0004E64C       AutoCloseTimerProc
 0002:00007478       avail
 0001:00009C5C       BackfillGetDiskFreeSpaceEx
 0001:00078E9C       BackgroundClipped
 0001:0002D928       Base64Decode
 0001:0002DA08       Base64DecodeStr
 0001:0002DA70       Base64DecodeString
 0001:0002D86C       Base64Encode
 0001:000580FC       Base64EncodeFromFile
 0001:0002D9BC       Base64EncodeStr
 0001:0002DA68       Base64EncodeString
 0001:0002DA78       Base64EncodeToString
 0001:0000D130       Beep
 0001:00011120       BeginGlobalLoading
 0001:00005D90       BeginPaint
 0001:00002CC4       BeginThread
 0001:0006CAC8       BetterSize
 0001:00087D2C       BiDiDraw
 0001:0001BEB0       BinToStr
 0001:00005B88       BitBlt
 0002:00006688       BitmapCanvasList
 0002:0000B284       BitmapImageLock
 0002:00006980       BlockCode
 0002:00007450       blockDescBlockList
 0002:00007454       blockDescFreeList
 0001:0005AC64       BlockingSendInternetMessage
 0002:000000C4       BlockOverFoot
 0002:000000C0       BlockOverHead
 0002:00000304       BooleanIdents
 0002:000066D8       BorderStyles
 0002:000069F0       BorderStyles
 0001:00010AB0       Bounds
 0002:000068E4       Breaks
 0002:0000B2BC       BrushManager
 0001:0008A2B0       BuildImage
 0001:00047EE0       BuildListPS
 0001:00047DA8       BuildListTH
 0002:00006AE4       ButtonCaptions
 0002:00006AB8       ButtonNames
 0002:00006960       Buttons
 0002:000066E0       ButtonStyles
 0002:00005EAC       ByteRegs1
 0002:00005EB0       ByteRegs2
 0001:0006C2A8       BytesPerScanline
 0001:00056C64       BytesPerScanline
 0001:000566D0       BytesSwap
 0001:0006C600       ByteSwapColors
 0001:0000D214       ByteToCharIndex
 0001:0000D1EC       ByteToCharLen
 0001:0000D1B0       ByteType
 0001:0000D138       ByteTypeTest
 0002:00000310       C10000
 0002:0000A788       Cached_LogFile
 0001:00065D60       CalcAddr
 0001:00056700       CalcCRC
 0001:0002D834       CalcDecodedSize
 0001:0004A6D4       CalcDuplicatedException
 0001:0002D808       CalcEncodedSize
 0001:0008DDC4       CalcJmpOffset
 0001:00082634       CalcSplitterPos
 0001:00022D64       CalculateRelocatedAsmSize
 0001:0004B7D0       CallAttachedFilesRequest
 0001:0004B840       CallAttachedFilesRequestEvents
 0001:0004B974       CallCustomButtonClickEvent
 0001:0004B9E0       CallCustomButtonClickEvents
 0001:0004B700       CallCustomDataRequest
 0001:0004B770       CallCustomDataRequestEvents
 0001:0004B8A4       CallCustomWebFieldsRequest
 0001:0004B914       CallCustomWebFieldsRequestEvents
 0001:00006598       CallerOfReallocMem
 0001:000662B0       CallEurekaLog
 0001:0004B404       CallExceptionActionNotify
 0001:0005E71C       CallExceptionActionNotify_atSavedLogFile
 0001:0005E6F8       CallExceptionActionNotify_atSavingLogFile
 0001:00059AA4       CallExceptionActionNotify_atSendingEmail
 0001:00059AEC       CallExceptionActionNotify_atSendingWebMessage
 0001:00059AC8       CallExceptionActionNotify_atSentEmail
 0001:00059B10       CallExceptionActionNotify_atSentWebMessage
 0001:0005E9DC       CallExceptionActionNotify_atShowedExceptionInfo
 0001:0005E9B8       CallExceptionActionNotify_atShowingExceptionInfo
 0001:00056000       CallExceptionActionNotify_atTerminating
 0001:0004B578       CallExceptionErrorNotify
 0001:0005E740       CallExceptionErrorNotify_atSavedLogFile
 0001:00059B34       CallExceptionErrorNotify_atSentEmail
 0001:00059B58       CallExceptionErrorNotify_atSentWebMessage
 0001:0004B20C       CallExceptionNotify
 0001:0004B278       CallExceptionNotifyEvents
 0002:000063EC       CallFromCOMObject
 0001:0004B2DC       CallHandledExceptionNotify
 0001:0004B348       CallHandledExceptionNotifyEvents
 0001:0004B77C       CallModuleEvent_AttachedFilesRequest
 0001:0004B920       CallModuleEvent_CustomButtonClickNotify
 0001:0004B6AC       CallModuleEvent_CustomDataRequest
 0001:0004B84C       CallModuleEvent_CustomWebFieldsRequest
 0001:0004B354       CallModuleEvent_ExceptionActionNotify
 0001:0004B4CC       CallModuleEvent_ExceptionErrorNotify
 0001:0004B1BC       CallModuleEvent_ExceptionNotify
 0001:0004B284       CallModuleEvent_HandledExceptionNotify
 0001:0004B9EC       CallModuleEvent_PasswordRequest
 0001:00005D98       CallNextHookEx
 0001:0004B640       CallPasswordRequest
 0001:0004D930       CallStackByAddresses
 0001:00051B20       CallStackDialogProc
 0001:0000D9B4       CallTerminateProcs
 0001:00005DA0       CallWindowProc
 0001:0005EA00       CallWriteIntraWebText
 0001:00064918       Call_HookedExceptionObject
 0001:000646B4       Call_HookedRaise
 0001:00064944       Call_HookedRtlUnwind
 0001:00056270       CalsCoordinates
 0002:0000A53D       CanAttachScreenshot
 0002:0000A539       CanAttachScreenshot_Show
 0001:00065C24       CanCallUnhandledException
 0001:00077514       CancelDrag
 0002:0000A53E       CanCopy
 0002:0000A53A       CanCopy_Show
 0001:0004C398       CanExit
 0002:0000A501       CanHookLibraries
 0002:000063C0       CannotProcessMessagesExceptions
 0002:0000A70C       CannotUseThread
 0001:000622EC       CanPauseThisThread
 0002:0000A538       CanSendError_Show
 0002:0000A53C       CanSendMessage
 0002:0000A53B       CanSupport_Show
 0002:0000B39C       CanvasList
 0002:0000B2C0       CanvasList
 0002:0000A7B8       CaptionFontName
 0002:00006AA4       Captions
 0002:0000A9F4       CAPTION_HEIGHT
 0002:000067EC       CaptureControl
 0002:00001F60       cBase64Codec
 0002:00001FA0       cBase64Codec
 0002:00006884       cBooleanToItemAutoFlag
 0001:0004FB14       CenterOnActiveWndMonitor
 0001:0004E5CC       CenterWindow
 0002:0000B34E       CF_COMPONENT
 0002:0000B34C       CF_PICTURE
 0002:0000A4C8       CGIHandleException_D5Down
 0002:0000A470       CGIOutputFile
 0002:000073EC       ChangeAnyProc
 0001:000097B8       ChangeFileExt
 0001:000680D8       ChangeFinalizationOrder
 0001:00055024       ChangeLogUserEmail
 0001:00003CCC       ChangeSourceAny
 0001:00000224       CharNext
 0002:00004BCC       chars
 0001:0006AC28       CharsetToIdent
 0001:0000D2D8       CharToByteIndex
 0001:0000D33C       CharToByteLen
 0001:0006D078       CheckBool
 0001:00068898       CheckCrc32
 0001:0001B104       CheckDirectoryExists
 0001:0002F4FC       CheckError
 0001:00023338       CheckFail
 0001:00067EE0       CheckForMemoryLeaks
 0001:000493D0       CheckForResult
 0001:0001AF50       CheckIntoIDE
 0001:00002310       CheckJmp
 0001:0001AE74       CheckKey
 0001:00042810       CheckMagicCode
 0001:00005DA8       CheckMenuItem
 0001:00006C2C       CheckOurPointer
 0002:000068D4       Checks
 0001:0008DCD4       CheckTaskWindow
 0001:00077244       CheckUndock
 0002:00006888       cItemAutoFlagToBoolean
 0002:00006880       cItemAutoFlagToMenu
 0002:0000767C       ClassAliasList
 0001:0001754C       Classes
 0002:00007678       ClassList
 0001:00010AD8       ClassNotFound
 0002:000073E8       ClearAnyProc
 0001:0006A5A0       ClearColor
 0001:0004630C       ClearInternalError
 0002:0000A95D       ClickLinkActive
 0001:00039EAC       ClickOnSign
 0001:00005DB0       ClientToScreen
 0001:0008009C       ClientToWindow
 0002:00006680       ClipboardFormats
 0001:00074064       Clipbrd
 0001:0004465C       CloneObject
 0001:00005DB8       CloseClipboard
 0001:000001C4       CloseHandle
 0001:000057E0       CloseHandle
 0001:0004A6B8       CloseLogFile
 0001:000427B4       ClosePrinter
 0001:00058448       CloseSendDialog
 0001:000223A0       closesocket
 0001:000256C4       CloseZipFile
 0002:00007030       CmdLine
 0002:0000702C       CmdShow
 0002:0000687C       cMenuAutoFlagToItem
 0002:00006408       ColIdx
 0002:00006450       Colors
 0001:0006AA20       ColorToIdent
 0001:0006AA10       ColorToRGB
 0002:0000A990       ColWidths
 0001:00005B90       CombineRgn
 0002:0000B3E0       CommandPool
 0001:00070898       Commctrl
 0001:00097858       CommDlg
 0001:000006E0       Commit
 0002:00007494       committedRoot
 0001:00057334       CommonSaveToStream
 0001:0004C778       CompareEurekaFunctions
 0001:0008660C       CompareFront
 0001:000091B0       CompareMem
 0001:00047350       CompareModulesFunctions
 0001:000476DC       CompareProcessesFunctions
 0001:000057E8       CompareString
 0001:000091D0       CompareText
 0001:0005CC94       CompleteIP
 0001:000311AC       CompleteNumber
 0001:00042DAC       CompleteStr
 0001:00035D34       CompleteStr
 0001:0005DE64       CompleteString
 0001:00014418       ComponentCreated
 0001:0002CAC0       Compress
 0001:000270C0       compressBound
 0001:0004415C       ComputerName
 0001:0001D9F0       ComputerName
 0001:000223A8       connect
 0001:0000F00C       Consts
 0001:000707A4       Contnrs
 0002:0000B36A       ControlAtom
 0001:000831B8       Controls
 0001:0000C648       ConvertAddr
 0001:0001A78C       ConvertAddress
 0001:0000682C       ConvertAddress
 0001:0000AD30       ConvertEraString
 0001:0000903C       ConvertError
 0001:00009054       ConvertErrorFmt
 0001:00035490       ConvertNotDosText
 0001:0002DFB0       ConvertSpecialHTMLChars
 0001:0000AE9C       ConvertYearString
 0001:000041DC       CopyArray
 0001:0006DB4C       CopyBitmap
 0001:0006E20C       CopyBitmapAsMask
 0001:000062C0       CopyMemory
 0001:0006E1A8       CopyPalette
 0001:00005DC0       CopyRect
 0001:0004BCE0       CopyStrings
 0001:0008944C       CopyToBest
 0001:0000746C       CountAllLeaks
 0001:0000D264       CountChars
 0002:0000B29C       CounterLock
 0001:000529AC       CPUDialogProc
 0001:00043B5C       CPUToRTF
 0002:00001D4C       Crc16Tab
 0001:00027218       crc32
 0002:00009F74       crc_table
 0002:00001F4C       crc_table_computed
 0001:00056E78       Create8bitBitmap
 0001:0000CB30       CreateAssertException
 0001:0000CCC8       CreateAVObject
 0001:00005B98       CreateBitmap
 0001:00005BA0       CreateBrushIndirect
 0001:00005BA8       CreateCompatibleBitmap
 0001:00005BB0       CreateCompatibleDC
 0001:00014498       CreateComponent
 0001:000063A8       CreateDialog
 0001:0004E260       CreateDialogFonts
 0001:00005DC8       CreateDialogParam
 0001:00005BC0       CreateDIBitmap
 0001:00005BB8       CreateDIBSection
 0001:00009D64       CreateDir
 0001:000057F0       CreateDirectory
 0001:000057F8       CreateEvent
 0001:0004F39C       CreateExceptionReport
 0001:00005800       CreateFile
 0001:000001CC       CreateFileA
 0001:00005808       CreateFileMapping
 0001:00005BC8       CreateFont
 0001:00005BD0       CreateFontIndirect
 0001:0005EA0C       CreateGeneralText
 0001:00005BD8       CreateHalftonePalette
 0001:000487C0       CreateHTMLByLayout
 0001:0004ADEC       CreateHTMLFile
 0001:00005DD0       CreateIcon
 0001:0000CA6C       CreateInOutError
 0001:0004F680       CreateLeakReport
 0001:0005FC98       CreateLogText
 0001:00005DD8       CreateMenu
 0001:00024AE0       CreateMXQuery
 0001:00056A98       CreateOctreeNode
 0001:00005BE0       CreatePalette
 0001:00005BE8       CreatePenIndirect
 0001:00005DE0       CreatePopupMenu
 0001:00005810       CreateProcess
 0001:00005BF0       CreateRectRgn
 0001:00005BF8       CreateRectRgnIndirect
 0001:00005C00       CreateSolidBrush
 0001:0006C658       CreateSystemPalette
 0001:00048B98       CreateTemplateFile
 0001:00005818       CreateThread
 0001:0000022C       CreateThread
 0001:0004F820       CreateThreadStr
 0001:000595A4       CreateTmpLogFile
 0001:00044B20       CreateVirtualFile
 0001:00006374       CreateWindow
 0001:00005DE8       CreateWindowEx
 0001:0004AEB8       CreateXMLLogCopy
 0001:00025470       CreateZipFile
 0001:00059B7C       CreateZIPFile
 0001:000673D4       Create_EurekaLogUnitsList
 0002:0000672C       CreationControl
 0002:00000CBC       CriticalError
 0002:000063E4       CriticalExceptObject
 0002:00006724       CSHREDRAW
 0002:00006828       Ctl3DStyles
 0002:0000748C       curAlloc
 0002:0000754C       CurrencyDecimals
 0002:00007548       CurrencyFormat
 0002:00007544       CurrencyString
 0002:0000A4F0       CurrentAsmErrorLine
 0002:0000A4F8       CurrentAsmErrorText
 0002:0000A4FC       CurrentCPUErrorText
 0002:0000A590       CurrentDialog
 0001:00065DD4       CurrentEurekaLogOptions
 0002:0000A4F4       CurrentGeneralErrorText
 0002:0000A46C       CurrentOptions
 0002:0000A5A8       CurrentProcessWindowsList
 0002:0000A55C       CurrentRequestValue
 0002:000063D0       CurrentStackList
 0001:0000ABC8       CurrentYear
 0002:00006A1C       CursorMap
 0002:0000673C       Cursors
 0001:00075EF4       CursorToIdent
 0002:0000A410       CustomButtonClickNotify
 0002:0000A404       CustomDataRequest
 0002:0000A528       CustomExceptMessage
 0002:0000A40C       CustomWebFieldsRequest
 0002:0000A378       CV
 0002:00000028       cwChop
 0002:0000754D       DateSeparator
 0001:0000B7A4       DateTimeToStr
 0001:0000B718       DateTimeToString
 0001:0000A680       DateTimeToTimeStamp
 0001:0000B774       DateToStr
 0001:0000AB50       DayOfWeek
 0002:0000A5A4       DbgSection
 0002:0000644C       DDBsOnly
 0001:0008DF3C       DeallocateHWnd
 0002:00000008       DebugHook
 0002:0000A6E4       DebugHook_Assigned
 0001:0005B124       DebugToStr
 0002:0000754B       DecimalSeparator
 0001:0000AAC0       DecodeDate
 0001:0001F7A0       DecodeNameString
 0001:0000A7A8       DecodeTime
 0001:00000774       Decommit
 0001:00000D90       DecommitFree
 0002:00007468       decommittedRoot
 0001:0002D70C       Decrypt
 0001:00090890       Default
 0001:00095838       Default
 0002:00000000       Default8087CW
 0002:00006730       DefaultDockTreeClass
 0002:00006650       DefBrushData
 0002:00006420       DefFontData
 0001:00005DF0       DefFrameProc
 0001:00028050       deflate
 0001:00028314       deflateEnd
 0001:00027A64       deflateInit_
 0002:000001FC       DefLongDayNames
 0002:000001B0       DefLongMonthNames
 0001:00005DF8       DefMDIChildProc
 0002:00006630       DefPenData
 0002:000001E0       DefShortDayNames
 0002:00000180       DefShortMonthNames
 0001:00005E00       DefWindowProc
 0001:00000430       DeleteBlock
 0001:000003A0       DeleteCriticalSection
 0001:00005820       DeleteCriticalSection
 0001:00005C08       DeleteDC
 0001:00059CEC       DeleteExtraFiles
 0001:00005828       DeleteFile
 0001:00009720       DeleteFile
 0001:00000BD8       DeleteFree
 0001:00005E08       DeleteMenu
 0001:00005C10       DeleteObject
 0001:000569A4       DeleteTree
 0001:00044C8C       DeleteVirtualFile
 0001:0006D708       DeselectBitmap
 0001:00005E10       DestroyCursor
 0001:0004E4A8       DestroyDialogFonts
 0001:00005E18       DestroyIcon
 0001:00005E20       DestroyMenu
 0001:00005E28       DestroyWindow
 0002:0000A9D0       DetailsActive
 0001:000500F8       DetailsState
 0001:00005E30       DialogBoxParam
 0002:0000A9DC       DialogHeight
 0001:00097B24       Dialogs
 0002:0000A6F4       DialogType
 0002:0000668C       DIBPalSizes
 0002:00000054       dig
 0002:00000CC0       Digits
 0001:00048B74       DirectoryExists
 0001:00007F40       DisableMemoryLeaksCheck
 0001:0008DB28       DisableTaskWindows
 0001:00005E38       DispatchMessage
 0001:00093BE4       DispatchShortCut
 0001:00009020       DivMod
 0001:000978C8       Dlgs
 0001:0004DF18       DlgTemplate
 0002:000076D0       DllList
 0001:0007B37C       DoAlign
 0001:00094C40       DoAlign
 0001:0007F1B4       DoCalcConstraints
 0002:0000B394       DockSiteList
 0001:00089FDC       DoClick
 0001:0007C848       DoControlMsg
 0001:0008DAD8       DoDisableWindow
 0001:00076B68       DoDragOver
 0001:0000A840       DoEncodeDate
 0001:0000A6C0       DoEncodeTime
 0001:000090D4       DoExitProc
 0001:00080B94       DoFindControlZone
 0001:0008DC14       DoFindWindow
 0001:000810F8       DoFindZone
 0001:00080C18       DoForEach
 0001:0008248C       DoGetNextLimit
 0001:0002380C       Done
 0001:00024F14       Done
 0001:0000812C       Done
 0001:0001DD2C       Done
 0001:000691AC       Done
 0001:0008DAA0       DoneApplication
 0001:000670BC       DoneCheckFreeze
 0001:00082FE4       DoneControls
 0002:0000A4C0       DoneExcept
 0001:0006808C       DoneExceptAddr
 0001:0000D06C       DoneExceptions
 0001:0002EFD8       DoneLib
 0001:00007CCC       DoneShareMem
 0001:000920C4       DoNestedActivation
 0001:00094A90       DoPosition
 0001:0007AFE0       DoPosition
 0001:00081B0C       DoPrune
 0001:00081FBC       DoSaveZone
 0001:000821C0       DoSetNewBounds
 0002:0000030C       DotSep
 0001:00084F20       DoWrite
 0001:00011F20       DoWrite
 0001:00079D2C       DoWrite
 0001:0006D2D0       DoWrite
 0002:0000B378       DragCapture
 0002:0000B36C       DragControl
 0001:000772B4       DragDone
 0001:00076B18       DragFindTarget
 0001:00076AEC       DragFindWindow
 0002:0000B374       DragFreeObject
 0002:0000B390       DragImageList
 0001:00076F0C       DragInit
 0001:0007707C       DragInitControl
 0001:00076A70       DragMessage
 0002:0000B370       DragObject
 0002:0000B384       DragSaveCursor
 0002:0000B37C       DragStartPos
 0002:0000B388       DragThreshold
 0001:00076C38       DragTo
 0001:00095874       DrawAppIcon
 0001:00039670       DrawBmp
 0001:0003A1FC       DrawBottom
 0001:00054E40       DrawButton
 0001:00054CD4       DrawClickHere
 0001:00081670       DrawCloseButton
 0001:00054C50       DrawControl
 0001:00005E40       DrawEdge
 0001:00005E48       DrawFocusRect
 0001:0003A184       DrawFrame
 0001:00005E50       DrawFrameControl
 0001:000816C8       DrawGrabberLine
 0001:00005E58       DrawIcon
 0001:00005E60       DrawIconEx
 0002:00006860       DrawingStyles
 0001:0003A2A4       DrawItem
 0001:0003A250       DrawLine
 0001:00005E68       DrawMenuBar
 0001:0008B2D4       DrawMenuItem
 0001:00052F68       DrawSupportLink
 0001:00005E70       DrawText
 0001:0006C128       DupBits
 0002:0000A53F       DuplicatedException
 0001:00005830       DuplicateHandle
 0001:000041F4       DynArrayClear
 0001:000041FC       DynArraySetLength
 0001:0002DADC       EBase64
 0001:00019F34       EConsts
 0001:0001DD84       ECore
 0001:00022358       EDebug
 0002:00006944       EdgeStyle
 0002:00006818       EdgeStyles
 0001:00041CF8       EDisAsm
 0001:0002D800       EEncrypt
 0001:0002D4AC       EHash
 0001:0000CA40       EHeapException.FreeInstance
 0001:00023908       EHook
 0001:000359C8       ElaborateString
 0001:0002F7BC       ElaborateURL
 0001:0002F924       ElaborateWebPage
 0001:00023A18       ELang
 0001:000081EC       ELeaks
 0001:0003A8C4       EListView
 0001:00039598       ELogManager
 0001:00005E78       EmptyClipboard
 0002:00007414       EmptyParam
 0002:000000D4       EmptyStr
 0002:000003BC       EMsgs
 0001:00007DB4       EnableMemoryLeaksCheck
 0001:00005E80       EnableMenuItem
 0002:000068DC       Enables
 0001:00005E88       EnableScrollBar
 0001:0008DBDC       EnableTaskWindows
 0001:00005E90       EnableWindow
 0001:000568C8       Encode
 0001:0000A908       EncodeDate
 0002:00004BAC       EncodedChars
 0001:0000A730       EncodeTime
 0001:00059708       EncodeURL
 0001:00005E98       EndDialog
 0001:000111B0       EndGlobalLoading
 0001:00005EA0       EndPaint
 0001:00002D08       EndThread
 0001:00005838       EnterCriticalSection
 0001:00000390       EnterCriticalSection
 0001:00005840       EnumCalendarInfoA
 0002:0000B2EC       EnumDisplayMonitors
 0001:0000C294       EnumEraNames
 0001:0000C2D0       EnumEraYearOffsets
 0001:00090D10       EnumMonitorsProc
 0001:000427A4       EnumPrinters
 0001:00005848       EnumSystemLocales
 0001:00005EA8       EnumThreadWindows
 0001:00013DF8       EnumValue
 0001:00005EB0       EnumWindows
 0001:00046720       EnumWindowsProc
 0001:0004660C       EnumWindowsProc
 0001:000465B4       EnumWindowsProc
 0001:0001ECEC       Eof
 0001:00005EB8       EqualRect
 0002:00007610       EraNames
 0001:0000BA24       EraToYear
 0002:0000762C       EraYearOffsets
 0002:0000004C       errCaption
 0001:000577A8       Error
 0001:0000178C       Error
 0001:00007B94       Error
 0001:0008635C       Error
 0001:000136E0       Error
 0002:00007040       ErrorAddr
 0001:0000CAEC       ErrorHandler
 0002:00000218       ErrorMap
 0002:00007004       ErrorProc
 0002:00000B94       EShowOptions
 0001:00024F74       ESockets
 0001:000175F0       ETypes
 0002:000003B4       EurekaLogCurrentVersion
 0002:0000A558       EurekaLogList
 0001:00058058       EurekaLogSendEmail
 0002:00005EC8       EurekaLogUnits
 0002:0000A580       EurekaLogUnitsList
 0001:0004C1AC       EurekaLog_AttachedFilesRequestEvent
 0001:00064F78       EurekaLog_CallCreateThread
 0001:000647D0       EurekaLog_CallExceptObject
 0001:000650B0       EurekaLog_CallExitThread
 0001:00064680       EurekaLog_CallGeneralRaise
 0001:0006500C       EurekaLog_CallResumeThread
 0001:0004C2F4       EurekaLog_CustomButtonClickEvent
 0001:0004C108       EurekaLog_CustomDataRequestEventEx
 0001:0004C250       EurekaLog_CustomWebFieldsRequestEvent
 0001:0004BFC0       EurekaLog_ExceptionActionNotifyEvent
 0001:0004C064       EurekaLog_ExceptionErrorNotifyEvent
 0001:0004BE78       EurekaLog_ExceptionNotifyEvent
 0001:0004BF1C       EurekaLog_HandledExceptionNotifyEvent
 0001:0004BD64       EurekaLog_PasswordRequestEvent
 0001:0004BDA8       EurekaLog_PasswordRequestEventEx
 0002:0000091C       EVals
 0002:00000C54       EVariablesOptions
 0001:00034DC8       EWebTools
 0001:0000C630       ExceptAddr
 0002:00007008       ExceptClsProc
 0001:0000CF90       ExceptHandler
 0001:0000C8B4       Exception.Create
 0001:0000C8F0       Exception.CreateFmt
 0001:0000C970       Exception.CreateRes
 0001:0000C9AC       Exception.CreateResFmt
 0002:0000A3F8       ExceptionActionNotify
 0002:00007010       ExceptionClass
 0002:0000A440       ExceptionCriticalSection
 0001:0000C654       ExceptionErrorMessage
 0002:0000A3FC       ExceptionErrorNotify
 0001:000458C8       ExceptionLine
 0001:000695B4       ExceptionLog
 0001:00066490       ExceptionManager
 0002:0000A3F0       ExceptionNotify
 0002:0000A478       ExceptionNumber
 0002:0000A598       ExceptionsTime
 0002:0000A59C       ExceptionTime
 0001:000490FC       ExceptionTypeByAddr
 0002:00000250       ExceptMap
 0001:00063D34       ExceptNotify
 0001:0005AF4C       ExceptNotifyAfter1
 0001:0005B048       ExceptNotifyAfter2
 0001:0005B05C       ExceptNotifyAfter3
 0001:0000C618       ExceptObject
 0002:0000700C       ExceptObjProc
 0002:00007000       ExceptProc
 0001:00005C18       ExcludeClipRect
 0002:00007038       ExitCode
 0001:00002B04       ExitDll
 0002:0000703C       ExitProc
 0001:0000023C       ExitProcess
 0002:00000148       ExitProcList
 0001:00000234       ExitThread
 0001:00005850       ExitThread
 0001:00035370       EXMLBuilder
 0001:0001A25C       ExpandEnvVars
 0001:00009994       ExpandFileName
 0001:0004C7FC       ExportedFunctions
 0001:00097890       ExtCtrls
 0002:00006704       ExtendSelects
 0001:0004A24C       ExtractDebugData
 0001:00009880       ExtractFileDrive
 0001:0000994C       ExtractFileExt
 0001:00006530       ExtractFileName
 0001:00009914       ExtractFileName
 0001:0000984C       ExtractFilePath
 0001:000099D0       ExtractFilePathNoDrive
 0001:00066894       ExtractGZipStream
 0001:0004A828       ExtractList
 0001:00009AA4       ExtractRelativePath
 0001:00049DBC       ExtractStr
 0001:0001AC40       ExtractStringsEx
 0001:0004F1D0       ExtractThreadByList
 0001:00037034       ExtractValue
 0001:0002DC6C       EZip
 0001:0002C9B0       EZlib
 0002:0000A794       fActive
 0002:00006400       fActivePage
 0002:0000A7B0       fBigFont
 0002:0000A798       fCaptionFont
 0002:0000B354       FClipboard
 0002:0000A78C       fDlgBack
 0001:0005E1A4       FetchStr
 0002:0000A7A0       fFixedFont1
 0002:0000A7A4       fFixedFont2
 0001:000095B4       FileAge
 0001:000095AC       FileClose
 0001:00009524       FileCreate
 0001:00009CD0       FileDateToDateTime
 0001:0000961C       FileExists
 0002:00006684       FileFormats
 0002:0000704A       FileMode
 0001:000094E4       FileOpen
 0001:00009548       FileRead
 0002:00000314       FilerSignature
 0001:000095A0       FileSeek
 0001:00005858       FileTimeToDosDateTime
 0001:00005860       FileTimeToLocalFileTime
 0001:00009574       FileWrite
 0001:00000CC0       FillAfterGap
 0001:0004B044       FillAttachedList
 0001:00000C6C       FillBeforeGap
 0001:00000D58       FillerSizeAfterGap
 0001:00000CE8       FillerSizeBeforeGap
 0001:00005EC0       FillRect
 0001:00047798       FillThreadsCount
 0001:00041C5C       Finalization
 0001:0001DD30       Finalization
 0001:00097AC8       Finalization
 0001:000064B8       Finalization
 0001:00069404       Finalization
 0001:0008545C       Finalization
 0001:0002DC3C       Finalization
 0001:0002C980       Finalization
 0001:000239E8       Finalization
 0001:000977B8       Finalization
 0001:000710E4       Finalization
 0001:000710AC       Finalization
 0001:00071074       Finalization
 0001:00070418       Finalization
 0001:00070774       Finalization
 0001:000238B4       Finalization
 0001:000222BC       Finalization
 0001:00071034       Finalization
 0001:00005768       Finalization
 0001:0002D47C       Finalization
 0001:0000EACC       Finalization
 0001:00071408       Finalization
 0001:00083164       Finalization
 0001:00097EA8       Finalization
 0001:00097898       Finalization
 0001:00097780       Finalization
 0001:0008B5C0       Finalization
 0001:00034D78       Finalization
 0001:000054CC       Finalization
 0001:0003A894       Finalization
 0001:00017494       Finalization
 0001:00097748       Finalization
 0001:0000EC8C       Finalization
 0001:000175C0       Finalization
 0001:00083FCC       Finalization
 0001:000976D4       Finalization
 0001:000081B4       Finalization
 0001:00019EB0       Finalization
 0001:000084B8       Finalization
 0001:00022368       Finalization
 0001:0000ECCC       Finalization
 0001:00035340       Finalization
 0001:00097860       Finalization
 0001:0000EFDC       Finalization
 0001:0002D7D0       Finalization
 0001:00022408       Finalization
 0001:00070868       Finalization
 0001:00070FF4       Finalization
 0001:00039568       Finalization
 0001:000977F0       Finalization
 0001:00073FF0       Finalization
 0001:0002DAAC       Finalization
 0001:0000F794       Finalization
 0001:00074028       Finalization
 0001:00024F1C       Finalization
 0001:000741E0       Finalization
 0001:00097828       Finalization
 0001:00097E70       Finalization
 0002:000074F4       FinalizationProc
 0001:000041EC       FinalizeArray
 0001:00089DF0       Find
 0001:00004458       FindBS
 0001:00010BF4       FindClass
 0001:0000442C       FindClassHInstance
 0001:00009704       FindClose
 0001:0000024C       FindClose
 0001:00005868       FindClose
 0001:00000C3C       FindCommitted
 0001:00075D14       FindControl
 0001:00081300       FindControlAtPos
 0001:00077560       FindDragTarget
 0001:00059524       FindEOFLine
 0001:0002F3EC       FindErrorMessage
 0001:0005E964       FindException
 0001:00014648       FindExistingComponent
 0001:00009690       FindFirst
 0001:00000254       FindFirstFile
 0001:00005870       FindFirstFile
 0001:00047A3C       FindFullPath
 0001:0004A1AC       FindFunction
 0002:00007670       FindGlobalComponent
 0001:0008DD20       FindGlobalComponent
 0001:00042824       FindHandled
 0001:00004404       FindHInstance
 0001:00010F94       FindIdentToInt
 0001:00006FA8       FindLeakAddress
 0001:000071B8       FindLeakClassName
 0001:00006F00       FindLeakSons
 0001:000687D4       FindMainInstance
 0001:0000962C       FindMatchingFile
 0001:00046B10       FindModuleType
 0002:0000B42C       FindMsg
 0001:00013994       FindNestedComponent
 0001:000096E0       FindNext
 0001:00005878       FindNextFile
 0001:00006E5C       FindNextValidLeak
 0001:0001EE5C       FindParam
 0001:00086324       FindPopupControl
 0001:000476E4       FindProcess
 0001:00005880       FindResource
 0001:00004434       FindResourceHInstance
 0001:00097084       FindScanline
 0001:000391DC       FindSection
 0001:0002EB4C       FindSelected
 0001:0008DC78       FindTopMostWindow
 0001:00015518       FindUniqueName
 0001:0007752C       FindVCLWindow
 0001:00005EC8       FindWindow
 0001:00002988       FInitUnits
 0002:0000A7BC       FixedFontName1
 0002:0000A7C0       FixedFontName2
 0002:0000A7B4       FixedFontSize
 0002:0000A9F8       FixedTmpOptionsFile
 0001:0006DB00       FixupBitFields
 0002:00006954       Flags
 0002:00007658       FLanguages
 0001:00071438       FlatSB
 0002:0000B314       FlatSB_EnableScrollBar
 0002:0000B320       FlatSB_GetScrollInfo
 0002:0000B324       FlatSB_GetScrollPos
 0002:0000B31C       FlatSB_GetScrollRange
 0002:0000B32C       FlatSB_SetScrollInfo
 0002:0000B328       FlatSB_SetScrollPos
 0001:00071128       FlatSB_SetScrollProp
 0002:0000B330       FlatSB_SetScrollRange
 0002:0000B318       FlatSB_ShowScrollBar
 0002:0000A7A8       fLinkFont
 0002:0000A7AC       fLinkFont2
 0002:0000A938       fListViewItems
 0002:000055AC       FloatingPointOpcodes
 0001:0000E7C9       FloatToDecimal
 0001:0000E226       FloatToText
 0001:0000E4F6       FloatToTextFmt
 0001:00005888       FlushInstructionCache
 0002:0000A790       fMemoBack
 0002:0000A918       fMonitor
 0002:0000A920       fMonitorInfo
 0002:00000174       FMSecsPerDay
 0001:0000A518       FmtStr
 0002:0000696C       FocusCount
 0002:00006968       FocusMessages
 0002:000065A0       FontCharsets
 0002:0000B2B4       FontManager
 0001:000663DC       ForceApplicationTermination
 0001:0008DCF4       ForegroundTask
 0001:0000A504       Format
 0002:0000017C       Format
 0001:0000A0A4       FormatBuf
 0001:0000A098       FormatClearStr
 0001:0005E638       FormatComplete
 0001:0000B7B8       FormatDateTime
 0001:0000A02C       FormatError
 0002:0000016C       FormatErrorStrs
 0001:0000A5E0       FormatFloat
 0001:00005890       FormatMessage
 0001:00021CB8       FormatProcName
 0001:0000A084       FormatVarToStr
 0001:00097728       Forms
 0002:0000B430       FormTimeNow
 0001:00004F70       FPower10
 0002:000066D4       FPrinter
 0001:00005ED0       FrameRect
 0001:00007440       FreeAllLeaks
 0001:0000DEA0       FreeAndNil
 0001:00044690       FreeClonedObject
 0001:000009A8       FreeCommitted
 0001:00000EB0       FreeCurAlloc
 0001:00077620       FreeDeviceContext
 0001:000776DC       FreeDeviceContexts
 0001:00017420       FreeIntConstList
 0001:0000025C       FreeLibrary
 0001:00005898       FreeLibrary
 0001:0006D65C       FreeMemoryContexts
 0001:0008DE64       FreeObjectInstance
 0001:00042A94       FreeOutOfMemoryCache
 0001:000058B8       FreeResource
 0001:0005776C       FreeScreenshot
 0001:00000628       FreeSpace
 0001:0000D9D0       FreeTerminateProcs
 0001:0001607C       FreeThreadWindow
 0002:0000A504       FreezeThread
 0002:0000A91C       fSendBmp
 0002:0000A3CC       FtpOpenFile
 0001:000347A8       FTPUploadFiles
 0002:0000A79C       fVariableFont
 0001:0006C118       GDICheck
 0001:0006C070       GDIError
 0001:000527A4       GeneralDialogProc
 0001:00064460       GeneralRaise
 0001:0004335C       GeneralToRTF
 0001:00065FC0       GenerateCallStack
 0001:0005A6A0       GenerateCustomWebFieldsString
 0001:00048A50       GenerateHTML
 0001:00033BFC       GenerateMultipartBoundary
 0001:00030064       GenerateMultipartBoundary
 0001:000301B8       GenerateRequestBody
 0001:00033D2C       GenerateRequestBody
 0001:000058C0       GetACP
 0001:0005BE44       GetActiveControlClass
 0001:0005BE5C       GetActiveControlText
 0001:0005BD64       GetActiveFormClass
 0001:0005BDB0       GetActiveFormText
 0001:0004F888       GetActiveMonitorData
 0001:00005ED8       GetActiveWindow
 0001:0005CDD0       GetAdapterInfo
 0001:00047764       GetAllocatedMemory
 0001:00095114       GetAnimation
 0001:0005C960       GetApplicationName
 0001:00046684       GetApplicationRect
 0001:0005BD44       GetApplicationUpTime
 0001:00022B70       GetAsmSize
 0001:0004DD14       GetBaseOfStack
 0001:00005C20       GetBitmapBits
 0001:000003A8       GetBlockDesc
 0001:00054DB8       GetBottonWidth
 0001:00005C28       GetBrushOrgEx
 0001:00006344       GetBValue
 0001:0004DBF0       GetCallStackByAddresses
 0001:000455B4       GetCallStackDump
 0001:00005EE0       GetCapture
 0001:00075F9C       GetCaptureControl
 0001:00010B44       GetClass
 0001:00005EE8       GetClassInfo
 0001:00005EF0       GetClassName
 0001:00005EF8       GetClientRect
 0001:00005C30       GetClipBox
 0001:00000344       GetCmdShow
 0001:00084170       GetColor
 0001:0003A714       GetColumnAlign
 0001:0003A6E8       GetColumnCount
 0001:00000264       GetCommandLine
 0001:000058D0       GetCommandLine
 0001:000007F4       GetCommitted
 0001:00000884       GetCommittedAt
 0001:0005E07C       GetCompanyName
 0001:0005BCE8       GetCompilationDate
 0001:00042E34       GetCompleteTimeStr
 0001:000058D8       GetComputerName
 0001:0007C38C       GetControlAtPos
 0001:00063838       GetControlClass
 0001:00063890       GetControlText
 0001:0000AC8C       GetCount
 0001:000058C8       GetCPInfo
 0001:0002CA5C       GetCRC16
 0001:0002CA14       GetCRC32
 0001:00009D3C       GetCurrentDir
 0001:000058E0       GetCurrentDirectory
 0001:00005C38       GetCurrentObject
 0001:00005C40       GetCurrentPositionEx
 0001:0005E45C       GetCurrentPrinterHandle
 0001:000058E8       GetCurrentProcess
 0001:000058F0       GetCurrentProcessId
 0001:00066488       GetCurrentStackPointer
 0001:0004DD1C       GetCurrentStackPointer
 0001:000058F8       GetCurrentThread
 0001:00004AC0       GetCurrentThreadId
 0001:00005900       GetCurrentThreadId
 0001:000062B8       GetCurrentTime
 0001:000446B0       GetCurrentTopOfStack
 0001:0005DEA4       GetCurrentUserPrivileges
 0001:00005F00       GetCursor
 0001:00097094       GetCursorHeightMargin
 0001:00005F08       GetCursorPos
 0001:00006D34       GetDataCaller
 0001:0000ACB8       GetDate
 0001:00005908       GetDateFormat
 0001:0000B948       GetDateOrder
 0001:00005F10       GetDC
 0001:00005F18       GetDCEx
 0001:00005C48       GetDCOrgEx
 0001:0004D60C       GetDebugDetail
 0001:0005B1C4       GetDebugInfoEx
 0001:0004A544       GetDebugInfosByAddr
 0001:00049F98       GetDebugPartialInfo
 0001:0005E238       GetDefaultPrinter
 0001:00070024       GetDefFontCharSet
 0001:00005F20       GetDesktopWindow
 0001:00005C60       GetDeviceCaps
 0001:00052BB4       GetDialogState
 0001:0006D060       GetDIB
 0001:00005C50       GetDIBColorTable
 0001:00005C58       GetDIBits
 0001:0006CFA8       GetDIBSizes
 0001:0006C288       GetDInColors
 0001:00005910       GetDiskFreeSpaceA
 0002:00000144       GetDiskFreeSpaceEx
 0001:0005C724       GetDiskInfo
 0001:0005DDB8       GetDisplayDPI
 0001:0005CBF4       GetDisplayMode
 0001:00005F28       GetDlgItem
 0001:000246E0       GetDNSList
 0001:0008254C       GetDockAlign
 0001:000768C4       GetDockSiteAtPos
 0001:0002489C       GetDomain
 0001:00024A08       GetDomainName
 0001:00076BA4       GetDropCtl
 0001:0005F980       GetDump
 0001:000020EC       GetDynaMethod
 0001:0005F6C0       GetEAX
 0001:0005F718       GetEBX
 0001:0005F770       GetECX
 0001:0005F878       GetEDI
 0001:00054EA8       GetEditText
 0001:0005F7C8       GetEDX
 0001:0004C5AC       GetEF
 0001:00040678       GetEffectiveAddress
 0001:0005F928       GetEIP
 0001:0005FBF0       GetEmptySection
 0001:0000F04C       GetEnumName
 0001:0000F12C       GetEnumNameValue
 0001:0000F178       GetEnumValue
 0001:00005918       GetEnvironmentVariable
 0001:0001A1F0       GetEnvVariable
 0001:0000C348       GetEraNamesAndYearOffsets
 0001:0000B9D0       GetEraYearOffset
 0001:0005F820       GetESI
 0001:0005F8D0       GetESP
 0001:000455A4       GetESP
 0001:0004CCA4       GetEurekaLogModuleVersion
 0001:0005C058       GetExceptionAddress
 0001:0000CCB4       GetExceptionClass
 0001:0005C040       GetExceptionDate
 0001:0005C530       GetExceptionMessage
 0001:0005C08C       GetExceptionModuleName
 0001:0005C14C       GetExceptionModuleVersion
 0001:0000CE94       GetExceptionObject
 0001:0005C1C0       GetExceptionType
 0001:0004DE28       GetExceptMessage
 0001:00005920       GetExitCodeProcess
 0001:00005928       GetExitCodeThread
 0001:00010C14       GetFieldClass
 0001:00010ACC       GetFieldClassTable
 0001:0002E3EC       GetFieldValue
 0001:00005930       GetFileAttributes
 0001:00033CC0       GetFileContents
 0001:0002F380       GetFileContents
 0001:0004731C       GetFileSize
 0001:000001DC       GetFileSize
 0001:0003476C       GetFileSize
 0001:000254C8       GetFileSize
 0001:000001D4       GetFileType
 0001:0005D29C       GetFileVersionEx
 0001:00005B70       GetFileVersionInfo
 0001:00005B78       GetFileVersionInfoSize
 0001:00005F30       GetFocus
 0001:0006AC48       GetFontData
 0001:00005F38       GetForegroundWindow
 0001:0000D594       GetFormatSettings
 0001:000068A4       GetFramesCallStackDump
 0001:0005C808       GetFreeDisk
 0001:0005C694       GetFreeMemory
 0001:00005938       GetFullPathName
 0001:0005B48C       GetFunctionAsm
 0001:00022CA8       GetFunctionSize
 0001:0001AF08       GetGMT
 0001:00006340       GetGValue
 0001:00005940       GetHandleInformation
 0001:0006A29C       GetHashCode
 0001:00094F00       GetHint
 0001:00094F30       GetHintControl
 0001:000223D8       gethostbyname
 0001:000223E0       gethostname
 0001:0008B460       GetHotkey
 0001:00034000       GetHTTPResponse
 0001:0002F9DC       GetHTTPResponse
 0001:00005F40       GetIconInfo
 0001:00021FD8       GetImageNtHeaders
 0001:0005D490       GetIndexKeyName
 0001:0006412C       GetIntraWebExceptionType
 0001:00039648       GetItemRect
 0001:00051AD4       GetItemText
 0001:00005F58       GetKeyboardLayout
 0001:00005F60       GetKeyboardLayoutList
 0001:00005F68       GetKeyboardState
 0001:00001D7C       GetKeyboardType
 0001:00005F48       GetKeyNameText
 0001:00005F50       GetKeyState
 0001:0005BFF4       GetLanguageString
 0001:00005F70       GetLastActivePopup
 0001:0000026C       GetLastError
 0001:00005948       GetLastError
 0001:00006F5C       GetLeakCount
 0001:0002ED5C       GetListDefault
 0001:0002E9D8       GetListValue
 0001:0000C10C       GetLocaleChar
 0001:0005BEC8       GetLocaleDataA
 0001:0005BE88       GetLocaleDataW
 0001:00005968       GetLocaleInfo
 0001:00000274       GetLocaleInfo
 0001:00005958       GetLocaleInfoA
 0001:00005960       GetLocaleInfoW
 0001:0000C0C0       GetLocaleStr
 0001:00005950       GetLocalTime
 0001:00075F58       GetLongHint
 0001:0001A868       GetLongNameFromShort
 0001:0000F3D0       GetLongStrProp
 0001:000465EC       GetMainWindow
 0001:00005C68       GetMapMode
 0001:0002D37C       GetMD5
 0001:00001748       GetMemoryManager
 0001:00005F78       GetMenu
 0001:00092A30       GetMenuHelpContext
 0001:00005F80       GetMenuItemCount
 0001:00005F88       GetMenuItemID
 0001:00005F90       GetMenuItemInfo
 0001:0008871C       GetMenuSize
 0001:00005F98       GetMenuState
 0001:00005FA0       GetMenuString
 0001:0000F6E0       GetMethodProp
 0001:0001A7C4       GetModifiedDate
 0001:0002536C       GetModifiedDate
 0001:00046EDC       GetModuleDescriptionAndVersion
 0001:0000562C       GetModuleFileName
 0001:0000027C       GetModuleFileName
 0001:00005970       GetModuleFileName
 0001:00000284       GetModuleHandle
 0001:00005978       GetModuleHandle
 0001:00005634       GetModuleHandle
 0001:00046CD0       GetModulePath
 0001:00046DAC       GetModuleSize
 0001:0004764C       GetModulesList
 0001:000474BC       GetModulesWin9X
 0001:00047358       GetModulesWinNT
 0001:00046E3C       GetModuleVer
 0001:0004B168       GetModule_ProcedureEvent
 0002:0000B2E8       GetMonitorInfo
 0002:0000B2E0       GetMonitorInfoA
 0002:0000B2E4       GetMonitorInfoW
 0001:0004FAF0       GetMonitorWorkAreaFromActiveWnd
 0001:0004FACC       GetMonitorWorkAreaFromWnd
 0001:0004F9E4       GetMonitorWorkAreaFromWndEx
 0001:0000C170       GetMonthDayNames
 0001:00024C08       GetMXBestRecord
 0001:00024B68       GetMXRecord
 0001:00024CF8       GetMXServerFromEmail
 0001:0005D118       GetNetworkData
 0001:00005FA8       GetNextWindow
 0001:0005E1D8       GetNTDefPrinter
 0001:00005C70       GetObject
 0001:00006D48       GetObjectCaller
 0001:00056E08       GetOptimizedPalette
 0001:0002EC38       GetOptionsDefault
 0001:00007B50       GetOptionsFromExeFile
 0001:0002E7D8       GetOptionsValue
 0001:0000F1F8       GetOrdProp
 0001:00045190       GetOSBuild
 0001:0005C028       GetOSCharset
 0001:0005C01C       GetOSLanguage
 0001:00044EAC       GetOSType
 0001:0005BE74       GetOSUpdate
 0001:00042A78       GetOutOfMemoryCache
 0001:000569E0       GetPaletteColors
 0001:00005C78       GetPaletteEntries
 0001:0005BC44       GetParameters
 0001:00001904       GetParamStr
 0001:00005FB0       GetParent
 0001:0008E0B0       GetParentForm
 0001:0004CFD0       GetPassword
 0001:00005C80       GetPixel
 0001:000427BC       GetPrinterDriver
 0001:0005E4D0       GetPrinterStr
 0001:00005980       GetPriorityClass
 0001:00005988       GetPrivateProfileString
 0001:00005990       GetProcAddress
 0001:0000028C       GetProcAddress
 0001:00047F40       GetProcessesList
 0001:0005CA14       GetProcessor
 0001:00047288       GetProcessThreads
 0001:0001A358       GetProfileFolder
 0001:00005998       GetProfileString
 0001:00005FB8       GetProp
 0001:0000F18C       GetPropInfo
 0001:0000691C       GetRawCallStackDump
 0001:00007AB4       GetRawOptions
 0001:000065AC       GetReadableSize
 0001:0001A6EC       GetReadableSize
 0001:0004A954       GetRealFileName
 0001:0008E570       GetRealScrollPosition
 0001:00040020       GetRefAddress
 0001:00040180       GetRegName
 0001:00007A6C       GetResourceData
 0001:000491E0       GetResourceData
 0001:00084150       GetRGBColor
 0001:0000633C       GetRValue
 0001:00005FC0       GetScrollInfo
 0001:00005FC8       GetScrollPos
 0001:00005FD0       GetScrollRange
 0001:00075F14       GetShortHint
 0001:0000F2C8       GetShortStrProp
 0001:0000F360       GetShortStrPropAsLongStr
 0001:00049528       GetSourceInfoByAddr
 0001:0000054C       GetSpace
 0001:000005B0       GetSpaceAt
 0001:000863B4       GetSpecialName
 0001:0005FB60       GetStack
 0001:0005C948       GetStartDate
 0001:00000294       GetStartupInfo
 0001:000059A0       GetStartupInfo
 0001:000001E4       GetStdHandle
 0001:00005C88       GetStockObject
 0001:0000F588       GetStrProp
 0001:00005FD8       GetSubMenu
 0001:00049C5C       GetSymbolAddr
 0001:00005FE0       GetSysColor
 0001:000059A8       GetSystemDefaultLangID
 0001:000059B0       GetSystemInfo
 0001:00005FE8       GetSystemMenu
 0002:0000B2D0       GetSystemMetrics
 0001:00005FF0       GetSystemMetrics
 0001:00005C90       GetSystemPaletteEntries
 0001:000059B8       GetSystemTime
 0001:0005CBB8       GetSystemUpTime
 0001:0002E1A0       GetTagValue
 0001:000059C0       GetTempPath
 0001:0002E5CC       GetTextAreaValue
 0001:00005C98       GetTextExtentPoint32
 0001:0004EA88       GetTextHeight
 0001:00005CA0       GetTextMetrics
 0001:0004EBE0       GetTextWidth
 0001:000059C8       GetThreadContext
 0001:0004F26C       GetThreadData
 0001:000059D0       GetThreadLocale
 0001:0000029C       GetThreadLocale
 0001:000640B4       GetThreadParams
 0001:000059D8       GetThreadPriority
 0001:000059E0       GetTickCount
 0001:0000ACF0       GetTime
 0001:000057A0       GetTokenInformation
 0001:00095624       GetTopMostWindows
 0001:000455AC       GetTopOfStack
 0001:000760A4       GetTopParent
 0001:00005FF8       GetTopWindow
 0001:0005C8A8       GetTotalDisk
 0001:0005C604       GetTotalMemory
 0001:0000F040       GetTypeData
 0001:0005E068       GetUserEmail
 0001:000057A8       GetUserName
 0001:0001A414       GetUserPath
 0001:00030128       GetValueFromIndex
 0001:000059E8       GetVersion
 0001:000059F0       GetVersionEx
 0001:000472C0       GetVersionNumber
 0001:0005D660       GetVideoCardStr
 0001:00022774       GetVirtualMethod
 0001:0000F464       GetWideStrProp
 0001:0000F4E4       GetWideStrPropAsLongStr
 0001:00006000       GetWindow
 0001:00046458       GetWindowClassName
 0001:00006008       GetWindowDC
 0001:00006010       GetWindowLong
 0001:00005CA8       GetWindowOrgEx
 0001:00006018       GetWindowPlacement
 0001:00006020       GetWindowRect
 0001:000059F8       GetWindowsDirectory
 0001:00006028       GetWindowText
 0001:00006030       GetWindowThreadProcessId
 0001:0001B144       GetWorkingFile
 0001:00005A00       GlobalAddAtom
 0001:00005A08       GlobalAlloc
 0001:000062D4       GlobalAllocPtr
 0001:00005A10       GlobalDeleteAtom
 0002:00007684       GlobalFixupList
 0001:00013ADC       GlobalFixupReferences
 0001:00005A18       GlobalFree
 0001:00006300       GlobalFreePtr
 0001:00005A28       GlobalHandle
 0001:00005A20       GlobalLock
 0001:00005A30       GlobalMemoryStatus
 0002:0000766C       GlobalNameSpace
 0001:00005A38       GlobalReAlloc
 0001:000062E4       GlobalReAllocPtr
 0002:0000ADF8       GlobalSendValues
 0001:00005A40       GlobalUnlock
 0002:0000A770       Global_AttachedFiles
 0002:0000A717       Global_CloseDialog
 0002:0000A764       Global_CurrentEvent
 0002:0000A778       Global_DataFields
 0002:0000A73C       Global_ExceptionRecord
 0002:0000A714       Global_Execute
 0002:0000A715       Global_Handled
 0002:000063F8       Global_IntoHandleException
 0002:0000A780       Global_IntraWebText
 0002:0000A76C       Global_LastInitPassword
 0002:0000A77C       Global_Module
 0002:0000A768       Global_Password
 0002:0000A716       Global_Retry
 0002:0000A774       Global_WebFields
 0002:0000A784       Global_WebTextID
 0001:000642F4       GoNotify
 0001:000704EC       Graphics
 0002:000053EC       GroupsOpcodes
 0002:0000552C       GroupsOperands
 0001:00067F88       HandleAnyExceptionAddr
 0002:0000A47C       HandleAnyExceptionAddr_Variable
 0001:00007494       HandleAnyLeak
 0001:0006802C       HandleAutoExceptionAddr
 0002:0000A484       HandleAutoExceptionAddr_Variable
 0001:0003A10C       HandleBackgroundState
 0002:0000A5DC       HandledCache
 0002:0000A5D8       HandledCacheCount
 0002:0000A6CC       HandledCacheCriticalSection
 0002:0000A3F4       HandledExceptionNotify
 0001:00006D0C       HandleError
 0001:00014D10       HandleException
 0001:00067FD4       HandleOnExceptionAddr
 0002:0000A480       HandleOnExceptionAddr_Variable
 0001:0004641C       HasWindowASize
 0002:00000004       HeapAllocFlags
 0002:00007434       heapErrorCode
 0002:00007438       heapLock
 0002:0000B428       HelpMsg
 0002:00000140       HexDisplayPrefix
 0002:000074DC       HInstance
 0002:0000B3FC       HintDoneEvent
 0001:00095000       HintGetMsgHook
 0002:0000B400       HintHook
 0001:00094FA4       HintMouseThread
 0002:0000B404       HintThread
 0002:0000B3F8       HintThreadID
 0001:00094F50       HintTimerProc
 0002:00006964       HintWindowClass
 0001:000062B4       HiWord
 0001:0004C510       HookBPLProcedureByAddr
 0001:0004C584       HookBPLProcedureBySymbol
 0001:0002339C       HookDllProcedure
 0001:000650D0       HookedCreateThread
 0001:00064920       HookedExceptionObject
 0001:00064AF0       HookedExceptProc
 0001:00065548       HookedExitThread
 0001:00065638       HookedHttpExtensionProc
 0002:000076D4       HookedMethodsList
 0002:000076CC       HookedProcedures
 0001:000647B0       HookedRaise
 0001:0006532C       HookedResumeThread
 0001:00064D14       HookedRTLThreadProc
 0001:00064A38       HookedRtlUnwind
 0001:00064BBC       HookedThreadExecute
 0001:00064E44       HookedThreadProc
 0001:00065604       HookedWriteClientProc
 0001:00064A60       HookedWriteFile
 0001:000665CC       Hooked_CGIHandleServerException_D5Down
 0001:00066D24       Hooked_DoneExcept
 0001:00066CF4       Hooked_IndyThreadHandleException
 0001:000666E0       Hooked_IntraWebCreateServer
 0001:000669DC       Hooked_IntraWebSendResponse
 0001:000665FC       Hooked_ISAPIHandleServerException_D5Down
 0001:00066C40       Hooked_NTServiceLogMessage
 0001:0006662C       Hooked_VCLHandleException
 0001:000666A0       Hooked_VCLShowException
 0001:00095044       HookHintHooks
 0001:000687A4       HookingModuleName
 0001:000687C8       HookingRTLModuleName
 0001:00068218       HookLastFInit
 0001:000681FC       HookLastInit
 0001:00022F84       HookProcedure
 0001:00023098       HookProcedureEx
 0001:0004C478       HookSymbolProcedure
 0001:000227C0       HookVirtualMethod
 0001:00068228       Hook_InitializationAndFinalization
 0001:000683C8       Hook_OnExceptionEvents
 0001:00058484       HostName
 0002:00003A68       HTMLChars
 0002:00003768       HTMLDelimiters
 0001:000223B0       htons
 0002:0000A3A8       HttpAddRequestHeaders
 0002:0000A3B8       HttpEndRequest
 0002:0000A3A4       HttpOpenRequest
 0002:0000A3BC       HttpQueryInfo
 0002:0000A3AC       HttpSendRequest
 0002:0000A3B0       HttpSendRequestEx
 0001:000342B4       HTTPUploadFiles
 0001:000063C0       HwndMSWheel
 0002:000068F8       IBreaks
 0002:00006904       IChecks
 0002:00006410       IDATHeader
 0001:00056880       IDATWrite
 0002:0000A708       IDC_CURSOR
 0002:0000690C       IDefaults
 0001:0006AC38       IdentToCharset
 0001:0006AA30       IdentToColor
 0001:00075F04       IdentToCursor
 0001:00011018       IdentToInt
 0002:00006914       IEnables
 0001:00042BFC       ifelseStr
 0001:0008941C       IfHotkeyAvailable
 0001:00042C74       ifStr
 0002:0000641C       iLevel
 0001:00039900       ImageList_Add
 0001:000707C4       ImageList_Add
 0001:000707E4       ImageList_AddIcon
 0001:00070808       ImageList_BeginDrag
 0001:000707AC       ImageList_Create
 0001:000398F8       ImageList_Create
 0001:000707B4       ImageList_Destroy
 0001:00039908       ImageList_Destroy
 0001:00070818       ImageList_DragEnter
 0001:00070820       ImageList_DragLeave
 0001:00070828       ImageList_DragMove
 0001:00070838       ImageList_DragShowNolock
 0001:000707F0       ImageList_Draw
 0001:000707F8       ImageList_DrawEx
 0001:00070810       ImageList_EndDrag
 0001:000707DC       ImageList_GetBkColor
 0001:00070840       ImageList_GetDragImage
 0001:00070858       ImageList_GetIconSize
 0001:000707BC       ImageList_GetImageCount
 0001:00070848       ImageList_Read
 0001:00070800       ImageList_Remove
 0001:000707CC       ImageList_ReplaceIcon
 0001:000707D4       ImageList_SetBkColor
 0001:00070830       ImageList_SetDragCursorImage
 0001:00070860       ImageList_SetIconSize
 0001:00070850       ImageList_Write
 0002:00006870       Images
 0001:0008548C       ImgList
 0001:00071064       Imm
 0002:0000684C       IMM32DLL
 0001:00082FD0       Imm32IsIME
 0001:0005B32C       ImmidiateDataProc
 0002:00000178       IMSecsPerDay
 0002:0000A57C       InactiveThreads
 0001:0001D804       IncludeLastBackslash
 0002:0000A5AC       IndyHooked
 0002:0000A4BC       IndyThread_HandleException
 0002:0000A4A0       Indy_OnException
 0001:00029478       inflate
 0001:0002A330       inflateEnd
 0001:00025098       InflateInit
 0001:00029240       inflateInit_
 0001:00006038       InflateRect
 0001:000290B8       inflateReset
 0001:0001A494       IniDir
 0001:00007F60       Init
 0001:0006899C       Init
 0001:00024F0C       Init
 0001:0001DD20       Init
 0001:000237D8       Init
 0001:00000A34       InitAllocator
 0001:000708A0       InitAnApi
 0002:0000B2F8       InitApis
 0001:00067010       InitCheckFreeze
 0001:00011224       InitComponent
 0002:000074A4       InitContext
 0001:00083058       InitControls
 0001:0008DDA0       InitCtl3D
 0001:00070068       InitDefFontData
 0001:00056784       InitDeflate
 0001:0000D9F0       InitDriveSpacePtr
 0001:0000CFA0       InitExceptions
 0001:00071184       InitFlatSB
 0001:00097974       InitGlobals
 0001:0006CE60       InitializeBitmapInfoHeader
 0001:00005A48       InitializeCriticalSection
 0001:00000388       InitializeCriticalSection
 0002:00007430       initialized
 0002:000063D8       Initialized
 0002:00000EEC       Initialized
 0001:0007115C       InitializeFlatSB
 0001:000056E8       InitializeModule
 0001:00082C70       InitIMM32
 0001:000112CC       InitInheritedComponent
 0001:0002D66C       InitKey
 0001:0002EFF0       InitLib
 0001:00070F88       InitMultiMonStubs
 0001:0000D0D8       InitPlatformId
 0002:00007034       InitProc
 0001:0006FFEC       InitScreenLogPixels
 0001:00056FC0       InitScreenshot
 0001:00007BD8       InitShareMem
 0001:0000D4DC       InitSysLocale
 0001:00005654       InitThreadTLS
 0001:000029E8       InitUnits
 0001:00075C5C       InitWndProc
 0002:000067F8       InnerStyles
 0002:00007050       Input
 0001:00094A30       InsertBefore
 0001:0007AF80       InsertBefore
 0001:0004FB68       InsertColumn
 0001:00000E28       InsertFree
 0001:0004297C       InsertHandled
 0001:000894D0       InsertHotkeyFarEastFormat
 0001:00006040       InsertMenu
 0001:00006048       InsertMenuItem
 0002:00007528       InstallNewMemoryManager
 0001:000687BC       InstanceModuleName
 0002:0000B3F0       InstBlockList
 0002:0000B3F4       InstFreeList
 0002:00007680       IntConstList
 0002:0000670C       IntegralHeights
 0001:0000033C       InterlockedDecrement
 0001:000058A0       InterlockedDecrement
 0001:000058A8       InterlockedExchange
 0001:00000334       InterlockedIncrement
 0001:000058B0       InterlockedIncrement
 0001:00023B9C       InternalCleanup
 0001:00045A4C       InternalCriticalError
 0001:0000A97C       InternalDecodeDate
 0001:0006A228       InternalDeletePalette
 0002:0000A550       InternalErrorCode
 0002:0000A554       InternalErrorMsg
 0001:00062548       InternalExceptNotify
 0001:0004815C       InternalFileExists
 0001:00000C9C       InternalFreeMem
 0001:0006CFB0       InternalGetDIB
 0001:0006CF44       InternalGetDIBSizes
 0002:000076B8       InternalIntoIDE
 0001:0001109C       InternalReadComponentRes
 0001:000577B4       InternalSendMail
 0001:00023B6C       InternalStartup
 0001:000072D4       Internal_AddLeak
 0001:000677A4       Internal_AddLeak
 0001:00067ED4       Internal_Finalization
 0001:00067EBC       Internal_MultiFreeProc
 0001:00067EA4       Internal_OverrunProc
 0001:00067450       Internal_ResetLeaks
 0001:000072C0       Internal_ResetLeaks
 0001:00067924       Internal_ShowLeaks
 0001:00007384       Internal_ShowLeaks
 0002:0000A3C0       InternetCloseHandle
 0002:0000A3A0       InternetConnect
 0002:0000A3DC       InternetGetConnectedState
 0002:0000A3D0       InternetGetLastResponseInfo
 0002:0000A39C       InternetOpen
 0002:0000A3D4       InternetOpenUrl
 0002:0000A3C4       InternetQueryOption
 0002:0000A3D8       InternetReadFile
 0002:0000A3C8       InternetSetOption
 0002:0000A3B4       InternetWriteFile
 0001:00005CB0       IntersectClipRect
 0001:00006050       IntersectRect
 0002:0000A4D5       IntoFinalization
 0001:0001AF48       IntoIDE
 0002:0000A4D4       IntoInitialization
 0002:0000A4DC       IntraWebApplication
 0002:0000A4E4       IntraWebCompressedPage
 0002:0000A4E0       IntraWebServerController
 0001:000682E8       IntraWeb_BPL
 0002:0000A494       IntraWeb_CreateServer
 0002:0000A4EC       IntraWeb_NewEvent
 0001:00064290       IntraWeb_OnExceptionEvent
 0001:00064210       IntraWeb_OnExceptionEvent_New
 0001:00064188       IntraWeb_OnExceptionEvent_Old
 0002:0000A49C       IntraWeb_OnException_New
 0002:0000A498       IntraWeb_OnException_Old
 0002:0000A4AC       IntraWeb_SendResponse
 0002:0000A4A8       IntraWeb_ShowMessage
 0002:0000A4E8       IntraWeb_Version
 0001:00009414       IntToHex
 0001:00009450       IntToHex
 0001:00011058       IntToIdent
 0001:000093E0       IntToStr
 0001:000093B0       IntToStr
 0001:00006058       InvalidateRect
 0001:00006060       InvalidateRgn
 0001:0006C004       InvalidBitmap
 0001:0006BFEC       InvalidGraphic
 0001:0006C010       InvalidIcon
 0001:0006BFD4       InvalidOperation
 0002:00007654       InvalidPointer
 0001:00001FA4       InvokeImplGetter
 0001:000223B8       ioctlsocket
 0001:000018AC       IOResult
 0002:00006934       IOwnerDraw
 0002:0000691C       IRadios
 0002:0000692C       IRTL
 0001:0008E040       IsAccel
 0001:0008A590       IsAccelChar
 0001:00006E6C       IsALeakChild
 0001:00046708       IsANewProcessWindow
 0001:00044928       IsAParent
 0001:00044818       IsAParentClassStr
 0001:00006760       IsAParentClassStr
 0001:000449EC       IsAParentClassStr_Unsafe
 0001:00044998       IsAParents
 0001:00044900       IsAParentStr
 0001:00044ACC       IsAParentStr_Unsafe
 0002:0000A4C4       ISAPIHandleException_D5Down
 0002:0000A430       ISAPI_HttpExtensionProc
 0002:0000A438       ISAPI_Proc
 0002:000063C4       ISAPI_SendError
 0002:0000A434       ISAPI_WriteClientProc
 0001:000464A4       IsApplicationWindow
 0001:00005A50       IsBadReadPtr
 0001:0007667C       IsBeforeTargetWindow
 0001:000622C0       IsBorlandThread
 0001:00048128       IsCGI
 0001:00006068       IsChild
 0001:0005E8CC       IsCompatibleException
 0001:0004462C       IsCompatibleVersion
 0001:000490E8       IsCompiledWithPackages
 0001:00007D9C       IsCompiledWithPackages
 0002:00007048       IsConsole
 0001:000466F0       IsCurrentProcessWindow
 0001:0004452C       IsDebugged
 0001:0001ED00       IsDecDigit
 0001:00045590       IsDelphiException
 0001:00076AC8       IsDelphiHandle
 0001:00006070       IsDialogMessage
 0002:0000A9D8       IsDialogShowed
 0001:0002E10C       IsEnd
 0002:00006924       ISeparators
 0001:0000ECC4       IsEqualIID
 0001:00066480       IsEurekaLogActive
 0001:00066420       IsEurekaLogActiveInThread
 0001:0004CC70       IsEurekaLogCompatibleModule
 0001:00065DCC       IsEurekaLogInstalled
 0001:0004CC4C       IsEurekaLogModule
 0001:0004CBBC       IsEurekaLogModule_New
 0001:0004CAA4       IsEurekaLogModule_Old
 0001:0004C5BC       IsExceptionHandled
 0001:0001B128       IsFileOK
 0002:0000A6F5       IsFilterDialog
 0001:0004839C       IsGUI
 0001:00063CC0       IsHandledSafeCallException
 0001:00066814       IsHTMLPage
 0001:00006078       IsIconic
 0001:0008A5EC       IsInitialChar
 0001:00007988       IsIntoIDE
 0001:00048364       IsIntraWeb
 0001:00048328       IsISAPI
 0001:0000A804       IsLeapYear
 0002:00007028       IsLibrary
 0001:0004908C       IsLocalStorageProc
 0001:000622B0       IsMainThread
 0001:00046514       IsMainWindow
 0001:00044AE8       IsManageableObject
 0002:00007530       IsMMHost
 0001:00046A34       IsModuleLibrary
 0002:00007049       IsMultiThread
 0001:00006574       IsObjectCreation
 0001:0004E73C       ISODateTime
 0001:0001B0CC       IsReadableFile
 0001:0002F364       IsRealFile
 0001:00006080       IsRectEmpty
 0001:000490DC       IsRTLCompiledWithStackFrames
 0001:00076880       IsSiteChildOfClient
[...]
 14966 0001:00065891 14967 0001:00065899 14968 0001:000658A7 14970 0001:000658B5
 14971 0001:000658C1 14972 0001:000658DC 14973 0001:000658E6 14968 0001:000658E7
 14975 0001:000658F7 14978 0001:00065922 14981 0001:0006592C 14982 0001:00065937
 14983 0001:0006593E 14984 0001:0006594C 14985 0001:00065963 14990 0001:00065968
 14991 0001:0006596C 14992 0001:00065981 14993 0001:00065988 14999 0001:0006598C
 15000 0001:00065993 15001 0001:0006599C 15002 0001:0006599E 15003 0001:000659AA
 15004 0001:000659B5 15005 0001:000659C1 15006 0001:000659CA 15011 0001:000659D0
 15012 0001:000659D7 15013 0001:000659DF 15014 0001:000659ED 15015 0001:000659FC
 15017 0001:00065A18 15019 0001:00065A28 15024 0001:00065A2C 15027 0001:00065A33
 15028 0001:00065A39 15029 0001:00065A4C 15030 0001:00065A54 15031 0001:00065A57
 15036 0001:00065A5C 15039 0001:00065A63 15040 0001:00065A69 15041 0001:00065A7C
 15042 0001:00065A84 15043 0001:00065A87 15048 0001:00065A8C 15051 0001:00065A93
 15052 0001:00065A99 15053 0001:00065AAB 15054 0001:00065AB3 15055 0001:00065AB6
 15058 0001:00065ABC 15059 0001:00065AC2 15060 0001:00065ACB 15064 0001:00065AD0
 15065 0001:00065AD8 15069 0001:00065ADC 15070 0001:00065AE4 15074 0001:00065AE8
 15075 0001:00065AF0 15079 0001:00065AF4 15080 0001:00065AFC 15083 0001:00065B00
 15084 0001:00065B07 15085 0001:00065B13 15086 0001:00065B21 15087 0001:00065B28
 15088 0001:00065B37 15093 0001:00065B3C 15094 0001:00065B44 15095 0001:00065B4C
 15098 0001:00065B5A 15099 0001:00065B61 15101 0001:00065B65 15103 0001:00065B7B
 15104 0001:00065B85 15106 0001:00065B86 15099 0001:00065B87 15109 0001:00065B98
 15111 0001:00065BA8 15115 0001:00065BAC 15116 0001:00065BB6 15117 0001:00065BBA
 15118 0001:00065BC5 15119 0001:00065BD3 15120 0001:00065BE4 15122 0001:00065C08
 15124 0001:00065C1E 15127 0001:00065C24 15128 0001:00065C25 15130 0001:00065C47
 15131 0001:00065C60 15135 0001:00065C64 15136 0001:00065C73 15137 0001:00065C7E
 15138 0001:00065C8C 15139 0001:00065C98 15141 0001:00065CBA 15143 0001:00065CCD
 15150 0001:00065CD4 15151 0001:00065CD8 15152 0001:00065CE1 15151 0001:00065CEA
 15153 0001:00065CED 15154 0001:00065CF4 15160 0001:00065CF8 15161 0001:00065CFE
 15163 0001:00065D07 15164 0001:00065D12 15165 0001:00065D1B 15168 0001:00065D20
 15169 0001:00065D2B 15170 0001:00065D32 15171 0001:00065D49 15174 0001:00065D4C
 15175 0001:00065D52 15176 0001:00065D5B 15185 0001:00065D60 15186 0001:00065D63
 15187 0001:00065D81 15189 0001:00065D84 15191 0001:00065D9C 15193 0001:00065DA1
 15194 0001:00065DA2 15195 0001:00065DA5 15197 0001:00065DA8 15198 0001:00065DC3
 15204 0001:00065DCC 15205 0001:00065DD1 15215 0001:00065DD4 15216 0001:00065DF0
 15217 0001:00065E40 15218 0001:00065E4C 15219 0001:00065E97 15220 0001:00065EC6
 15309 0001:00065FC0 15310 0001:00065FED 15311 0001:00065FFC 15312 0001:0006600B
 15313 0001:00066019 15314 0001:00066023 15316 0001:0006603A 15317 0001:00066042
 15318 0001:00066061 15320 0001:00066072 15321 0001:0006607E 15322 0001:0006608C
 15323 0001:00066090 15324 0001:00066098 15325 0001:000660B2 15326 0001:000660BE
 15327 0001:000660D3 15328 0001:000660E1 15329 0001:000660FF 15330 0001:0006611F
 15331 0001:00066142 15332 0001:00066165 15333 0001:00066185 15334 0001:000661A5
 15335 0001:000661AA 15337 0001:000661BC 15338 0001:000661CD 15337 0001:000661DB
 15340 0001:000661DE 15342 0001:000661E4 15343 0001:000661FF 15345 0001:0006621D
 15346 0001:0006622B 15348 0001:0006622E 15350 0001:00066238 15314 0001:00066239
 15352 0001:0006624F 15353 0001:00066257 15355 0001:00066289 15357 0001:000662B0
 15358 0001:000662E6 15359 0001:000662ED 15360 0001:000662FB 15361 0001:00066309
 15363 0001:00066316 15364 0001:0006632C 15365 0001:0006633A 15367 0001:00066359
 15370 0001:00066384 15373 0001:000663A1 15375 0001:000663D2 15378 0001:000663DC
 15379 0001:000663E1 15380 0001:000663E8 15382 0001:000663EC 15383 0001:000663F3
 15384 0001:000663FC 15386 0001:0006640B 15388 0001:0006641A 15546 0001:00066420
 15547 0001:00066427 15548 0001:00066431 15549 0001:0006643F 15551 0001:0006645D
 15553 0001:00066472 15574 0001:00066478 15575 0001:0006647D 15579 0001:00066480
 15580 0001:00066485 15616 0001:00066488 15617 0001:0006648A 15618 0001:0006648D
 15620 0001:00066490 15621 0001:0006649E 15623 0001:000664A2 15624 0001:000664AC
 15625 0001:000664BA 15627 0001:000664C3 15628 0001:000664D7 15630 0001:000664DB
 15631 0001:000664ED 15635 0001:000664F7 15642 0001:0006652B 15644 0001:00066536
 15645 0001:0006653C 15647 0001:00066542 15648 0001:00066564 15652 0001:00066599
 15654 0001:000665AE 15662 0001:000665CC 15663 0001:000665D2 15664 0001:000665EF
 15665 0001:000665F9 15671 0001:000665FC 15672 0001:00066602 15673 0001:0006661F
 15674 0001:00066629 15697 0001:0006662C 15698 0001:00066635 15701 0001:0006665B
 15702 0001:00066665 15703 0001:00066673 15705 0001:0006668A 15708 0001:00066699
 15711 0001:000666A0 15712 0001:000666A6 15714 0001:000666D2 15715 0001:000666DC
 15742 0001:000666E0 15743 0001:000666F5 15744 0001:000666FD 15746 0001:00066703
 15747 0001:0006671B 15749 0001:0006671F 15750 0001:00066730 15753 0001:00066747
 15754 0001:0006675F 15755 0001:00066763 15757 0001:00066781 15758 0001:00066790
 15759 0001:000667A6 15760 0001:000667CA 15771 0001:00066814 15772 0001:00066828
 15774 0001:0006687C 15788 0001:00066894 15789 0001:000668B4 15790 0001:000668C3
 15792 0001:000668C9 15793 0001:000668D7 15795 0001:000668EC 15796 0001:00066907
 15797 0001:00066912 15798 0001:00066920 15799 0001:00066935 15800 0001:0006693D
 15802 0001:00066949 15803 0001:0006695B 15804 0001:00066969 15806 0001:00066984
 15809 0001:000669A4 15811 0001:000669D4 15813 0001:000669DC 15814 0001:000669FC
 15816 0001:00066A0B 15817 0001:00066A1A 15818 0001:00066A28 15819 0001:00066A36
 15820 0001:00066A44 15821 0001:00066A51 15822 0001:00066A6A 15823 0001:00066A82
 15826 0001:00066AA0 15827 0001:00066ACA 15829 0001:00066AD7 15830 0001:00066AE6
 15831 0001:00066AF4 15832 0001:00066B10 15833 0001:00066B1A 15834 0001:00066B29
 15835 0001:00066B37 15836 0001:00066B42 15837 0001:00066B4C 15838 0001:00066B5E
 15840 0001:00066B87 15843 0001:00066BA4 15846 0001:00066BB4 15849 0001:00066BCE
 15852 0001:00066BF1 15855 0001:00066C01 15856 0001:00066C2C 15864 0001:00066C40
 15865 0001:00066C63 15868 0001:00066C84 15869 0001:00066C88 15872 0001:00066C9F
 15873 0001:00066CB8 15875 0001:00066CEA 15880 0001:00066CF4 15881 0001:00066CFA
 15882 0001:00066D14 15883 0001:00066D1E 15889 0001:00066D24 15890 0001:00066D2B
 15892 0001:00066D2D 15893 0001:00066D32 15894 0001:00066D35 15896 0001:00066D37
 15897 0001:00066D3D 15898 0001:00066D43 15899 0001:00066D44 15900 0001:00066D4A
 15901 0001:00066D4C 15902 0001:00066D4E 15903 0001:00066D50 15904 0001:00066D56
 15905 0001:00066D58 15906 0001:00066D5A 15907 0001:00066D5C 15908 0001:00066D61
 15909 0001:00066D63 15910 0001:00066D68 15911 0001:00066D6A 15912 0001:00066D6B
 15913 0001:00066D70 15914 0001:00066D71 15917 0001:00066D76 15918 0001:00066D7C
 15923 0001:00066D80 15924 0001:00066D92 15925 0001:00066DB4 15936 0001:00066DB8
 15937 0001:00066DDB 15939 0001:00066DE0 15942 0001:00066DE9 15943 0001:00066DF6
 15944 0001:00066E03 15948 0001:00066E12 15950 0001:00066E14 15951 0001:00066E1D
 15955 0001:00066E4D 15956 0001:00066E54 15958 0001:00066E59 15961 0001:00066E62
 15963 0001:00066E64 15964 0001:00066E6B 15965 0001:00066E6C 15966 0001:00066E7A
 15968 0001:00066E7C 15969 0001:00066E99 15970 0001:00066EB8 15972 0001:00066EC0
 15973 0001:00066ECB 15974 0001:00066ED7 15975 0001:00066EE5 15976 0001:00066EF7
 15977 0001:00066F01 15980 0001:00066F2F 15982 0001:00066F56 15985 0001:00066F64
 15987 0001:00066F9F 15991 0001:00066FBC 15992 0001:00066FC7 15995 0001:00066FDB
 15996 0001:00067008 16001 0001:00067010 16002 0001:00067013 16005 0001:0006702E
 16006 0001:00067035 16007 0001:00067043 16008 0001:00067060 16010 0001:00067067
 16011 0001:00067078 16012 0001:00067081 16013 0001:0006708D 16015 0001:00067097
 16017 0001:000670AB 16019 0001:000670BA 16023 0001:000670BC 16025 0001:000670CE
 16026 0001:000670D8 16027 0001:000670E6 16029 0001:000670F8 16030 0001:00067108
 16031 0001:00067112 16032 0001:00067119 16039 0001:0006711C 16040 0001:00067122
 16042 0001:0006712B 16044 0001:00067133 16045 0001:0006713C 16046 0001:00067146
 16048 0001:0006714D 16052 0001:00067155 16053 0001:0006715E 16056 0001:00067164
 16057 0001:0006716A 16059 0001:00067173 16061 0001:00067178 16062 0001:00067181
 16063 0001:0006718E 16065 0001:00067195 16069 0001:0006719D 16070 0001:000671A6
 16074 0001:000671AC 16075 0001:000671B1 16079 0001:000671B4 16080 0001:000671B9
 16087 0001:000671BC 16088 0001:000671E0 16091 0001:0006721C 16092 0001:00067233
 16096 0001:00067242 16097 0001:00067259 16101 0001:00067268 16102 0001:0006727F
 16106 0001:0006728E 16107 0001:000672A5 16111 0001:000672B4 16112 0001:000672CB
 16116 0001:000672DA 16117 0001:000672F1 16121 0001:00067316 16122 0001:0006732D
 16126 0001:0006734F 16130 0001:00067368 16134 0001:00067381 16137 0001:000673C7
 16240 0001:000673D4 16241 0001:000673EF 16242 0001:000673FD 16243 0001:00067406
 16245 0001:00067410 16246 0001:00067424 16243 0001:00067427 16247 0001:00067447
 16257 0001:00067450 16258 0001:00067468 16260 0001:00067475 16262 0001:00067483
 16263 0001:0006748A 16265 0001:000674A1 16269 0001:000674BC 16270 0001:000674CA
 16271 0001:000674D1 16273 0001:000674E8 16277 0001:00067503 16278 0001:00067511
 16279 0001:00067518 16280 0001:0006751F 16282 0001:0006752B 16283 0001:00067532
 16285 0001:00067543 16286 0001:0006755C 16288 0001:00067564 16291 0001:00067575
 16292 0001:00067581 16294 0001:0006759F 16296 0001:000675B2 16297 0001:000675C3
 16298 0001:000675D6 16299 0001:000675E9 16300 0001:000675FA 16301 0001:00067604
 16302 0001:0006760E 16303 0001:00067618 16304 0001:00067622 16305 0001:00067631
 16306 0001:00067638 16308 0001:0006765A 16310 0001:00067668 16311 0001:00067671
 16312 0001:00067679 16314 0001:00067681 16315 0001:00067692 16316 0001:000676A3
 16317 0001:000676B4 16318 0001:000676B9 16319 0001:000676CA 16320 0001:000676DB
 16321 0001:000676EC 16323 0001:00067700 16325 0001:00067731 16333 0001:000677A4
 16334 0001:000677CB 16336 0001:000677D8 16337 0001:000677DC 16338 0001:000677EA
 16340 0001:000677F2 16341 0001:000677FE 16342 0001:00067811 16345 0001:0006782B
 16347 0001:00067831 16348 0001:00067835 16350 0001:00067839 16351 0001:00067845
 16354 0001:00067852 16355 0001:00067856 16356 0001:00067879 16357 0001:0006787F
 16358 0001:00067885 16360 0001:00067891 16338 0001:00067895 16362 0001:0006789E
 16363 0001:000678A7 16364 0001:000678B0 16366 0001:000678CC 16368 0001:000678F0
 16370 0001:000678FF 16376 0001:00067924 16377 0001:00067946 16379 0001:00067953
 16381 0001:0006796F 16385 0001:0006797D 16387 0001:00067984 16390 0001:000679A3
 16394 0001:00067A20 16396 0001:00067A2E 16398 0001:00067A65 16401 0001:00067A84
 16406 0001:00067A95 16407 0001:00067A9F 16410 0001:00067AA6 16411 0001:00067AB4
 16412 0001:00067ABB 16413 0001:00067AC5 16414 0001:00067ACC 16415 0001:00067AD6
 16416 0001:00067ADD 16417 0001:00067AE7 16418 0001:00067AEE 16419 0001:00067AF8
 16420 0001:00067B02 16421 0001:00067B0C 16422 0001:00067B16 16423 0001:00067B20
 16424 0001:00067B27 16425 0001:00067B31 16426 0001:00067B38 16427 0001:00067B42
 16428 0001:00067B49 16429 0001:00067B53 16430 0001:00067B5A 16431 0001:00067B64
 16432 0001:00067B6B 16433 0001:00067B75 16434 0001:00067B7C 16435 0001:00067B86
 16436 0001:00067B8D 16437 0001:00067B97 16438 0001:00067B9E 16439 0001:00067BA8
 16440 0001:00067BAF 16441 0001:00067BBA 16442 0001:00067BC9 16445 0001:00067BCE
 16446 0001:00067BD8 16447 0001:00067BE2 16448 0001:00067BEC 16449 0001:00067BF6
 16450 0001:00067C00 16451 0001:00067C0A 16452 0001:00067C14 16453 0001:00067C1E
 16454 0001:00067C28 16455 0001:00067C32 16456 0001:00067C3C 16457 0001:00067C46
 16458 0001:00067C50 16459 0001:00067C5A 16460 0001:00067C64 16461 0001:00067C6E
 16462 0001:00067C78 16463 0001:00067C82 16464 0001:00067C8C 16465 0001:00067C96
 16466 0001:00067CA0 16467 0001:00067CAA 16468 0001:00067CB4 16469 0001:00067CBE
 16470 0001:00067CC8 16471 0001:00067CD2 16472 0001:00067CDC 16473 0001:00067CE6
 16474 0001:00067CF0 16475 0001:00067CFA 16476 0001:00067D04 16478 0001:00067D09
 16481 0001:00067D22 16485 0001:00067D3D 16487 0001:00067D4B 16488 0001:00067D52
 16490 0001:00067D69 16494 0001:00067D84 16495 0001:00067D92 16496 0001:00067D99
 16498 0001:00067DB0 16501 0001:00067DED 16505 0001:00067EA4 16506 0001:00067EBB
 16510 0001:00067EBC 16511 0001:00067ED3 16518 0001:00067ED4 16519 0001:00067EDE
 16522 0001:00067EE0 16524 0001:00067EF3 16525 0001:00067EFE 16526 0001:00067F09
 16529 0001:00067F14 16530 0001:00067F1F 16533 0001:00067F2A 16534 0001:00067F46
 16535 0001:00067F6E 16552 0001:00067F74 16556 0001:00067F78 16557 0001:00067F7F
 16558 0001:00067F85 16563 0001:00067F88 16564 0001:00067F8F 16566 0001:00067FAC
 16568 0001:00067FB1 16570 0001:00067FB6 16571 0001:00067FB7 16572 0001:00067FBA
 16574 0001:00067FBD 16575 0001:00067FCD 16580 0001:00067FD4 16581 0001:00067FDB
 16586 0001:00068009 16588 0001:0006800E 16589 0001:0006800F 16590 0001:00068012
 16592 0001:00068015 16593 0001:00068025 16598 0001:0006802C 16599 0001:00068032
 16600 0001:00068041 16601 0001:0006804F 16603 0001:00068074 16605 0001:00068087
 16610 0001:0006808C 16611 0001:00068093 16613 0001:000680B0 16615 0001:000680B5
 16617 0001:000680BA 16618 0001:000680BB 16619 0001:000680BE 16621 0001:000680C1
 16622 0001:000680D1 16634 0001:000680D8 16635 0001:000680E1 16638 0001:000680E8
 16639 0001:000680F7 16640 0001:00068105 16641 0001:0006810F 16642 0001:0006811E
 16644 0001:00068129 16645 0001:00068133 16646 0001:00068142 16648 0001:0006814D
 16649 0001:00068157 16650 0001:00068166 16652 0001:00068171 16657 0001:0006817B
 16659 0001:00068182 16660 0001:00068191 16661 0001:0006819B 16652 0001:0006819C
 16663 0001:0006819F 16666 0001:000681A9 16667 0001:000681C3 16668 0001:000681D4
 16663 0001:000681D5 16670 0001:000681E5 16672 0001:000681F5 16684 0001:000681FC
 16685 0001:00068202 16697 0001:00068209 16698 0001:00068216 16702 0001:00068218
 16703 0001:0006821F 16704 0001:00068225 16706 0001:00068228 16707 0001:0006822E
 16709 0001:00068235 16710 0001:0006823A 16711 0001:00068248 16713 0001:00068251
 16714 0001:0006825C 16716 0001:00068275 16717 0001:00068285 16719 0001:00068292
 16720 0001:00068297 16721 0001:000682A6 16723 0001:000682B0 16724 0001:000682BC
 16726 0001:000682D6 16728 0001:000682E2 16738 0001:000682E8 16739 0001:00068303
 16740 0001:00068310 16741 0001:0006832C 16742 0001:00068379 16744 0001:000683C8
 16746 0001:000683E6 16757 0001:00068401 16767 0001:0006841C 16770 0001:00068429
 16773 0001:0006843A 16797 0001:0006844B 16800 0001:00068450 16804 0001:00068470
 16807 0001:00068490 16808 0001:00068491 16810 0001:0006849B 16815 0001:000684BB
 16820 0001:000684D6 16825 0001:000684F1 16826 0001:000684FA 16831 0001:00068515
 16833 0001:00068523 16836 0001:00068560 16840 0001:00068788 16841 0001:000687A3
 16844 0001:000687A4 16845 0001:000687A7 16846 0001:000687B8 16849 0001:000687BC
 16853 0001:000687BF 16855 0001:000687C6 16870 0001:000687C8 16871 0001:000687CB
 16873 0001:000687D2 16878 0001:000687D4 16879 0001:000687DC 16881 0001:000687EB
 16882 0001:000687F0 16884 0001:000687FD 16887 0001:00068825 16888 0001:00068838
 16890 0001:0006883A 16882 0001:0006883B 16891 0001:0006883E 16902 0001:00068844
 16903 0001:0006884B 16904 0001:0006885E 16905 0001:0006886C 16907 0001:00068883
 16909 0001:00068893 16911 0001:00068898 16912 0001:000688B5 16913 0001:000688B9
 16915 0001:000688D6 16916 0001:000688E5 16917 0001:000688F3 16918 0001:0006890B
 16920 0001:0006891F 16921 0001:00068931 16922 0001:00068934 16923 0001:00068939
 16924 0001:0006894E 16926 0001:00068961 16928 0001:00068996 16930 0001:0006899C
 16931 0001:000689BB 16932 0001:000689D9 16934 0001:000689E3 16936 0001:000689EE
 16939 0001:00068A18 16942 0001:00068A35 16943 0001:00068A3C 16944 0001:00068A43
 16945 0001:00068A4A 16946 0001:00068A51 16947 0001:00068A66 16948 0001:00068A6D
 16949 0001:00068A74 16950 0001:00068A7B 16951 0001:00068A82 16952 0001:00068A89
 16953 0001:00068A90 16954 0001:00068A97 16955 0001:00068A9E 16956 0001:00068AA5
 16957 0001:00068ABC 16958 0001:00068AD3 16959 0001:00068ADA 16960 0001:00068AE4
 16961 0001:00068AEB 16962 0001:00068AFA 16963 0001:00068B01 16964 0001:00068B12
 16965 0001:00068B1C 16967 0001:00068B23 16968 0001:00068B2D 16969 0001:00068B37
 16971 0001:00068B41 16973 0001:00068B46 16976 0001:00068B4F 16979 0001:00068B54
 16981 0001:00068B62 16982 0001:00068B69 16986 0001:00068B6E 16987 0001:00068B7F
 16989 0001:00068B90 16990 0001:00068BA9 16992 0001:00068BB1 17021 0001:00068BC4
 17023 0001:00068BC9 17024 0001:00068BDA 17025 0001:00068BEB 17026 0001:00068BFC
 17027 0001:00068C0D 17029 0001:00068C1E 17030 0001:00068C25 17031 0001:00068C31
 17032 0001:00068C38 17033 0001:00068C3F 17034 0001:00068C49 17035 0001:00068C50
 17036 0001:00068C57 17039 0001:00068C79 17040 0001:00068C8C 17042 0001:00068C9A
 17043 0001:00068CA3 17044 0001:00068CAB 17047 0001:00068CB3 17048 0001:00068CB8
 17049 0001:00068CC2 17050 0001:00068CCC 17052 0001:00068CDD 17053 0001:00068CEE
 17054 0001:00068CF3 17055 0001:00068CFA 17056 0001:00068D04 17057 0001:00068D0E
 17058 0001:00068D15 17059 0001:00068D1C 17060 0001:00068D23 17061 0001:00068D2A
 17062 0001:00068D31 17064 0001:00068D38 17065 0001:00068D3F 17066 0001:00068D46
 17068 0001:00068D4D 17070 0001:00068D54 17073 0001:00068D5C 17075 0001:00068D66
 17077 0001:00068D80 17078 0001:00068D8C 17079 0001:00068D97 17080 0001:00068DA3
 17082 0001:00068DAE 17085 0001:00068DB3 17091 0001:00068E00 17097 0001:00068E4D
 17103 0001:00068E9A 17104 0001:00068EAF 17106 0001:00068EB8 17120 0001:00068ED1
 17126 0001:00068F1E 17132 0001:00068F6B 17138 0001:00068FB8 17140 0001:00068FC6
 17142 0001:00068FD4 17144 0001:00068FE2 17145 0001:00068FE7 17149 0001:00069011
 17151 0001:0006901E 17154 0001:00069032 17155 0001:00069064 17159 0001:000690A0
 17163 0001:000690A7 17164 0001:000690AC 17167 0001:000690DB 17174 0001:000691AC
 17175 0001:000691C0 17176 0001:000691CE 17178 0001:000691E1 17179 0001:000691EB
 17181 0001:000691F5 17182 0001:00069208 17184 0001:0006920F 17185 0001:00069219
 17186 0001:00069220 17187 0001:0006922A 17188 0001:00069231 17189 0001:0006923B
 17190 0001:00069242 17191 0001:0006924C 17192 0001:00069253 17193 0001:0006925D
 17195 0001:00069264 17196 0001:00069269 17198 0001:00069274 17200 0001:00069286
 17201 0001:00069293 17204 0001:000692A0 17205 0001:000692A9 17207 0001:000692B8
 17208 0001:000692C2 17209 0001:000692C9 17210 0001:000692D3 17211 0001:000692DA
 17212 0001:000692E4 17214 0001:000692EB 17215 0001:000692F5 17216 0001:000692FF
 17217 0001:00069309 17218 0001:00069313 17221 0001:0006931A 17223 0001:00069323
 17224 0001:0006932F 17225 0001:00069339 17228 0001:0006934C 17229 0001:00069356
 17230 0001:0006935D 17231 0001:00069367 17232 0001:0006936E 17233 0001:00069378
 17235 0001:0006937F 17236 0001:0006938E 17238 0001:00069395 17239 0001:0006939A
 17241 0001:000693AE 17242 0001:000693B8 17243 0001:000693BF 17245 0001:000693EE
 17273 0001:00069404 17274 0001:00069430 17276 0001:00069596 17268 0001:000695B4
 17269 0001:000695D8 17270 0001:000695E7 17272 0001:00069601

Line numbers for TimeNowF(TimeNowF.pas) segment .text

    30 0001:00097D00    32 0001:00097D18    34 0001:00097D24    35 0001:00097D4C
    36 0001:00097D74    37 0001:00097DAC    42 0001:00097DDC    44 0001:00097DF8
    46 0001:00097E01    48 0001:00097E54    50 0001:00097EA0    50 0001:00097EA7

Line numbers for TimeNow(C:\Users\sudiptas\Documents\EPasCode\TimeNow\TIMENOW.DPR) segment .text

    10 0001:000980A8    11 0001:000980B8    12 0001:000980C4    13 0001:000980DC
    14 0001:000980E8

Bound resource files

C:\Program Files (x86)\EurekaLog 6\Delphi5\DIALOG.RES
c:\program files (x86)\borland\delphi5\Lib\CONTROLS.RES
TimeNowF.DFM
TimeNow.RES
TimeNow.drf


Program entry point at 0001:000980A8
