
 Start         Length     Name                   Class
 0001:00000000 00097854H .text                   CODE
 0002:00000000 00006E78H .data                   DATA
 0002:00006E78 00004439H .bss                    BSS


Detailed map of segments

 0001:00000000 0000562C C=CODE     S=.text    G=(none)   M=System   ACBP=A9
 0001:0000562C 00000174 C=CODE     S=.text    G=(none)   M=SysInit  ACBP=A9
 0001:000057A0 00000D48 C=CODE     S=.text    G=(none)   M=Windows  ACBP=A9
 0001:000064E8 00001D0F C=CODE     S=.text    G=(none)   M=ELeaks   ACBP=A9
 0001:000081F8 000002F0 C=CODE     S=.text    G=(none)   M=SysConst ACBP=A9
 0001:000084E8 0000676C C=CODE     S=.text    G=(none)   M=SysUtils ACBP=A9
 0001:0000EC54 00000038 C=CODE     S=.text    G=(none)   M=Messages ACBP=A9
 0001:0000EC8C 00000040 C=CODE     S=.text    G=(none)   M=ActiveX  ACBP=A9
 0001:0000ECCC 00000308 C=CODE     S=.text    G=(none)   M=Consts   ACBP=A9
 0001:0000EFD4 000007D8 C=CODE     S=.text    G=(none)   M=TypInfo  ACBP=A9
 0001:0000F7AC 00007E17 C=CODE     S=.text    G=(none)   M=Classes  ACBP=A9
 0001:000175C4 00000038 C=CODE     S=.text    G=(none)   M=ETypes   ACBP=A9
 0001:000175FC 00002944 C=CODE     S=.text    G=(none)   M=EConsts  ACBP=A9
 0001:00019F40 00003E78 C=CODE     S=.text    G=(none)   M=ECore    ACBP=A9
 0001:0001DDB8 000045AC C=CODE     S=.text    G=(none)   M=EDebug   ACBP=A9
 0001:00022364 00000040 C=CODE     S=.text    G=(none)   M=ShellAPI ACBP=A9
 0001:000223A4 000000A0 C=CODE     S=.text    G=(none)   M=WinSock  ACBP=A9
 0001:00022444 000014F8 C=CODE     S=.text    G=(none)   M=EHook    ACBP=A9
 0001:0002393C 000000E8 C=CODE     S=.text    G=(none)   M=ELang    ACBP=A9
 0001:00023A24 00001588 C=CODE     S=.text    G=(none)   M=ESockets ACBP=A9
 0001:00024FAC 00007A10 C=CODE     S=.text    G=(none)   M=EZlib    ACBP=A9
 0001:0002C9BC 00000AFC C=CODE     S=.text    G=(none)   M=EHash    ACBP=A9
 0001:0002D4B8 00000354 C=CODE     S=.text    G=(none)   M=EEncrypt ACBP=A9
 0001:0002D80C 000002DC C=CODE     S=.text    G=(none)   M=EBase64  ACBP=A9
 0001:0002DAE8 00000190 C=CODE     S=.text    G=(none)   M=EZip     ACBP=A9
 0001:0002DC78 0000715C C=CODE     S=.text    G=(none)   M=EWebTools ACBP=A9
 0001:00034DD4 000005A8 C=CODE     S=.text    G=(none)   M=EXMLBuilder ACBP=A9
 0001:0003537C 00004228 C=CODE     S=.text    G=(none)   M=ELogManager ACBP=A9
 0001:000395A4 0000132C C=CODE     S=.text    G=(none)   M=EListView ACBP=A9
 0001:0003A8D0 00007434 C=CODE     S=.text    G=(none)   M=EDisAsm  ACBP=A9
 0001:00041D04 00027920 C=CODE     S=.text    G=(none)   M=ExceptionLog ACBP=A9
 0001:00069624 00006FC7 C=CODE     S=.text    G=(none)   M=Graphics ACBP=A9
 0001:000705EC 000001C4 C=CODE     S=.text    G=(none)   M=Contnrs  ACBP=A9
 0001:000707B0 000000F4 C=CODE     S=.text    G=(none)   M=Commctrl ACBP=A9
 0001:000708A4 00000793 C=CODE     S=.text    G=(none)   M=MultiMon ACBP=A9
 0001:00071038 00000038 C=CODE     S=.text    G=(none)   M=Imm      ACBP=A9
 0001:00071070 00000040 C=CODE     S=.text    G=(none)   M=Math     ACBP=A9
 0001:000710B0 00000038 C=CODE     S=.text    G=(none)   M=WinSpool ACBP=A9
 0001:000710E8 00000044 C=CODE     S=.text    G=(none)   M=Printers ACBP=A9
 0001:0007112C 0000031F C=CODE     S=.text    G=(none)   M=FlatSB   ACBP=A9
 0001:0007144C 00001AFC C=CODE     S=.text    G=(none)   M=StdCtrls ACBP=A9
 0001:00072F48 00000094 C=CODE     S=.text    G=(none)   M=Clipbrd  ACBP=A9
 0001:00072FDC 0000015C C=CODE     S=.text    G=(none)   M=StdActns ACBP=A9
 0001:00073138 0000F198 C=CODE     S=.text    G=(none)   M=Controls ACBP=A9
 0001:000822D0 00000E28 C=CODE     S=.text    G=(none)   M=ActnList ACBP=A9
 0001:000830F8 00001490 C=CODE     S=.text    G=(none)   M=ImgList  ACBP=A9
 0001:00084588 000061FB C=CODE     S=.text    G=(none)   M=Menus    ACBP=A9
 0001:0008A784 0000C0B7 C=CODE     S=.text    G=(none)   M=Forms    ACBP=A9
 0001:0009683C 00000038 C=CODE     S=.text    G=(none)   M=RegStr   ACBP=A9
 0001:00096874 00000038 C=CODE     S=.text    G=(none)   M=WinInet  ACBP=A9
 0001:000968AC 00000038 C=CODE     S=.text    G=(none)   M=UrlMon   ACBP=A9
 0001:000968E4 00000038 C=CODE     S=.text    G=(none)   M=ShlObj   ACBP=A9
 0001:0009691C 00000038 C=CODE     S=.text    G=(none)   M=CommDlg  ACBP=A9
 0001:00096954 00000038 C=CODE     S=.text    G=(none)   M=ExtCtrls ACBP=A9
 0001:0009698C 00000038 C=CODE     S=.text    G=(none)   M=Dlgs     ACBP=A9
 0001:000969C4 0000026D C=CODE     S=.text    G=(none)   M=Dialogs  ACBP=A9
 0001:00096C34 00000754 C=CODE     S=.text    G=(none)   M=RangeF   ACBP=A9
 0001:00097388 00000245 C=CODE     S=.text    G=(none)   M=Range    ACBP=A9
 0002:00000000 000000A6 C=DATA     S=.data    G=DGROUP   M=System   ACBP=A9
 0002:000000A8 00000018 C=DATA     S=.data    G=DGROUP   M=SysInit  ACBP=A9
 0002:000000C0 00000014 C=DATA     S=.data    G=DGROUP   M=ELeaks   ACBP=A9
 0002:000000D4 00000230 C=DATA     S=.data    G=DGROUP   M=SysUtils ACBP=A9
 0002:00000304 00000010 C=DATA     S=.data    G=DGROUP   M=TypInfo  ACBP=A9
 0002:00000314 000000A0 C=DATA     S=.data    G=DGROUP   M=Classes  ACBP=A9
 0002:000003B4 00000908 C=DATA     S=.data    G=DGROUP   M=EConsts  ACBP=A9
 0002:00000CBC 00000044 C=DATA     S=.data    G=DGROUP   M=ECore    ACBP=A9
 0002:00000D00 0000004C C=DATA     S=.data    G=DGROUP   M=EDebug   ACBP=A9
 0002:00000D4C 000001A0 C=DATA     S=.data    G=DGROUP   M=EHook    ACBP=A9
 0002:00000EEC 00000001 C=DATA     S=.data    G=DGROUP   M=ESockets ACBP=A9
 0002:00000EF0 00000E5C C=DATA     S=.data    G=DGROUP   M=EZlib    ACBP=A9
 0002:00001D4C 00000212 C=DATA     S=.data    G=DGROUP   M=EHash    ACBP=A9
 0002:00001F60 000000C0 C=DATA     S=.data    G=DGROUP   M=EBase64  ACBP=A9
 0002:00002020 00002B8C C=DATA     S=.data    G=DGROUP   M=EWebTools ACBP=A9
 0002:00004BAC 00000020 C=DATA     S=.data    G=DGROUP   M=EXMLBuilder ACBP=A9
 0002:00004BCC 00000020 C=DATA     S=.data    G=DGROUP   M=ELogManager ACBP=A9
 0002:00004BEC 000012D5 C=DATA     S=.data    G=DGROUP   M=EDisAsm  ACBP=A9
 0002:00005EC4 0000055C C=DATA     S=.data    G=DGROUP   M=ExceptionLog ACBP=A9
 0002:00006420 000002B4 C=DATA     S=.data    G=DGROUP   M=Graphics ACBP=A9
 0002:000066D4 00000004 C=DATA     S=.data    G=DGROUP   M=Printers ACBP=A9
 0002:000066D8 00000018 C=DATA     S=.data    G=DGROUP   M=StdCtrls ACBP=A9
 0002:000066F0 0000012C C=DATA     S=.data    G=DGROUP   M=Controls ACBP=A9
 0002:0000681C 00000020 C=DATA     S=.data    G=DGROUP   M=ImgList  ACBP=A9
 0002:0000683C 000000EC C=DATA     S=.data    G=DGROUP   M=Menus    ACBP=A9
 0002:00006928 0000013C C=DATA     S=.data    G=DGROUP   M=Forms    ACBP=A9
 0002:00006A64 00000070 C=DATA     S=.data    G=DGROUP   M=Dialogs  ACBP=A9
 0002:00007000 000004D0 C=BSS      S=.bss     G=DGROUP   M=System   ACBP=A9
 0002:000074D0 00000018 C=BSS      S=.bss     G=DGROUP   M=SysInit  ACBP=A9
 0002:000074E8 00000004 C=BSS      S=.bss     G=DGROUP   M=Windows  ACBP=A9
 0002:000074EC 00000054 C=BSS      S=.bss     G=DGROUP   M=ELeaks   ACBP=A9
 0002:00007540 00000004 C=BSS      S=.bss     G=DGROUP   M=SysConst ACBP=A9
 0002:00007544 00000118 C=BSS      S=.bss     G=DGROUP   M=SysUtils ACBP=A9
 0002:0000765C 00000004 C=BSS      S=.bss     G=DGROUP   M=Messages ACBP=A9
 0002:00007660 00000004 C=BSS      S=.bss     G=DGROUP   M=ActiveX  ACBP=A9
 0002:00007664 00000004 C=BSS      S=.bss     G=DGROUP   M=Consts   ACBP=A9
 0002:00007668 00000004 C=BSS      S=.bss     G=DGROUP   M=TypInfo  ACBP=A9
 0002:0000766C 0000003C C=BSS      S=.bss     G=DGROUP   M=Classes  ACBP=A9
 0002:000076A8 00000004 C=BSS      S=.bss     G=DGROUP   M=ETypes   ACBP=A9
 0002:000076AC 00000004 C=BSS      S=.bss     G=DGROUP   M=EConsts  ACBP=A9
 0002:000076B0 00000009 C=BSS      S=.bss     G=DGROUP   M=ECore    ACBP=A9
 0002:000076BC 00000004 C=BSS      S=.bss     G=DGROUP   M=EDebug   ACBP=A9
 0002:000076C0 00000004 C=BSS      S=.bss     G=DGROUP   M=ShellAPI ACBP=A9
 0002:000076C4 00000004 C=BSS      S=.bss     G=DGROUP   M=WinSock  ACBP=A9
 0002:000076C8 00000010 C=BSS      S=.bss     G=DGROUP   M=EHook    ACBP=A9
 0002:000076D8 00000004 C=BSS      S=.bss     G=DGROUP   M=ELang    ACBP=A9
 0002:000076DC 00000004 C=BSS      S=.bss     G=DGROUP   M=ESockets ACBP=A9
 0002:000076E0 00002890 C=BSS      S=.bss     G=DGROUP   M=EZlib    ACBP=A9
 0002:00009F70 00000404 C=BSS      S=.bss     G=DGROUP   M=EHash    ACBP=A9
 0002:0000A374 0000001C C=BSS      S=.bss     G=DGROUP   M=EEncrypt ACBP=A9
 0002:0000A390 00000004 C=BSS      S=.bss     G=DGROUP   M=EBase64  ACBP=A9
 0002:0000A394 00000004 C=BSS      S=.bss     G=DGROUP   M=EZip     ACBP=A9
 0002:0000A398 00000048 C=BSS      S=.bss     G=DGROUP   M=EWebTools ACBP=A9
 0002:0000A3E0 00000004 C=BSS      S=.bss     G=DGROUP   M=EXMLBuilder ACBP=A9
 0002:0000A3E4 00000004 C=BSS      S=.bss     G=DGROUP   M=ELogManager ACBP=A9
 0002:0000A3E8 00000004 C=BSS      S=.bss     G=DGROUP   M=EListView ACBP=A9
 0002:0000A3EC 00000004 C=BSS      S=.bss     G=DGROUP   M=EDisAsm  ACBP=A9
 0002:0000A3F0 00000E78 C=BSS      S=.bss     G=DGROUP   M=ExceptionLog ACBP=A9
 0002:0000B268 00000060 C=BSS      S=.bss     G=DGROUP   M=Graphics ACBP=A9
 0002:0000B2C8 00000004 C=BSS      S=.bss     G=DGROUP   M=Contnrs  ACBP=A9
 0002:0000B2CC 00000004 C=BSS      S=.bss     G=DGROUP   M=Commctrl ACBP=A9
 0002:0000B2D0 00000031 C=BSS      S=.bss     G=DGROUP   M=MultiMon ACBP=A9
 0002:0000B304 00000004 C=BSS      S=.bss     G=DGROUP   M=Imm      ACBP=A9
 0002:0000B308 00000004 C=BSS      S=.bss     G=DGROUP   M=Math     ACBP=A9
 0002:0000B30C 00000004 C=BSS      S=.bss     G=DGROUP   M=WinSpool ACBP=A9
 0002:0000B310 00000004 C=BSS      S=.bss     G=DGROUP   M=Printers ACBP=A9
 0002:0000B314 00000034 C=BSS      S=.bss     G=DGROUP   M=FlatSB   ACBP=A9
 0002:0000B348 00000004 C=BSS      S=.bss     G=DGROUP   M=StdCtrls ACBP=A9
 0002:0000B34C 0000000C C=BSS      S=.bss     G=DGROUP   M=Clipbrd  ACBP=A9
 0002:0000B358 00000004 C=BSS      S=.bss     G=DGROUP   M=StdActns ACBP=A9
 0002:0000B35C 00000070 C=BSS      S=.bss     G=DGROUP   M=Controls ACBP=A9
 0002:0000B3CC 00000004 C=BSS      S=.bss     G=DGROUP   M=ActnList ACBP=A9
 0002:0000B3D0 00000004 C=BSS      S=.bss     G=DGROUP   M=ImgList  ACBP=A9
 0002:0000B3D4 00000010 C=BSS      S=.bss     G=DGROUP   M=Menus    ACBP=A9
 0002:0000B3E4 00000024 C=BSS      S=.bss     G=DGROUP   M=Forms    ACBP=A9
 0002:0000B408 00000004 C=BSS      S=.bss     G=DGROUP   M=RegStr   ACBP=A9
 0002:0000B40C 00000004 C=BSS      S=.bss     G=DGROUP   M=WinInet  ACBP=A9
 0002:0000B410 00000004 C=BSS      S=.bss     G=DGROUP   M=UrlMon   ACBP=A9
 0002:0000B414 00000004 C=BSS      S=.bss     G=DGROUP   M=ShlObj   ACBP=A9
 0002:0000B418 00000004 C=BSS      S=.bss     G=DGROUP   M=CommDlg  ACBP=A9
 0002:0000B41C 00000004 C=BSS      S=.bss     G=DGROUP   M=ExtCtrls ACBP=A9
 0002:0000B420 00000004 C=BSS      S=.bss     G=DGROUP   M=Dlgs     ACBP=A9
 0002:0000B424 0000000C C=BSS      S=.bss     G=DGROUP   M=Dialogs  ACBP=A9
 0002:0000B430 00000008 C=BSS      S=.bss     G=DGROUP   M=RangeF   ACBP=A9


  Address         Publics by Name

 0001:0000E1CC       .
 0002:00000F18       .
 0002:00000F74       .
 0001:000256F0       .
 0001:00027010       .
 0001:00026C04       .
 0001:00004AC8       .
 0002:00000F80       .
 0001:000270D8       .
 0002:00000F88       .
 0001:00004DA8       .
 0002:000076E4       .
 0002:00000FA0       .
 0002:00000FF4       .
 0002:00000064       .
 0002:00001044       .
 0002:000012E0       .
 0002:000096E4       .
 0002:000011B4       .
 0001:0002AB40       .
 0002:0000B424       .01
 0002:0000B358       .02
 0002:00007540       .1
 0002:00007504       .1
 0002:00007664       .1
 0002:000074E0       .1
 0002:000076C8       .1
 0002:0000B420       .1
 0002:000076D8       .1
 0002:0000B2CC       .1
 0002:00009F70       .1
 0002:0000A374       .1
 0002:000076C4       .1
 0002:000076C0       .1
 0002:0000B304       .1
 0002:0000B408       .1
 0002:0000B334       .1
 0002:0000B418       .1
 0002:0000A390       .1
 0002:0000B2F0       .1
 0002:0000B40C       .1
 0002:0000B414       .1
 0002:0000B410       .1
 0002:0000765C       .1
 0002:000076A8       .1
 0002:000076E0       .2
 0002:0000B350       .2
 0002:0000B434       .2
 0002:0000A3EC       .2
 0002:0000B308       .2
 0002:0000A3E8       .2
 0002:0000A414       .21
 0002:0000B348       .22
 0002:0000B364       .22
 0002:0000742C       .3
 0002:000074E8       .3
 0002:0000A3E4       .3
 0002:0000A3E0       .3
 0002:0000B30C       .3
 0002:0000B310       .3
 0002:0000A394       .3
 0002:0000B3D0       .3
 0002:00007660       .3
 0002:000076DC       .4
 0002:000076B4       .4
 0002:0000764C       .44
 0002:000076AC       .5
 0002:00007668       .5
 0002:0000B3EC       .51
 0002:0000B41C       .61
 0002:0000A398       .7
 0002:0000B3CC       .7
 0002:0000B26C       .81
 0002:00007674       .84
 0002:0000B3DC       .9
 0002:0000B2C8       .9
 0002:000076BC       .92
 0001:00001AB0       @AbstractError
 0001:000037FC       @AddRef
 0001:0000373C       @AddRefArray
 0001:00003710       @AddRefRecord
 0001:00002280       @AfterConstruction
 0001:00004DF1       @Append
 0001:000020D0       @AsClass
 0001:00002C70       @Assert
 0001:00004CCA       @Assign
 0001:00001BCC       @AStrCmp
 0001:00002288       @BeforeDestruction
 0001:0000211C       @CallDynaInst
 0001:00004AA4       @CheckAutoResult
 0001:00002228       @ClassCreate
 0001:00002278       @ClassDestroy
 0001:00004D6C       @Close
 0001:00001800       @Copy
 0001:00003924       @CopyArray
 0001:00003808       @CopyRecord
 0001:00027A84       @deflateInit2_
 0001:00003A2C       @Dispose
 0001:000027B0       @DoneExcept
 0001:000043F8       @DynArrayAddRef
 0001:000043D0       @DynArrayAsg
 0001:00004394       @DynArrayClear
 0001:000041D4       @DynArrayHigh
 0001:000041CC       @DynArrayLength
 0001:00004388       @DynArraySetLength
 0001:000028A4       @ExceptionHandler
 0001:00001C3C       @FillChar
 0001:00026CD0       @fill_fopen_filefunc
 0001:00003704       @Finalize
 0001:0000361C       @FinalizeArray
 0001:000035F0       @FinalizeRecord
 0001:00004D45       @Flush
 0001:00001E78       @FpuInit
 0001:00001DB4       @FpuMaskInit
 0001:000016E0       @FreeMem
 0001:000016C8       @GetMem
 0001:000056A4       @GetTls
 0001:00027208       @get_crc_table
 0001:00002C58       @Halt
 0001:00002B38       @Halt0
 0001:00002394       @HandleAnyException
 0001:00002680       @HandleAutoException
 0001:00002648       @HandleFinally
 0001:000024C0       @HandleOnException
 0001:00029178       @inflateInit2_
 0001:00028BC0       @inflate_fast
 0001:0002A6D0       @inflate_table
 0001:00005734       @InitExe
 0001:000035E4       @Initialize
 0001:00003550       @InitializeArray
 0001:00003524       @InitializeRecord
 0001:00002A94       @InitImports
 0001:00002A78       @InitResStringImports
 0001:00001844       @Insert
 0001:00004A08       @IntfAddRef
 0001:000049D4       @IntfClear
 0001:000049EC       @IntfCopy
 0001:000020B8       @IsClass
 0001:00001D84       @isNECWindows
 0001:00003160       @LStrAddRef
 0001:00002D34       @LStrArrayClr
 0001:00002D64       @LStrAsg
 0001:00002FB4       @LStrCat
 0001:00002FF8       @LStrCat3
 0001:0000306C       @LStrCatN
 0001:00002D10       @LStrClr
 0001:000030BC       @LStrCmp
 0001:000031B4       @LStrCopy
 0001:000031F4       @LStrDelete
 0001:00002F40       @LStrFromArray
 0001:00002EB8       @LStrFromChar
 0001:00002EC8       @LStrFromPChar
 0001:00002DF8       @LStrFromPCharLen
 0001:00002EF8       @LStrFromPWChar
 0001:00002E28       @LStrFromPWCharLen
 0001:00002F34       @LStrFromString
 0001:00002F58       @LStrFromWArray
 0001:00002F74       @LStrFromWStr
 0001:0000323C       @LStrInsert
 0001:00002DA8       @LStrLAsg
 0001:00002FAC       @LStrLen
 0001:00003298       @LStrPos
 0001:000032E0       @LStrSetLength
 0001:00003170       @LStrToPChar
 0001:00002F88       @LStrToString
 0001:00003A18       @New
 0001:00002DD4       @NewAnsiString
 0001:000034A8       @NewWideString
 0001:00001A34       @Pos
 0001:00004F70       @Pow10
 0001:00001B48       @PStrCmp
 0001:00001AFC       @PStrCpy
 0001:00001ACC       @PStrNCat
 0001:00001B18       @PStrNCpy
 0001:0000275C       @RaiseAgain
 0001:00002740       @RaiseExcept
 0001:00001C5C       @RandInt
 0001:000016F8       @ReallocMem
 0001:00004DE3       @ResetText
 0001:00004DEA       @RewritText
 0001:00001A88       @ROUND
 0001:00002C64       @RunError
 0001:00001A74       @SetLength
 0001:00002A48       @StartExe
 0001:00001A94       @TRUNC
 0001:000027E0       @TryFinallyExit
 0001:00003FA8       @ValInt64
 0001:00001C74       @ValLong
 0001:00003F84       @VarAddRef
 0001:00003DD8       @VarCast
 0001:00003B80       @VarClear
 0001:00003F7C       @VarClr
 0001:00003BC4       @VarCopy
 0001:00003F08       @VarFromLStr
 0001:00003F48       @VarFromWStr
 0001:00003ECC       @VarToLStr
 0001:00004ED7       @Write0Char
 0001:00004F40       @Write0CString
 0001:00003344       @Write0LString
 0001:00004E9C       @Write0String
 0001:00004DF8       @WriteBytes
 0001:00004F29       @WriteChar
 0001:00004F44       @WriteCString
 0001:00004EC3       @WriteLn
 0001:0000334C       @WriteLString
 0001:00004E63       @WriteSpaces
 0001:00004EA6       @WriteString
 0001:00003504       @WStrAddRef
 0001:0000339C       @WStrArrayClr
 0001:000033C0       @WStrAsg
 0001:00003384       @WStrClr
 0001:0000348C       @WStrFromLStr
 0001:000033E4       @WStrFromPCharLen
 0001:00003468       @WStrFromPWCharLen
 0001:0000349C       @WStrLen
 0001:000034C0       @WStrSetLength
 0001:00001D58       @_CLenToPasStr
 0001:00001D40       @_CToPasStr
 0001:00004D20       @_Flush
 0001:000017D0       @_IOTest
 0001:0000528A       @_lldiv
 0001:00005302       @_lldivo
 0001:0000537D       @_llmod
 0001:000053F7       @_llmodo
 0001:00005244       @_llmul
 0001:00005267       @_llmulo
 0001:00005477       @_llshl
 0001:00005334       @_lludiv
 0001:00005429       @_llumod
 0001:000054AF       @_llushr
 0001:0002BD40       @_tr_align
 0001:0002C00C       @_tr_flush_block
 0001:0002AB44       @_tr_init
 0001:0002BC84       @_tr_stored_block
 0001:0000C820       Abort
 0001:00075560       AbsMin
 0001:0000CBD0       AbstractErrorHandler
 0002:0000701C       AbstractErrorProc
 0002:0000014C       AccessMode
 0001:0005C268       AccessViolationModuleInLongFormat
 0001:00052C8C       ActicatePage
 0002:0000A584       ActivateEurekaLog
 0001:00005D78       ActivateKeyboardLayout
 0002:0000B38C       ActiveDrag
 0001:0000ECC4       ActiveX
 0001:000830F0       ActnList
 0001:0002F594       AddAuthenticationToURL
 0001:00000400       AddBlockAfter
 0001:0006227C       AddCallerCallStack
 0001:00056B00       AddColor
 0001:0004E8D8       AddCustomHeadersToLog
 0001:0004E77C       AddCustomHeaderToLog
 0001:000246C0       AddDNS
 0001:000090F8       AddExitProc
 0001:00013A60       AddFinished
 0001:00086090       AddIn
 0002:00007500       AddLeak
 0001:0004D4D0       AddModule
 0001:00004810       AddModuleUnloadProc
 0001:00004820       AddModuleUnloadProc
 0001:00047888       AddNewProcess
 0001:00047C50       AddNewProcessEx
 0001:00013A98       AddNotFinished
 0001:00022A0C       AddrSize
 0001:0005B0D8       AddStr
 0001:00016220       AddThread
 0001:0004D650       AddToStack
 0001:00036B20       AddValueField
 0001:00025508       AddZipFile
 0001:0006CAC0       AdjustColor
 0001:00052BDC       AdjustDialog
 0001:000500BC       AdjustFlatStyle
 0001:0008D550       Adjustment
 0001:00005D80       AdjustWindowRectEx
 0001:00026D08       adler32
 0001:000576E0       AfterScreenshot
 0001:000573F4       AfterScreenshotToStream
 0002:00006900       Alignments
 0002:00006910       Alignments
 0002:000066D8       Alignments
 0001:0007A47C       AlignWork
 0001:00093E80       AlignWork
 0002:0000751C       AllocatedList_End
 0002:00007514       AllocatedList_Lock
 0002:00007518       AllocatedList_Start
 0001:0008CF7C       AllocateHWnd
 0001:00016198       AllocateWindow
 0001:000090AC       AllocMem
 0002:00007424       AllocMemCount
 0002:00007428       AllocMemSize
 0001:000703E4       AllocPatternBitmap
 0002:00004B8C       AlphaNumerics
 0002:000066F8       AnchorAlign
 0001:00009240       AnsiCompareText
 0001:00009730       AnsiLastChar
 0001:00005D88       AnsiLower
 0001:0000D364       AnsiPos
 0001:0008A5B8       AnsiSameCaption
 0001:00009278       AnsiSameText
 0001:000092B4       AnsiStrIComp
 0001:000092D4       AnsiStrLIComp
 0001:0000D39C       AnsiStrPos
 0001:0000D43C       AnsiStrRScan
 0001:0000D464       AnsiStrScan
 0001:00003C60       AnyChangeType
 0001:0000ABD4       AppendChars
 0001:0000AF9C       AppendFormat
 0001:0000AC38       AppendNumber
 0001:0000AC18       AppendString
 0002:0000B3E4       Application
 0001:0004DCA4       ApplicationRestore
 0002:00006A5C       AppVisible
 0001:00006ED4       AreTheSameLeak
 0001:0004C5B8       ASMAssigned
 0002:00000DEC       AsmConst
 0001:00051658       AssemblerDialogProc
 0001:000437C4       AssemblerToRTF
 0001:0000CBB4       AssertErrorHandler
 0002:00007018       AssertErrorProc
 0001:0000F37C       AssignLongStr
 0001:000550B4       AssignOnCloseData
 0001:0004F0EC       AssignPriority
 0001:00054F14       AssignRequestData
 0001:000221FC       AssignValidDebugInfo
 0001:0000F64C       AssignVariant
 0001:0000F410       AssignWideStr
 0001:00058528       AttachedFile
 0001:00058784       AttachedFiles
 0002:0000A408       AttachedFilesRequest
 0001:0005DE14       AttrToString
 0002:0000A58C       AutoCloseTimer
 0001:0004E650       AutoCloseTimerProc
 0002:00007478       avail
 0001:00009C54       BackfillGetDiskFreeSpaceEx
 0001:00077E50       BackgroundClipped
 0001:0002D92C       Base64Decode
 0001:0002DA0C       Base64DecodeStr
 0001:0002DA74       Base64DecodeString
 0001:0002D870       Base64Encode
 0001:00058100       Base64EncodeFromFile
 0001:0002D9C0       Base64EncodeStr
 0001:0002DA6C       Base64EncodeString
 0001:0002DA7C       Base64EncodeToString
 0001:0000D0F8       Beep
 0001:00011124       BeginGlobalLoading
 0001:00005D90       BeginPaint
 0001:00002CC4       BeginThread
 0001:0006CACC       BetterSize
 0001:00086E20       BiDiDraw
 0001:0001BEB4       BinToStr
 0001:00005B88       BitBlt
 0002:00006688       BitmapCanvasList
 0002:0000B284       BitmapImageLock
 0002:00006944       BlockCode
 0002:00007450       blockDescBlockList
 0002:00007454       blockDescFreeList
 0001:0005AC68       BlockingSendInternetMessage
 0002:000000C4       BlockOverFoot
 0002:000000C0       BlockOverHead
 0002:00000304       BooleanIdents
 0002:000069B4       BorderStyles
 0001:00010AB4       Bounds
 0002:000068A8       Breaks
 0002:0000B2BC       BrushManager
 0001:000893A4       BuildImage
 0001:00047EE4       BuildListPS
 0001:00047DAC       BuildListTH
 0002:00006AA8       ButtonCaptions
 0002:00006A7C       ButtonNames
 0002:00006924       Buttons
 0002:000066E8       ButtonStyles
 0002:00005EAC       ByteRegs1
 0002:00005EB0       ByteRegs2
 0001:00056C68       BytesPerScanline
 0001:0006C2AC       BytesPerScanline
 0001:000566D4       BytesSwap
 0001:0006C604       ByteSwapColors
 0001:0000D1DC       ByteToCharIndex
 0001:0000D1B4       ByteToCharLen
 0001:0000D178       ByteType
 0001:0000D100       ByteTypeTest
 0002:00000310       C10000
 0002:0000A788       Cached_LogFile
 0001:00065D64       CalcAddr
 0001:00056704       CalcCRC
 0001:0002D838       CalcDecodedSize
 0001:0004A6D8       CalcDuplicatedException
 0001:0002D80C       CalcEncodedSize
 0001:0008CEB8       CalcJmpOffset
 0001:00081728       CalcSplitterPos
 0001:00022D68       CalculateRelocatedAsmSize
 0001:0004B7D4       CallAttachedFilesRequest
 0001:0004B844       CallAttachedFilesRequestEvents
 0001:0004B978       CallCustomButtonClickEvent
 0001:0004B9E4       CallCustomButtonClickEvents
 0001:0004B704       CallCustomDataRequest
 0001:0004B774       CallCustomDataRequestEvents
 0001:0004B8A8       CallCustomWebFieldsRequest
 0001:0004B918       CallCustomWebFieldsRequestEvents
 0001:00006590       CallerOfReallocMem
 0001:000662B4       CallEurekaLog
 0001:0004B408       CallExceptionActionNotify
 0001:0005E720       CallExceptionActionNotify_atSavedLogFile
 0001:0005E6FC       CallExceptionActionNotify_atSavingLogFile
 0001:00059AA8       CallExceptionActionNotify_atSendingEmail
 0001:00059AF0       CallExceptionActionNotify_atSendingWebMessage
 0001:00059ACC       CallExceptionActionNotify_atSentEmail
 0001:00059B14       CallExceptionActionNotify_atSentWebMessage
 0001:0005E9E0       CallExceptionActionNotify_atShowedExceptionInfo
 0001:0005E9BC       CallExceptionActionNotify_atShowingExceptionInfo
 0001:00056004       CallExceptionActionNotify_atTerminating
 0001:0004B57C       CallExceptionErrorNotify
 0001:0005E744       CallExceptionErrorNotify_atSavedLogFile
 0001:00059B38       CallExceptionErrorNotify_atSentEmail
 0001:00059B5C       CallExceptionErrorNotify_atSentWebMessage
 0001:0004B210       CallExceptionNotify
 0001:0004B27C       CallExceptionNotifyEvents
 0002:000063EC       CallFromCOMObject
 0001:0004B2E0       CallHandledExceptionNotify
 0001:0004B34C       CallHandledExceptionNotifyEvents
 0001:0004B780       CallModuleEvent_AttachedFilesRequest
 0001:0004B924       CallModuleEvent_CustomButtonClickNotify
 0001:0004B6B0       CallModuleEvent_CustomDataRequest
 0001:0004B850       CallModuleEvent_CustomWebFieldsRequest
 0001:0004B358       CallModuleEvent_ExceptionActionNotify
 0001:0004B4D0       CallModuleEvent_ExceptionErrorNotify
 0001:0004B1C0       CallModuleEvent_ExceptionNotify
 0001:0004B288       CallModuleEvent_HandledExceptionNotify
 0001:0004B9F0       CallModuleEvent_PasswordRequest
 0001:00005D98       CallNextHookEx
 0001:0004B644       CallPasswordRequest
 0001:0004D934       CallStackByAddresses
 0001:00051B24       CallStackDialogProc
 0001:0000D97C       CallTerminateProcs
 0001:00005DA0       CallWindowProc
 0001:0005EA04       CallWriteIntraWebText
 0001:0006491C       Call_HookedExceptionObject
 0001:000646B8       Call_HookedRaise
 0001:00064948       Call_HookedRtlUnwind
 0001:00056274       CalsCoordinates
 0002:0000A53D       CanAttachScreenshot
 0002:0000A539       CanAttachScreenshot_Show
 0001:00065C28       CanCallUnhandledException
 0001:000764D8       CancelDrag
 0002:0000A53E       CanCopy
 0002:0000A53A       CanCopy_Show
 0001:0004C39C       CanExit
 0002:0000A501       CanHookLibraries
 0002:000063C0       CannotProcessMessagesExceptions
 0002:0000A70C       CannotUseThread
 0001:000622F0       CanPauseThisThread
 0002:0000A538       CanSendError_Show
 0002:0000A53C       CanSendMessage
 0002:0000A53B       CanSupport_Show
 0002:0000B2C0       CanvasList
 0002:0000B39C       CanvasList
 0002:0000A7B8       CaptionFontName
 0002:00006A68       Captions
 0002:0000A9F4       CAPTION_HEIGHT
 0002:000067B0       CaptureControl
 0002:00001F60       cBase64Codec
 0002:00001FA0       cBase64Codec
 0002:00006848       cBooleanToItemAutoFlag
 0001:0004FB18       CenterOnActiveWndMonitor
 0001:0004E5D0       CenterWindow
 0002:0000B34E       CF_COMPONENT
 0002:0000B34C       CF_PICTURE
 0002:0000A4C8       CGIHandleException_D5Down
 0002:0000A470       CGIOutputFile
 0002:000073EC       ChangeAnyProc
 0001:00074C0C       ChangeBiDiModeAlignment
 0001:000097B0       ChangeFileExt
 0001:000680DC       ChangeFinalizationOrder
 0001:00055028       ChangeLogUserEmail
 0001:00003CCC       ChangeSourceAny
 0001:00000224       CharNext
 0002:00004BCC       chars
 0001:0006AC2C       CharsetToIdent
 0001:0000D2A0       CharToByteIndex
 0001:0000D304       CharToByteLen
 0001:0006D07C       CheckBool
 0001:0006889C       CheckCrc32
 0001:0001B108       CheckDirectoryExists
 0001:0002F500       CheckError
 0001:0002333C       CheckFail
 0001:00067EE4       CheckForMemoryLeaks
 0001:000493D4       CheckForResult
 0001:0001AF54       CheckIntoIDE
 0001:00002310       CheckJmp
 0001:0001AE78       CheckKey
 0001:00042814       CheckMagicCode
 0001:00005DA8       CheckMenuItem
 0001:00006C24       CheckOurPointer
 0002:00006898       Checks
 0001:0008CDC8       CheckTaskWindow
 0001:00076208       CheckUndock
 0002:0000684C       cItemAutoFlagToBoolean
 0002:00006844       cItemAutoFlagToMenu
 0002:0000767C       ClassAliasList
 0001:00017550       Classes
 0002:00007678       ClassList
 0001:00010ADC       ClassNotFound
 0002:000073E8       ClearAnyProc
 0001:0006A5A4       ClearColor
 0001:00046310       ClearInternalError
 0002:0000A95D       ClickLinkActive
 0001:00039EB0       ClickOnSign
 0001:00005DB0       ClientToScreen
 0001:0007F190       ClientToWindow
 0002:00006680       ClipboardFormats
 0001:00072F84       Clipbrd
 0001:00044660       CloneObject
 0001:00005DB8       CloseClipboard
 0001:000001C4       CloseHandle
 0001:000057E0       CloseHandle
 0001:0004A6BC       CloseLogFile
 0001:000427B8       ClosePrinter
 0001:0005844C       CloseSendDialog
 0001:000223A4       closesocket
 0001:000256C8       CloseZipFile
 0002:00007030       CmdLine
 0002:0000702C       CmdShow
 0002:00006840       cMenuAutoFlagToItem
 0002:00006408       ColIdx
 0002:00006450       Colors
 0001:0006AA24       ColorToIdent
 0001:0006AA14       ColorToRGB
 0002:0000A990       ColWidths
 0001:00005B90       CombineRgn
 0002:0000B3E0       CommandPool
 0001:0007089C       Commctrl
 0001:0009694C       CommDlg
 0001:000006E0       Commit
 0002:00007494       committedRoot
 0001:00057338       CommonSaveToStream
 0001:0004C77C       CompareEurekaFunctions
 0001:00085700       CompareFront
 0001:000091A8       CompareMem
 0001:00047354       CompareModulesFunctions
 0001:000476E0       CompareProcessesFunctions
 0001:000057E8       CompareString
 0001:000091C8       CompareText
 0001:0005CC98       CompleteIP
 0001:000311B0       CompleteNumber
 0001:00042DB0       CompleteStr
 0001:00035D38       CompleteStr
 0001:0005DE68       CompleteString
 0001:0001441C       ComponentCreated
 0001:0002CAC4       Compress
 0001:000270C4       compressBound
 0001:00044160       ComputerName
 0001:0001D9F4       ComputerName
 0001:000223AC       connect
 0001:0000EFCC       Consts
 0001:000707A8       Contnrs
 0002:0000B36A       ControlAtom
 0001:000822AC       Controls
 0001:0000C610       ConvertAddr
 0001:00006824       ConvertAddress
 0001:0001A790       ConvertAddress
 0001:0000AD28       ConvertEraString
 0001:00009034       ConvertError
 0001:0000904C       ConvertErrorFmt
 0001:00035494       ConvertNotDosText
 0001:0002DFB4       ConvertSpecialHTMLChars
 0001:0000AE94       ConvertYearString
 0001:000041DC       CopyArray
 0001:0006DB50       CopyBitmap
 0001:0006E210       CopyBitmapAsMask
 0001:000062B8       CopyMemory
 0001:0006E1AC       CopyPalette
 0001:00005DC0       CopyRect
 0001:0004BCE4       CopyStrings
 0001:00088540       CopyToBest
 0001:00007464       CountAllLeaks
 0001:0000D22C       CountChars
 0002:0000B29C       CounterLock
 0001:000529B0       CPUDialogProc
 0001:00043B60       CPUToRTF
 0002:00001D4C       Crc16Tab
 0001:0002721C       crc32
 0002:00009F74       crc_table
 0002:00001F4C       crc_table_computed
 0001:00056E7C       Create8bitBitmap
 0001:0000CAF8       CreateAssertException
 0001:0000CC90       CreateAVObject
 0001:00005B98       CreateBitmap
 0001:00005BA0       CreateBrushIndirect
 0001:00005BA8       CreateCompatibleBitmap
 0001:00005BB0       CreateCompatibleDC
 0001:0001449C       CreateComponent
 0001:000063A0       CreateDialog
 0001:0004E264       CreateDialogFonts
 0001:00005DC8       CreateDialogParam
 0001:00005BC0       CreateDIBitmap
 0001:00005BB8       CreateDIBSection
 0001:00009D5C       CreateDir
 0001:000057F0       CreateDirectory
 0001:000057F8       CreateEvent
 0001:0004F3A0       CreateExceptionReport
 0001:00005800       CreateFile
 0001:000001CC       CreateFileA
 0001:00005808       CreateFileMapping
 0001:00005BC8       CreateFont
 0001:00005BD0       CreateFontIndirect
 0001:0005EA10       CreateGeneralText
 0001:00005BD8       CreateHalftonePalette
 0001:000487C4       CreateHTMLByLayout
 0001:0004ADF0       CreateHTMLFile
 0001:00005DD0       CreateIcon
 0001:0000CA34       CreateInOutError
 0001:0004F684       CreateLeakReport
 0001:0005FC9C       CreateLogText
 0001:00005DD8       CreateMenu
 0001:00024AE4       CreateMXQuery
 0001:00056A9C       CreateOctreeNode
 0001:00005BE0       CreatePalette
 0001:00005BE8       CreatePenIndirect
 0001:00005DE0       CreatePopupMenu
 0001:00005810       CreateProcess
 0001:00005BF0       CreateRectRgn
 0001:00005BF8       CreateRectRgnIndirect
 0001:00005C00       CreateSolidBrush
 0001:0006C65C       CreateSystemPalette
 0001:00048B9C       CreateTemplateFile
 0001:0000022C       CreateThread
 0001:00005818       CreateThread
 0001:0004F824       CreateThreadStr
 0001:000595A8       CreateTmpLogFile
 0001:00044B24       CreateVirtualFile
 0001:0000636C       CreateWindow
 0001:00005DE8       CreateWindowEx
 0001:0004AEBC       CreateXMLLogCopy
 0001:00059B80       CreateZIPFile
 0001:00025474       CreateZipFile
 0001:000673D8       Create_EurekaLogUnitsList
 0002:000066F0       CreationControl
 0002:00000CBC       CriticalError
 0002:000063E4       CriticalExceptObject
 0002:000067EC       Ctl3DStyles
 0002:0000748C       curAlloc
 0002:0000754C       CurrencyDecimals
 0002:00007548       CurrencyFormat
 0002:00007544       CurrencyString
 0002:0000A4F0       CurrentAsmErrorLine
 0002:0000A4F8       CurrentAsmErrorText
 0002:0000A4FC       CurrentCPUErrorText
 0002:0000A590       CurrentDialog
 0001:00065DD8       CurrentEurekaLogOptions
 0002:0000A4F4       CurrentGeneralErrorText
 0002:0000A46C       CurrentOptions
 0002:0000A5A8       CurrentProcessWindowsList
 0002:0000A55C       CurrentRequestValue
 0002:000063D0       CurrentStackList
 0001:0000ABC0       CurrentYear
 0002:000069E0       CursorMap
 0002:00006700       Cursors
 0001:00074EB8       CursorToIdent
 0002:0000A410       CustomButtonClickNotify
 0002:0000A404       CustomDataRequest
 0002:0000A528       CustomExceptMessage
 0002:0000A40C       CustomWebFieldsRequest
 0002:0000A378       CV
 0002:00000028       cwChop
 0002:0000754D       DateSeparator
 0001:0000B76C       DateTimeToStr
 0001:0000B710       DateTimeToString
 0001:0000A678       DateTimeToTimeStamp
 0001:0000AB48       DayOfWeek
 0002:0000A5A4       DbgSection
 0002:0000644C       DDBsOnly
 0001:0008D030       DeallocateHWnd
 0002:00000008       DebugHook
 0002:0000A6E4       DebugHook_Assigned
 0001:0005B128       DebugToStr
 0002:0000754B       DecimalSeparator
 0001:0000AAB8       DecodeDate
 0001:0001F7A4       DecodeNameString
 0001:0000A7A0       DecodeTime
 0001:00000774       Decommit
 0001:00000D90       DecommitFree
 0002:00007468       decommittedRoot
 0001:0002D710       Decrypt
 0001:0009492C       Default
 0001:0008F984       Default
 0002:00000000       Default8087CW
 0002:000066F4       DefaultDockTreeClass
 0002:00006650       DefBrushData
 0002:00006420       DefFontData
 0001:00005DF0       DefFrameProc
 0001:00028054       deflate
 0001:00028318       deflateEnd
 0001:00027A68       deflateInit_
 0002:000001FC       DefLongDayNames
 0002:000001B0       DefLongMonthNames
 0001:00005DF8       DefMDIChildProc
 0002:00006630       DefPenData
 0002:000001E0       DefShortDayNames
 0002:00000180       DefShortMonthNames
 0001:00005E00       DefWindowProc
 0001:00000430       DeleteBlock
 0001:000003A0       DeleteCriticalSection
 0001:00005820       DeleteCriticalSection
 0001:00005C08       DeleteDC
 0001:00059CF0       DeleteExtraFiles
 0001:00005828       DeleteFile
 0001:00009718       DeleteFile
 0001:00000BD8       DeleteFree
 0001:00005E08       DeleteMenu
 0001:00005C10       DeleteObject
 0001:000569A8       DeleteTree
 0001:00044C90       DeleteVirtualFile
 0001:0006D70C       DeselectBitmap
 0001:00005E10       DestroyCursor
 0001:0004E4AC       DestroyDialogFonts
 0001:00005E18       DestroyIcon
 0001:00005E20       DestroyMenu
 0001:00005E28       DestroyWindow
 0002:0000A9D0       DetailsActive
 0001:000500FC       DetailsState
 0001:00005E30       DialogBoxParam
 0002:0000A9DC       DialogHeight
 0001:00096C18       Dialogs
 0002:0000A6F4       DialogType
 0002:0000668C       DIBPalSizes
 0002:00000054       dig
 0002:00000CC0       Digits
 0001:00048B78       DirectoryExists
 0001:00007F38       DisableMemoryLeaksCheck
 0001:0008CC1C       DisableTaskWindows
 0001:00005E38       DispatchMessage
 0001:00092CD8       DispatchShortCut
 0001:00009018       DivMod
 0001:000969BC       Dlgs
 0001:0004DF1C       DlgTemplate
 0002:000076D0       DllList
 0001:0007A328       DoAlign
 0001:00093D34       DoAlign
 0001:0007E160       DoCalcConstraints
 0002:0000B394       DockSiteList
 0001:000890D0       DoClick
 0001:0007B7F4       DoControlMsg
 0001:0008CBCC       DoDisableWindow
 0001:00075B2C       DoDragOver
 0001:0000A838       DoEncodeDate
 0001:0000A6B8       DoEncodeTime
 0001:000090CC       DoExitProc
 0001:0007FC88       DoFindControlZone
 0001:0008CD08       DoFindWindow
 0001:000801EC       DoFindZone
 0001:0007FD0C       DoForEach
 0001:00081580       DoGetNextLimit
 0001:0001DD30       Done
 0001:00023810       Done
 0001:000691B0       Done
 0001:00024F18       Done
 0001:00008124       Done
 0001:0008CB94       DoneApplication
 0001:000670C0       DoneCheckFreeze
 0001:000820D8       DoneControls
 0002:0000A4C0       DoneExcept
 0001:00068090       DoneExceptAddr
 0001:0000D034       DoneExceptions
 0001:0002EFDC       DoneLib
 0001:00007CC4       DoneShareMem
 0001:000911B8       DoNestedActivation
 0001:00093B84       DoPosition
 0001:00079F8C       DoPosition
 0001:00080C00       DoPrune
 0001:000810B0       DoSaveZone
 0001:000812B4       DoSetNewBounds
 0002:0000030C       DotSep
 0001:0006D2D4       DoWrite
 0001:00078CD8       DoWrite
 0001:00084014       DoWrite
 0001:00011F24       DoWrite
 0002:0000B378       DragCapture
 0002:0000B36C       DragControl
 0001:00076278       DragDone
 0001:00075ADC       DragFindTarget
 0001:00075AB0       DragFindWindow
 0002:0000B374       DragFreeObject
 0002:0000B390       DragImageList
 0001:00075ED0       DragInit
 0001:00076040       DragInitControl
 0001:00075A34       DragMessage
 0002:0000B370       DragObject
 0002:0000B384       DragSaveCursor
 0002:0000B37C       DragStartPos
 0002:0000B388       DragThreshold
 0001:00075BFC       DragTo
 0001:00094968       DrawAppIcon
 0001:00039674       DrawBmp
 0001:0003A200       DrawBottom
 0001:00054E44       DrawButton
 0001:00054CD8       DrawClickHere
 0001:00080764       DrawCloseButton
 0001:00054C54       DrawControl
 0001:00005E40       DrawEdge
 0001:0003A188       DrawFrame
 0001:00005E48       DrawFrameControl
 0001:000807BC       DrawGrabberLine
 0001:00005E50       DrawIcon
 0001:00005E58       DrawIconEx
 0002:00006824       DrawingStyles
 0001:0003A2A8       DrawItem
 0001:0003A254       DrawLine
 0001:00005E60       DrawMenuBar
 0001:0008A3C8       DrawMenuItem
 0001:00052F6C       DrawSupportLink
 0001:00005E68       DrawText
 0001:0006C12C       DupBits
 0002:0000A53F       DuplicatedException
 0001:00005830       DuplicateHandle
 0001:000041F4       DynArrayClear
 0001:000041FC       DynArraySetLength
 0001:0002DAE0       EBase64
 0001:00019F38       EConsts
 0001:0001DD88       ECore
 0001:0002235C       EDebug
 0002:00006908       EdgeStyle
 0002:000067DC       EdgeStyles
 0001:00041CFC       EDisAsm
 0001:0002D804       EEncrypt
 0001:0002D4B0       EHash
 0001:0000CA08       EHeapException.FreeInstance
 0001:0002390C       EHook
 0001:000359CC       ElaborateString
 0001:0002F7C0       ElaborateURL
 0001:0002F928       ElaborateWebPage
 0001:00023A1C       ELang
 0001:000081E4       ELeaks
 0001:0003A8C8       EListView
 0001:0003959C       ELogManager
 0001:00005E70       EmptyClipboard
 0002:00007414       EmptyParam
 0002:000000D4       EmptyStr
 0002:000003BC       EMsgs
 0001:00007DAC       EnableMemoryLeaksCheck
 0001:00005E78       EnableMenuItem
 0002:000068A0       Enables
 0001:00005E80       EnableScrollBar
 0001:0008CCD0       EnableTaskWindows
 0001:00005E88       EnableWindow
 0001:000568CC       Encode
 0001:0000A900       EncodeDate
 0002:00004BAC       EncodedChars
 0001:0000A728       EncodeTime
 0001:0005970C       EncodeURL
 0001:00005E90       EndDialog
 0001:000111B4       EndGlobalLoading
 0001:00005E98       EndPaint
 0001:00002D08       EndThread
 0001:00005838       EnterCriticalSection
 0001:00000390       EnterCriticalSection
 0001:00005840       EnumCalendarInfoA
 0002:0000B2EC       EnumDisplayMonitors
 0001:0000C25C       EnumEraNames
 0001:0000C298       EnumEraYearOffsets
 0001:0008FE04       EnumMonitorsProc
 0001:000427A8       EnumPrinters
 0001:00005848       EnumSystemLocales
 0001:00005EA0       EnumThreadWindows
 0001:00013DFC       EnumValue
 0001:00005EA8       EnumWindows
 0001:00046724       EnumWindowsProc
 0001:000465B8       EnumWindowsProc
 0001:00046610       EnumWindowsProc
 0001:0001ECF0       Eof
 0001:00005EB0       EqualRect
 0002:00007610       EraNames
 0001:0000B9EC       EraToYear
 0002:0000762C       EraYearOffsets
 0002:0000004C       errCaption
 0001:000136E4       Error
 0001:00085450       Error
 0001:00007B8C       Error
 0001:0000178C       Error
 0001:000577AC       Error
 0002:00007040       ErrorAddr
 0001:0000CAB4       ErrorHandler
 0002:00000218       ErrorMap
 0002:00007004       ErrorProc
 0002:00000B94       EShowOptions
 0001:00024F78       ESockets
 0001:000175F4       ETypes
 0002:000003B4       EurekaLogCurrentVersion
 0002:0000A558       EurekaLogList
 0001:0005805C       EurekaLogSendEmail
 0002:00005EC8       EurekaLogUnits
 0002:0000A580       EurekaLogUnitsList
 0001:0004C1B0       EurekaLog_AttachedFilesRequestEvent
 0001:00064F7C       EurekaLog_CallCreateThread
 0001:000647D4       EurekaLog_CallExceptObject
 0001:000650B4       EurekaLog_CallExitThread
 0001:00064684       EurekaLog_CallGeneralRaise
 0001:00065010       EurekaLog_CallResumeThread
 0001:0004C2F8       EurekaLog_CustomButtonClickEvent
 0001:0004C10C       EurekaLog_CustomDataRequestEventEx
 0001:0004C254       EurekaLog_CustomWebFieldsRequestEvent
 0001:0004BFC4       EurekaLog_ExceptionActionNotifyEvent
 0001:0004C068       EurekaLog_ExceptionErrorNotifyEvent
 0001:0004BE7C       EurekaLog_ExceptionNotifyEvent
 0001:0004BF20       EurekaLog_HandledExceptionNotifyEvent
 0001:0004BD68       EurekaLog_PasswordRequestEvent
 0001:0004BDAC       EurekaLog_PasswordRequestEventEx
 0002:0000091C       EVals
 0002:00000C54       EVariablesOptions
 0001:00034DCC       EWebTools
 0001:0000C5F8       ExceptAddr
 0002:00007008       ExceptClsProc
 0001:0000CF58       ExceptHandler
 0001:0000C87C       Exception.Create
 0001:0000C8B8       Exception.CreateFmt
 0001:0000C938       Exception.CreateRes
 0001:0000C974       Exception.CreateResFmt
 0002:0000A3F8       ExceptionActionNotify
 0002:00007010       ExceptionClass
 0002:0000A440       ExceptionCriticalSection
 0001:0000C61C       ExceptionErrorMessage
 0002:0000A3FC       ExceptionErrorNotify
 0001:000458CC       ExceptionLine
 0001:000695B8       ExceptionLog
 0001:00066494       ExceptionManager
 0002:0000A3F0       ExceptionNotify
 0002:0000A478       ExceptionNumber
 0002:0000A598       ExceptionsTime
 0002:0000A59C       ExceptionTime
 0001:00049100       ExceptionTypeByAddr
 0002:00000250       ExceptMap
 0001:00063D38       ExceptNotify
 0001:0005AF50       ExceptNotifyAfter1
 0001:0005B04C       ExceptNotifyAfter2
 0001:0005B060       ExceptNotifyAfter3
 0001:0000C5E0       ExceptObject
 0002:0000700C       ExceptObjProc
 0002:00007000       ExceptProc
 0001:00005C18       ExcludeClipRect
 0002:00007038       ExitCode
 0001:00002B04       ExitDll
 0002:0000703C       ExitProc
 0001:0000023C       ExitProcess
 0002:00000148       ExitProcList
 0001:00000234       ExitThread
 0001:00005850       ExitThread
 0001:00035374       EXMLBuilder
 0001:0001A260       ExpandEnvVars
 0001:0000998C       ExpandFileName
 0001:0004C800       ExportedFunctions
 0001:00096984       ExtCtrls
 0001:0004A250       ExtractDebugData
 0001:00009878       ExtractFileDrive
 0001:00009944       ExtractFileExt
 0001:0000990C       ExtractFileName
 0001:00006528       ExtractFileName
 0001:00009844       ExtractFilePath
 0001:000099C8       ExtractFilePathNoDrive
 0001:00066898       ExtractGZipStream
 0001:0004A82C       ExtractList
 0001:00009A9C       ExtractRelativePath
 0001:00049DC0       ExtractStr
 0001:0001AC44       ExtractStringsEx
 0001:0004F1D4       ExtractThreadByList
 0001:00037038       ExtractValue
 0001:0002DC70       EZip
 0001:0002C9B4       EZlib
 0002:0000A794       fActive
 0002:00006400       fActivePage
 0002:0000A7B0       fBigFont
 0002:0000A798       fCaptionFont
 0002:0000B354       FClipboard
 0002:0000A78C       fDlgBack
 0001:0005E1A8       FetchStr
 0002:0000A7A0       fFixedFont1
 0002:0000A7A4       fFixedFont2
 0001:000095AC       FileAge
 0001:000095A4       FileClose
 0001:0000951C       FileCreate
 0001:00009CC8       FileDateToDateTime
 0001:00009614       FileExists
 0002:00006684       FileFormats
 0002:0000704A       FileMode
 0001:000094DC       FileOpen
 0001:00009540       FileRead
 0002:00000314       FilerSignature
 0001:00009598       FileSeek
 0001:00005858       FileTimeToDosDateTime
 0001:00005860       FileTimeToLocalFileTime
 0001:0000956C       FileWrite
 0001:00000CC0       FillAfterGap
 0001:0004B048       FillAttachedList
 0001:00000C6C       FillBeforeGap
 0001:00000D58       FillerSizeAfterGap
 0001:00000CE8       FillerSizeBeforeGap
 0001:00005EB8       FillRect
 0001:0004779C       FillThreadsCount
 0001:00005768       Finalization
 0001:0007086C       Finalization
 0001:00041C60       Finalization
 0001:00070778       Finalization
 0001:0007041C       Finalization
 0001:0002D7D4       Finalization
 0001:0002240C       Finalization
 0001:00073100       Finalization
 0001:00070FF8       Finalization
 0001:00071038       Finalization
 0001:00082258       Finalization
 0001:00071078       Finalization
 0001:000710B0       Finalization
 0001:000830C0       Finalization
 0001:000968E4       Finalization
 0001:000967C8       Finalization
 0001:0002DAB0       Finalization
 0001:000968AC       Finalization
 0001:00096874       Finalization
 0001:0002DC40       Finalization
 0001:000054CC       Finalization
 0001:00084550       Finalization
 0001:0009683C       Finalization
 0001:0002D480       Finalization
 0001:00034D7C       Finalization
 0001:00035344       Finalization
 0001:00072F48       Finalization
 0001:000222C0       Finalization
 0001:00097388       Finalization
 0001:0003956C       Finalization
 0001:00097350       Finalization
 0001:0002236C       Finalization
 0001:0000EA94       Finalization
 0001:000084B0       Finalization
 0001:000081AC       Finalization
 0001:0000EC54       Finalization
 0001:00096954       Finalization
 0001:0001DD34       Finalization
 0001:000710E8       Finalization
 0001:0000EC94       Finalization
 0001:00072F10       Finalization
 0001:0000EF9C       Finalization
 0001:0008A6B4       Finalization
 0001:00019EB4       Finalization
 0001:000239EC       Finalization
 0001:0009691C       Finalization
 0001:000238B8       Finalization
 0001:0000F754       Finalization
 0001:00024F20       Finalization
 0001:0009698C       Finalization
 0001:0003A898       Finalization
 0001:00017498       Finalization
 0001:00096BBC       Finalization
 0001:000175C4       Finalization
 0001:0007140C       Finalization
 0001:000064B0       Finalization
 0001:00069408       Finalization
 0001:0002C984       Finalization
 0002:000074F4       FinalizationProc
 0001:000041EC       FinalizeArray
 0001:00088EE4       Find
 0001:00004458       FindBS
 0001:00010BF8       FindClass
 0001:0000442C       FindClassHInstance
 0001:00005868       FindClose
 0001:000096FC       FindClose
 0001:0000024C       FindClose
 0001:00000C3C       FindCommitted
 0001:00074CD8       FindControl
 0001:000803F4       FindControlAtPos
 0001:00076524       FindDragTarget
 0001:00059528       FindEOFLine
 0001:0002F3F0       FindErrorMessage
 0001:0005E968       FindException
 0001:0001464C       FindExistingComponent
 0001:00009688       FindFirst
 0001:00000254       FindFirstFile
 0001:00005870       FindFirstFile
 0001:00047A40       FindFullPath
 0001:0004A1B0       FindFunction
 0001:0008CE14       FindGlobalComponent
 0002:00007670       FindGlobalComponent
 0001:00042828       FindHandled
 0001:00004404       FindHInstance
 0001:00010F98       FindIdentToInt
 0001:00006FA0       FindLeakAddress
 0001:000071B0       FindLeakClassName
 0001:00006EF8       FindLeakSons
 0001:000687D8       FindMainInstance
 0001:00009624       FindMatchingFile
 0001:00046B14       FindModuleType
 0002:0000B42C       FindMsg
 0001:00013998       FindNestedComponent
 0001:000096D8       FindNext
 0001:00005878       FindNextFile
 0001:00006E54       FindNextValidLeak
 0001:0001EE60       FindParam
 0001:00085418       FindPopupControl
 0001:000476E8       FindProcess
 0001:00005880       FindResource
 0001:00004434       FindResourceHInstance
 0001:00096178       FindScanline
 0001:000391E0       FindSection
 0001:0002EB50       FindSelected
 0001:0008CD6C       FindTopMostWindow
 0001:0001551C       FindUniqueName
 0001:000764F0       FindVCLWindow
 0001:00005EC0       FindWindow
 0001:00002988       FInitUnits
 0002:0000A7BC       FixedFontName1
 0002:0000A7C0       FixedFontName2
 0002:0000A7B4       FixedFontSize
 0002:0000A9F8       FixedTmpOptionsFile
 0001:0006DB04       FixupBitFields
 0002:00006918       Flags
 0002:00007658       FLanguages
 0001:0007143C       FlatSB
 0002:0000B314       FlatSB_EnableScrollBar
 0002:0000B320       FlatSB_GetScrollInfo
 0002:0000B324       FlatSB_GetScrollPos
 0002:0000B31C       FlatSB_GetScrollRange
 0002:0000B32C       FlatSB_SetScrollInfo
 0002:0000B328       FlatSB_SetScrollPos
 0001:0007112C       FlatSB_SetScrollProp
 0002:0000B330       FlatSB_SetScrollRange
 0002:0000B318       FlatSB_ShowScrollBar
 0002:0000A7A8       fLinkFont
 0002:0000A7AC       fLinkFont2
 0002:0000A938       fListViewItems
 0002:000055AC       FloatingPointOpcodes
 0001:0000E791       FloatToDecimal
 0001:0000E1EE       FloatToText
 0001:0000E4BE       FloatToTextFmt
 0001:00005888       FlushInstructionCache
 0002:0000A790       fMemoBack
 0002:0000A918       fMonitor
 0002:0000A920       fMonitorInfo
 0002:00000174       FMSecsPerDay
 0001:0000A510       FmtStr
 0002:00006930       FocusCount
 0002:0000692C       FocusMessages
 0002:000065A0       FontCharsets
 0002:0000B2B4       FontManager
 0001:000663E0       ForceApplicationTermination
 0001:0008CDE8       ForegroundTask
 0001:0000A4FC       Format
 0002:0000017C       Format
 0001:0000A09C       FormatBuf
 0001:0000A090       FormatClearStr
 0001:0005E63C       FormatComplete
 0001:0000B780       FormatDateTime
 0001:0000A024       FormatError
 0002:0000016C       FormatErrorStrs
 0001:0000A5D8       FormatFloat
 0001:00005890       FormatMessage
 0001:00021CBC       FormatProcName
 0001:0000A07C       FormatVarToStr
 0002:0000B430       FormRange
 0001:0009681C       Forms
 0001:00004F70       FPower10
 0002:000066D4       FPrinter
 0001:00005EC8       FrameRect
 0001:00007438       FreeAllLeaks
 0001:0000DE68       FreeAndNil
 0001:00044694       FreeClonedObject
 0001:000009A8       FreeCommitted
 0001:00000EB0       FreeCurAlloc
 0001:000765E4       FreeDeviceContext
 0001:000766A0       FreeDeviceContexts
 0001:00017424       FreeIntConstList
 0001:00005898       FreeLibrary
 0001:0000025C       FreeLibrary
 0001:0006D660       FreeMemoryContexts
 0001:0008CF58       FreeObjectInstance
 0001:00042A98       FreeOutOfMemoryCache
 0001:000058B8       FreeResource
 0001:00057770       FreeScreenshot
 0001:00000628       FreeSpace
 0001:0000D998       FreeTerminateProcs
 0001:00016080       FreeThreadWindow
 0002:0000A504       FreezeThread
 0002:0000A91C       fSendBmp
 0002:0000A3CC       FtpOpenFile
 0001:000347AC       FTPUploadFiles
 0002:0000A79C       fVariableFont
 0001:0006C11C       GDICheck
 0001:0006C074       GDIError
 0001:000527A8       GeneralDialogProc
 0001:00064464       GeneralRaise
 0001:00043360       GeneralToRTF
 0001:00065FC4       GenerateCallStack
 0001:0005A6A4       GenerateCustomWebFieldsString
 0001:00048A54       GenerateHTML
 0001:00030068       GenerateMultipartBoundary
 0001:00033C00       GenerateMultipartBoundary
 0001:00033D30       GenerateRequestBody
 0001:000301BC       GenerateRequestBody
 0001:000058C0       GetACP
 0001:0005BE48       GetActiveControlClass
 0001:0005BE60       GetActiveControlText
 0001:0005BD68       GetActiveFormClass
 0001:0005BDB4       GetActiveFormText
 0001:0004F88C       GetActiveMonitorData
 0001:00005ED0       GetActiveWindow
 0001:0005CDD4       GetAdapterInfo
 0001:00047768       GetAllocatedMemory
 0001:00094208       GetAnimation
 0001:0005C964       GetApplicationName
 0001:00046688       GetApplicationRect
 0001:0005BD48       GetApplicationUpTime
 0001:00022B74       GetAsmSize
 0001:0004DD18       GetBaseOfStack
 0001:00005C20       GetBitmapBits
 0001:000003A8       GetBlockDesc
 0001:00054DBC       GetBottonWidth
 0001:00005C28       GetBrushOrgEx
 0001:0000633C       GetBValue
 0001:0004DBF4       GetCallStackByAddresses
 0001:000455B8       GetCallStackDump
 0001:00005ED8       GetCapture
 0001:00074F60       GetCaptureControl
 0001:00010B48       GetClass
 0001:00005EE0       GetClassInfo
 0001:00005EE8       GetClassName
 0001:00005EF0       GetClientRect
 0001:00005C30       GetClipBox
 0001:00000344       GetCmdShow
 0001:00083264       GetColor
 0001:0003A718       GetColumnAlign
 0001:0003A6EC       GetColumnCount
 0001:000058D0       GetCommandLine
 0001:00000264       GetCommandLine
 0001:000007F4       GetCommitted
 0001:00000884       GetCommittedAt
 0001:0005E080       GetCompanyName
 0001:0005BCEC       GetCompilationDate
 0001:00042E38       GetCompleteTimeStr
 0001:000058D8       GetComputerName
 0001:0007B338       GetControlAtPos
 0001:0006383C       GetControlClass
 0001:00063894       GetControlText
 0001:0000AC84       GetCount
 0001:000058C8       GetCPInfo
 0001:0002CA60       GetCRC16
 0001:0002CA18       GetCRC32
 0001:00009D34       GetCurrentDir
 0001:000058E0       GetCurrentDirectory
 0001:00005C38       GetCurrentObject
 0001:00005C40       GetCurrentPositionEx
 0001:0005E460       GetCurrentPrinterHandle
 0001:000058E8       GetCurrentProcess
 0001:000058F0       GetCurrentProcessId
 0001:0004DD20       GetCurrentStackPointer
 0001:0006648C       GetCurrentStackPointer
 0001:000058F8       GetCurrentThread
 0001:00004AC0       GetCurrentThreadId
 0001:00005900       GetCurrentThreadId
 0001:000062B0       GetCurrentTime
 0001:000446B4       GetCurrentTopOfStack
 0001:0005DEA8       GetCurrentUserPrivileges
 0001:00005EF8       GetCursor
 0001:00096188       GetCursorHeightMargin
 0001:00005F00       GetCursorPos
 0001:00006D2C       GetDataCaller
 0001:0000ACB0       GetDate
 0001:00005908       GetDateFormat
 0001:0000B910       GetDateOrder
 0001:00005F08       GetDC
 0001:00005F10       GetDCEx
 0001:00005C48       GetDCOrgEx
 0001:0004D610       GetDebugDetail
 0001:0005B1C8       GetDebugInfoEx
 0001:0004A548       GetDebugInfosByAddr
 0001:00049F9C       GetDebugPartialInfo
 0001:0005E23C       GetDefaultPrinter
 0001:00070028       GetDefFontCharSet
 0001:00005F18       GetDesktopWindow
 0001:00005C60       GetDeviceCaps
 0001:00052BB8       GetDialogState
 0001:0006D064       GetDIB
 0001:00005C50       GetDIBColorTable
 0001:00005C58       GetDIBits
 0001:0006CFAC       GetDIBSizes
 0001:0006C28C       GetDInColors
 0001:00005910       GetDiskFreeSpaceA
 0002:00000144       GetDiskFreeSpaceEx
 0001:0005C728       GetDiskInfo
 0001:0005DDBC       GetDisplayDPI
 0001:0005CBF8       GetDisplayMode
 0001:00005F20       GetDlgItem
 0001:000246E4       GetDNSList
 0001:00081640       GetDockAlign
 0001:00075888       GetDockSiteAtPos
 0001:000248A0       GetDomain
 0001:00024A0C       GetDomainName
 0001:00075B68       GetDropCtl
 0001:0005F984       GetDump
 0001:000020EC       GetDynaMethod
 0001:0005F6C4       GetEAX
 0001:0005F71C       GetEBX
 0001:0005F774       GetECX
 0001:0005F87C       GetEDI
 0001:00054EAC       GetEditText
 0001:0005F7CC       GetEDX
 0001:0004C5B0       GetEF
 0001:0004067C       GetEffectiveAddress
 0001:0005F92C       GetEIP
 0001:0005FBF4       GetEmptySection
 0001:0000F00C       GetEnumName
 0001:0000F0EC       GetEnumNameValue
 0001:0000F138       GetEnumValue
 0001:00005918       GetEnvironmentVariable
 0001:0001A1F4       GetEnvVariable
 0001:0000C310       GetEraNamesAndYearOffsets
 0001:0000B998       GetEraYearOffset
 0001:0005F824       GetESI
 0001:0005F8D4       GetESP
 0001:000455A8       GetESP
 0001:0004CCA8       GetEurekaLogModuleVersion
 0001:0005C05C       GetExceptionAddress
 0001:0000CC7C       GetExceptionClass
 0001:0005C044       GetExceptionDate
 0001:0005C534       GetExceptionMessage
 0001:0005C090       GetExceptionModuleName
 0001:0005C150       GetExceptionModuleVersion
 0001:0000CE5C       GetExceptionObject
 0001:0005C1C4       GetExceptionType
 0001:0004DE2C       GetExceptMessage
 0001:00005920       GetExitCodeProcess
 0001:00005928       GetExitCodeThread
 0001:00010C18       GetFieldClass
 0001:00010AD0       GetFieldClassTable
 0001:0002E3F0       GetFieldValue
 0001:00005930       GetFileAttributes
 0001:00033CC4       GetFileContents
 0001:0002F384       GetFileContents
 0001:000254CC       GetFileSize
 0001:000001DC       GetFileSize
 0001:00034770       GetFileSize
 0001:00047320       GetFileSize
 0001:000001D4       GetFileType
 0001:0005D2A0       GetFileVersionEx
 0001:00005B70       GetFileVersionInfo
 0001:00005B78       GetFileVersionInfoSize
 0001:00005F28       GetFocus
 0001:0006AC4C       GetFontData
 0001:00005F30       GetForegroundWindow
 0001:0000D55C       GetFormatSettings
 0001:0000689C       GetFramesCallStackDump
 0001:0005C80C       GetFreeDisk
 0001:0005C698       GetFreeMemory
 0001:00005938       GetFullPathName
 0001:0005B490       GetFunctionAsm
 0001:00022CAC       GetFunctionSize
 0001:0001AF0C       GetGMT
 0001:00006338       GetGValue
 0001:00005940       GetHandleInformation
 0001:0006A2A0       GetHashCode
 0001:00093FF4       GetHint
 0001:00094024       GetHintControl
 0001:000223DC       gethostbyname
 0001:000223E4       gethostname
 0001:0008A554       GetHotkey
 0001:00034004       GetHTTPResponse
 0001:0002F9E0       GetHTTPResponse
 0001:00005F38       GetIconInfo
 0001:00021FDC       GetImageNtHeaders
 0001:0005D494       GetIndexKeyName
 0001:00064130       GetIntraWebExceptionType
 0001:0003964C       GetItemRect
 0001:00051AD8       GetItemText
 0001:00005F50       GetKeyboardLayout
 0001:00005F58       GetKeyboardLayoutList
 0001:00005F60       GetKeyboardState
 0001:00001D7C       GetKeyboardType
 0001:00005F40       GetKeyNameText
 0001:00005F48       GetKeyState
 0001:0005BFF8       GetLanguageString
 0001:00005F68       GetLastActivePopup
 0001:00005948       GetLastError
 0001:0000026C       GetLastError
 0001:00006F54       GetLeakCount
 0001:0002ED60       GetListDefault
 0001:0002E9DC       GetListValue
 0001:0000C0D4       GetLocaleChar
 0001:0005BECC       GetLocaleDataA
 0001:0005BE8C       GetLocaleDataW
 0001:00005968       GetLocaleInfo
 0001:00000274       GetLocaleInfo
 0001:00005958       GetLocaleInfoA
 0001:00005960       GetLocaleInfoW
 0001:0000C088       GetLocaleStr
 0001:00005950       GetLocalTime
 0001:00074F1C       GetLongHint
 0001:0001A86C       GetLongNameFromShort
 0001:0000F390       GetLongStrProp
 0001:000465F0       GetMainWindow
 0001:00005C68       GetMapMode
 0001:0002D380       GetMD5
 0001:00001748       GetMemoryManager
 0001:00005F70       GetMenu
 0001:00091B24       GetMenuHelpContext
 0001:00005F78       GetMenuItemCount
 0001:00005F80       GetMenuItemID
 0001:00005F88       GetMenuItemInfo
 0001:00087810       GetMenuSize
 0001:00005F90       GetMenuState
 0001:00005F98       GetMenuString
 0001:0000F6A0       GetMethodProp
 0001:0001A7C8       GetModifiedDate
 0001:00025370       GetModifiedDate
 0001:00046EE0       GetModuleDescriptionAndVersion
 0001:0000027C       GetModuleFileName
 0001:0000562C       GetModuleFileName
 0001:00005970       GetModuleFileName
 0001:00005978       GetModuleHandle
 0001:00000284       GetModuleHandle
 0001:00005634       GetModuleHandle
 0001:00046CD4       GetModulePath
 0001:00046DB0       GetModuleSize
 0001:00047650       GetModulesList
 0001:000474C0       GetModulesWin9X
 0001:0004735C       GetModulesWinNT
 0001:00046E40       GetModuleVer
 0001:0004B16C       GetModule_ProcedureEvent
 0002:0000B2E8       GetMonitorInfo
 0002:0000B2E0       GetMonitorInfoA
 0002:0000B2E4       GetMonitorInfoW
 0001:0004FAF4       GetMonitorWorkAreaFromActiveWnd
 0001:0004FAD0       GetMonitorWorkAreaFromWnd
 0001:0004F9E8       GetMonitorWorkAreaFromWndEx
 0001:0000C138       GetMonthDayNames
 0001:00024C0C       GetMXBestRecord
 0001:00024B6C       GetMXRecord
 0001:00024CFC       GetMXServerFromEmail
 0001:0005D11C       GetNetworkData
 0001:00005FA0       GetNextWindow
 0001:0005E1DC       GetNTDefPrinter
 0001:00005C70       GetObject
 0001:00006D40       GetObjectCaller
 0001:00056E0C       GetOptimizedPalette
 0001:0002EC3C       GetOptionsDefault
 0001:00007B48       GetOptionsFromExeFile
 0001:0002E7DC       GetOptionsValue
 0001:0000F1B8       GetOrdProp
 0001:00045194       GetOSBuild
 0001:0005C02C       GetOSCharset
 0001:0005C020       GetOSLanguage
 0001:00044EB0       GetOSType
 0001:0005BE78       GetOSUpdate
 0001:00042A7C       GetOutOfMemoryCache
 0001:000569E4       GetPaletteColors
 0001:00005C78       GetPaletteEntries
 0001:0005BC48       GetParameters
 0001:00001904       GetParamStr
 0001:00005FA8       GetParent
 0001:0008D1A4       GetParentForm
 0001:0004CFD4       GetPassword
 0001:00005C80       GetPixel
 0001:000427C0       GetPrinterDriver
 0001:0005E4D4       GetPrinterStr
 0001:00005980       GetPriorityClass
 0001:00005988       GetPrivateProfileString
 0001:00005990       GetProcAddress
 0001:0000028C       GetProcAddress
 0001:00047F44       GetProcessesList
 0001:0005CA18       GetProcessor
 0001:0004728C       GetProcessThreads
 0001:0001A35C       GetProfileFolder
 0001:00005998       GetProfileString
 0001:00005FB0       GetProp
 0001:0000F14C       GetPropInfo
 0001:00006914       GetRawCallStackDump
 0001:00007AAC       GetRawOptions
 0001:000065A4       GetReadableSize
 0001:0001A6F0       GetReadableSize
 0001:0004A958       GetRealFileName
 0001:0008D664       GetRealScrollPosition
 0001:00040024       GetRefAddress
 0001:00040184       GetRegName
 0001:00007A64       GetResourceData
 0001:000491E4       GetResourceData
 0001:00083244       GetRGBColor
 0001:00006334       GetRValue
 0001:00005FB8       GetScrollInfo
 0001:00005FC0       GetScrollPos
 0001:00005FC8       GetScrollRange
 0001:00074ED8       GetShortHint
 0001:0000F288       GetShortStrProp
 0001:0000F320       GetShortStrPropAsLongStr
 0001:0004952C       GetSourceInfoByAddr
 0001:0000054C       GetSpace
 0001:000005B0       GetSpaceAt
 0001:000854A8       GetSpecialName
 0001:0005FB64       GetStack
 0001:0005C94C       GetStartDate
 0001:00000294       GetStartupInfo
 0001:000059A0       GetStartupInfo
 0001:000001E4       GetStdHandle
 0001:00005C88       GetStockObject
 0001:0000F548       GetStrProp
 0001:00005FD0       GetSubMenu
 0001:00049C60       GetSymbolAddr
 0001:00005FD8       GetSysColor
 0001:000059A8       GetSystemDefaultLangID
 0001:000059B0       GetSystemInfo
 0001:00005FE0       GetSystemMenu
 0002:0000B2D0       GetSystemMetrics
 0001:00005FE8       GetSystemMetrics
 0001:00005C90       GetSystemPaletteEntries
 0001:000059B8       GetSystemTime
 0001:0005CBBC       GetSystemUpTime
 0001:0002E1A4       GetTagValue
 0001:000059C0       GetTempPath
 0001:0002E5D0       GetTextAreaValue
 0001:00005C98       GetTextExtentPoint32
 0001:0004EA8C       GetTextHeight
 0001:00005CA0       GetTextMetrics
 0001:0004EBE4       GetTextWidth
 0001:000059C8       GetThreadContext
 0001:0004F270       GetThreadData
 0001:0000029C       GetThreadLocale
 0001:000059D0       GetThreadLocale
 0001:000640B8       GetThreadParams
 0001:000059D8       GetThreadPriority
 0001:000059E0       GetTickCount
 0001:0000ACE8       GetTime
 0001:000057A0       GetTokenInformation
 0001:00094718       GetTopMostWindows
 0001:000455B0       GetTopOfStack
 0001:00075068       GetTopParent
 0001:00005FF0       GetTopWindow
 0001:0005C8AC       GetTotalDisk
 0001:0005C608       GetTotalMemory
 0001:0000F000       GetTypeData
 0001:0005E06C       GetUserEmail
 0001:000057A8       GetUserName
 0001:0001A418       GetUserPath
 0001:0003012C       GetValueFromIndex
 0001:000059E8       GetVersion
 0001:000059F0       GetVersionEx
 0001:000472C4       GetVersionNumber
 0001:0005D664       GetVideoCardStr
 0001:00022778       GetVirtualMethod
 0001:0000F424       GetWideStrProp
 0001:0000F4A4       GetWideStrPropAsLongStr
 0001:00005FF8       GetWindow
 0001:0004645C       GetWindowClassName
 0001:00006000       GetWindowDC
 0001:00006008       GetWindowLong
 0001:00005CA8       GetWindowOrgEx
 0001:00006010       GetWindowPlacement
 0001:00006018       GetWindowRect
 0001:000059F8       GetWindowsDirectory
 0001:00006020       GetWindowText
 0001:00006028       GetWindowThreadProcessId
 0001:0001B148       GetWorkingFile
 0001:00005A00       GlobalAddAtom
 0001:00005A08       GlobalAlloc
 0001:000062CC       GlobalAllocPtr
 0001:00005A10       GlobalDeleteAtom
 0002:00007684       GlobalFixupList
 0001:00013AE0       GlobalFixupReferences
 0001:00005A18       GlobalFree
 0001:000062F8       GlobalFreePtr
 0001:00005A28       GlobalHandle
 0001:00005A20       GlobalLock
 0001:00005A30       GlobalMemoryStatus
 0002:0000766C       GlobalNameSpace
 0001:00005A38       GlobalReAlloc
 0001:000062DC       GlobalReAllocPtr
 0002:0000ADF8       GlobalSendValues
 0001:00005A40       GlobalUnlock
 0002:0000A770       Global_AttachedFiles
 0002:0000A717       Global_CloseDialog
 0002:0000A764       Global_CurrentEvent
 0002:0000A778       Global_DataFields
 0002:0000A73C       Global_ExceptionRecord
 0002:0000A714       Global_Execute
 0002:0000A715       Global_Handled
 0002:000063F8       Global_IntoHandleException
 0002:0000A780       Global_IntraWebText
 0002:0000A76C       Global_LastInitPassword
 0002:0000A77C       Global_Module
 0002:0000A768       Global_Password
 0002:0000A716       Global_Retry
 0002:0000A774       Global_WebFields
 0002:0000A784       Global_WebTextID
 0001:000642F8       GoNotify
 0001:000704F0       Graphics
 0002:000053EC       GroupsOpcodes
 0002:0000552C       GroupsOperands
 0001:00067F8C       HandleAnyExceptionAddr
 0002:0000A47C       HandleAnyExceptionAddr_Variable
 0001:0000748C       HandleAnyLeak
 0001:00068030       HandleAutoExceptionAddr
 0002:0000A484       HandleAutoExceptionAddr_Variable
 0001:0003A110       HandleBackgroundState
 0002:0000A5DC       HandledCache
 0002:0000A5D8       HandledCacheCount
 0002:0000A6CC       HandledCacheCriticalSection
 0002:0000A3F4       HandledExceptionNotify
 0001:00006D04       HandleError
 0001:00014D14       HandleException
 0001:00067FD8       HandleOnExceptionAddr
 0002:0000A480       HandleOnExceptionAddr_Variable
 0001:00046420       HasWindowASize
 0002:00000004       HeapAllocFlags
 0002:00007434       heapErrorCode
 0002:00007438       heapLock
 0002:0000B428       HelpMsg
 0002:00000140       HexDisplayPrefix
 0002:000074DC       HInstance
 0002:0000B3FC       HintDoneEvent
 0001:000940F4       HintGetMsgHook
 0002:0000B400       HintHook
 0001:00094098       HintMouseThread
 0002:0000B404       HintThread
 0002:0000B3F8       HintThreadID
 0001:00094044       HintTimerProc
 0002:00006928       HintWindowClass
 0001:000062AC       HiWord
 0001:0004C514       HookBPLProcedureByAddr
 0001:0004C588       HookBPLProcedureBySymbol
 0001:000233A0       HookDllProcedure
 0001:000650D4       HookedCreateThread
 0001:00064924       HookedExceptionObject
 0001:00064AF4       HookedExceptProc
 0001:0006554C       HookedExitThread
 0001:0006563C       HookedHttpExtensionProc
 0002:000076D4       HookedMethodsList
 0002:000076CC       HookedProcedures
 0001:000647B4       HookedRaise
 0001:00065330       HookedResumeThread
 0001:00064D18       HookedRTLThreadProc
 0001:00064A3C       HookedRtlUnwind
 0001:00064BC0       HookedThreadExecute
 0001:00064E48       HookedThreadProc
 0001:00065608       HookedWriteClientProc
 0001:00064A64       HookedWriteFile
 0001:000665D0       Hooked_CGIHandleServerException_D5Down
 0001:00066D28       Hooked_DoneExcept
 0001:00066CF8       Hooked_IndyThreadHandleException
 0001:000666E4       Hooked_IntraWebCreateServer
 0001:000669E0       Hooked_IntraWebSendResponse
 0001:00066600       Hooked_ISAPIHandleServerException_D5Down
 0001:00066C44       Hooked_NTServiceLogMessage
 0001:00066630       Hooked_VCLHandleException
 0001:000666A4       Hooked_VCLShowException
 0001:00094138       HookHintHooks
 0001:000687A8       HookingModuleName
 0001:000687CC       HookingRTLModuleName
 0001:0006821C       HookLastFInit
 0001:00068200       HookLastInit
 0001:00022F88       HookProcedure
 0001:0002309C       HookProcedureEx
 0001:0004C47C       HookSymbolProcedure
 0001:000227C4       HookVirtualMethod
 0001:0006822C       Hook_InitializationAndFinalization
 0001:000683CC       Hook_OnExceptionEvents
 0001:00058488       HostName
 0002:00003A68       HTMLChars
 0002:00003768       HTMLDelimiters
 0001:000223B4       htons
 0002:0000A3A8       HttpAddRequestHeaders
 0002:0000A3B8       HttpEndRequest
 0002:0000A3A4       HttpOpenRequest
 0002:0000A3BC       HttpQueryInfo
 0002:0000A3AC       HttpSendRequest
 0002:0000A3B0       HttpSendRequestEx
 0001:000342B8       HTTPUploadFiles
 0001:000063B8       HwndMSWheel
 0002:000068BC       IBreaks
 0002:000068C8       IChecks
 0002:00006410       IDATHeader
 0001:00056884       IDATWrite
 0002:0000A708       IDC_CURSOR
 0002:000068D0       IDefaults
 0001:0006AC3C       IdentToCharset
 0001:0006AA34       IdentToColor
 0001:00074EC8       IdentToCursor
 0001:0001101C       IdentToInt
 0002:000068D8       IEnables
 0001:00042C00       ifelseStr
 0001:00088510       IfHotkeyAvailable
 0001:00042C78       ifStr
 0002:0000641C       iLevel
 0001:00039904       ImageList_Add
 0001:000707C8       ImageList_Add
 0001:000707E8       ImageList_AddIcon
 0001:0007080C       ImageList_BeginDrag
 0001:000398FC       ImageList_Create
 0001:000707B0       ImageList_Create
 0001:0003990C       ImageList_Destroy
 0001:000707B8       ImageList_Destroy
 0001:0007081C       ImageList_DragEnter
 0001:00070824       ImageList_DragLeave
 0001:0007082C       ImageList_DragMove
 0001:0007083C       ImageList_DragShowNolock
 0001:000707F4       ImageList_Draw
 0001:000707FC       ImageList_DrawEx
 0001:00070814       ImageList_EndDrag
 0001:000707E0       ImageList_GetBkColor
 0001:00070844       ImageList_GetDragImage
 0001:0007085C       ImageList_GetIconSize
 0001:000707C0       ImageList_GetImageCount
 0001:0007084C       ImageList_Read
 0001:00070804       ImageList_Remove
 0001:000707D0       ImageList_ReplaceIcon
 0001:000707D8       ImageList_SetBkColor
 0001:00070834       ImageList_SetDragCursorImage
 0001:00070864       ImageList_SetIconSize
 0001:00070854       ImageList_Write
 0002:00006834       Images
 0001:00084580       ImgList
 0001:00071068       Imm
 0002:00006810       IMM32DLL
 0001:000820C4       Imm32IsIME
 0001:0005B330       ImmidiateDataProc
 0002:00000178       IMSecsPerDay
 0002:0000A57C       InactiveThreads
 0001:0001D808       IncludeLastBackslash
 0002:0000A5AC       IndyHooked
 0002:0000A4BC       IndyThread_HandleException
 0002:0000A4A0       Indy_OnException
 0001:0002947C       inflate
 0001:0002A334       inflateEnd
 0001:0002509C       InflateInit
 0001:00029244       inflateInit_
 0001:00006030       InflateRect
 0001:000290BC       inflateReset
 0001:0001A498       IniDir
 0001:0001DD24       Init
 0001:00024F10       Init
 0001:00007F58       Init
 0001:000237DC       Init
 0001:000689A0       Init
 0001:00000A34       InitAllocator
 0001:000708A4       InitAnApi
 0002:0000B2F8       InitApis
 0001:00067014       InitCheckFreeze
 0001:00011228       InitComponent
 0002:000074A4       InitContext
 0001:0008214C       InitControls
 0001:0008CE94       InitCtl3D
 0001:0007006C       InitDefFontData
 0001:00056788       InitDeflate
 0001:0000D9B8       InitDriveSpacePtr
 0001:0000CF68       InitExceptions
 0001:00071188       InitFlatSB
 0001:00096A68       InitGlobals
 0001:0006CE64       InitializeBitmapInfoHeader
 0001:00005A48       InitializeCriticalSection
 0001:00000388       InitializeCriticalSection
 0002:000063D8       Initialized
 0002:00000EEC       Initialized
 0002:00007430       initialized
 0001:00071160       InitializeFlatSB
 0001:000056E8       InitializeModule
 0001:00081D64       InitIMM32
 0001:000112D0       InitInheritedComponent
 0001:0002D670       InitKey
 0001:0002EFF4       InitLib
 0001:00070F8C       InitMultiMonStubs
 0001:0000D0A0       InitPlatformId
 0002:00007034       InitProc
 0001:0006FFF0       InitScreenLogPixels
 0001:00056FC4       InitScreenshot
 0001:00007BD0       InitShareMem
 0001:0000D4A4       InitSysLocale
 0001:00005654       InitThreadTLS
 0001:000029E8       InitUnits
 0001:00074C20       InitWndProc
 0002:000067BC       InnerStyles
 0002:00007050       Input
 0001:00093B24       InsertBefore
 0001:00079F2C       InsertBefore
 0001:0004FB6C       InsertColumn
 0001:00000E28       InsertFree
 0001:00042980       InsertHandled
 0001:000885C4       InsertHotkeyFarEastFormat
 0001:00006038       InsertMenu
 0001:00006040       InsertMenuItem
 0002:00007528       InstallNewMemoryManager
 0001:000687C0       InstanceModuleName
 0002:0000B3F0       InstBlockList
 0002:0000B3F4       InstFreeList
 0002:00007680       IntConstList
 0001:0000033C       InterlockedDecrement
 0001:000058A0       InterlockedDecrement
 0001:000058A8       InterlockedExchange
 0001:00000334       InterlockedIncrement
 0001:000058B0       InterlockedIncrement
 0001:00023BA0       InternalCleanup
 0001:00045A50       InternalCriticalError
 0001:0000A974       InternalDecodeDate
 0001:0006A22C       InternalDeletePalette
 0002:0000A550       InternalErrorCode
 0002:0000A554       InternalErrorMsg
 0001:0006254C       InternalExceptNotify
 0001:00048160       InternalFileExists
 0001:00000C9C       InternalFreeMem
 0001:0006CFB4       InternalGetDIB
 0001:0006CF48       InternalGetDIBSizes
 0002:000076B8       InternalIntoIDE
 0001:000110A0       InternalReadComponentRes
 0001:000577B8       InternalSendMail
 0001:00023B70       InternalStartup
 0001:000072CC       Internal_AddLeak
 0001:000677A8       Internal_AddLeak
 0001:00067ED8       Internal_Finalization
 0001:00067EC0       Internal_MultiFreeProc
 0001:00067EA8       Internal_OverrunProc
 0001:00067454       Internal_ResetLeaks
 0001:000072B8       Internal_ResetLeaks
 0001:0000737C       Internal_ShowLeaks
 0001:00067928       Internal_ShowLeaks
 0002:0000A3C0       InternetCloseHandle
 0002:0000A3A0       InternetConnect
 0002:0000A3DC       InternetGetConnectedState
 0002:0000A3D0       InternetGetLastResponseInfo
 0002:0000A39C       InternetOpen
 0002:0000A3D4       InternetOpenUrl
 0002:0000A3C4       InternetQueryOption
 0002:0000A3D8       InternetReadFile
 0002:0000A3C8       InternetSetOption
 0002:0000A3B4       InternetWriteFile
 0001:00005CB0       IntersectClipRect
 0001:00006048       IntersectRect
 0002:0000A4D5       IntoFinalization
 0001:0001AF4C       IntoIDE
 0002:0000A4D4       IntoInitialization
 0002:0000A4DC       IntraWebApplication
 0002:0000A4E4       IntraWebCompressedPage
 0002:0000A4E0       IntraWebServerController
 0001:000682EC       IntraWeb_BPL
 0002:0000A494       IntraWeb_CreateServer
 0002:0000A4EC       IntraWeb_NewEvent
 0001:00064294       IntraWeb_OnExceptionEvent
 0001:00064214       IntraWeb_OnExceptionEvent_New
 0001:0006418C       IntraWeb_OnExceptionEvent_Old
 0002:0000A49C       IntraWeb_OnException_New
 0002:0000A498       IntraWeb_OnException_Old
 0002:0000A4AC       IntraWeb_SendResponse
 0002:0000A4A8       IntraWeb_ShowMessage
 0002:0000A4E8       IntraWeb_Version
 0001:00009448       IntToHex
 0001:0000940C       IntToHex
 0001:0001105C       IntToIdent
 0001:000093A8       IntToStr
 0001:000093D8       IntToStr
 0001:00006050       InvalidateRect
 0001:00006058       InvalidateRgn
 0001:0006C008       InvalidBitmap
 0001:0006BFF0       InvalidGraphic
 0001:0006C014       InvalidIcon
 0001:0006BFD8       InvalidOperation
 0002:00007654       InvalidPointer
 0001:00001FA4       InvokeImplGetter
 0001:000223BC       ioctlsocket
 0001:000018AC       IOResult
 0002:000068F8       IOwnerDraw
 0002:000068E0       IRadios
 0002:000068F0       IRTL
 0001:0008D134       IsAccel
 0001:00089684       IsAccelChar
 0001:00006E64       IsALeakChild
 0001:0004670C       IsANewProcessWindow
 0001:0004492C       IsAParent
 0001:0004481C       IsAParentClassStr
 0001:00006758       IsAParentClassStr
 0001:000449F0       IsAParentClassStr_Unsafe
 0001:0004499C       IsAParents
 0001:00044904       IsAParentStr
 0001:00044AD0       IsAParentStr_Unsafe
 0002:0000A4C4       ISAPIHandleException_D5Down
 0002:0000A430       ISAPI_HttpExtensionProc
 0002:0000A438       ISAPI_Proc
 0002:000063C4       ISAPI_SendError
 0002:0000A434       ISAPI_WriteClientProc
 0001:000464A8       IsApplicationWindow
 0001:00005A50       IsBadReadPtr
 0001:00075640       IsBeforeTargetWindow
 0001:000622C4       IsBorlandThread
 0001:0004812C       IsCGI
 0001:00006060       IsChild
 0001:0005E8D0       IsCompatibleException
 0001:00044630       IsCompatibleVersion
 0001:00007D94       IsCompiledWithPackages
 0001:000490EC       IsCompiledWithPackages
 0002:00007048       IsConsole
 0001:000466F4       IsCurrentProcessWindow
 0001:00044530       IsDebugged
 0001:0001ED04       IsDecDigit
 0001:00045594       IsDelphiException
 0001:00075A8C       IsDelphiHandle
 0001:00006068       IsDialogMessage
 0002:0000A9D8       IsDialogShowed
 0001:0002E110       IsEnd
 0002:000068E8       ISeparators
 0001:0000EC8C       IsEqualIID
 0001:00066484       IsEurekaLogActive
 0001:00066424       IsEurekaLogActiveInThread
 0001:0004CC74       IsEurekaLogCompatibleModule
 0001:00065DD0       IsEurekaLogInstalled
 0001:0004CC50       IsEurekaLogModule
 0001:0004CBC0       IsEurekaLogModule_New
 0001:0004CAA8       IsEurekaLogModule_Old
 0001:0004C5C0       IsExceptionHandled
 0001:0001B12C       IsFileOK
 0002:0000A6F5       IsFilterDialog
 0001:000483A0       IsGUI
 0001:00063CC4       IsHandledSafeCallException
 0001:00066818       IsHTMLPage
 0001:00006070       IsIconic
 0001:000896E0       IsInitialChar
 0001:00007980       IsIntoIDE
 0001:00048368       IsIntraWeb
 0001:0004832C       IsISAPI
 0001:0000A7FC       IsLeapYear
 0002:00007028       IsLibrary
 0001:00049090       IsLocalStorageProc
 0001:000622B4       IsMainThread
 0001:00046518       IsMainWindow
 0001:00044AEC       IsManageableObject
 0002:00007530       IsMMHost
 0001:00046A38       IsModuleLibrary
 0002:00007049       IsMultiThread
 0001:0000656C       IsObjectCreation
 0001:0004E740       ISODateTime
 0001:0001B0D0       IsReadableFile
 0001:0002F368       IsRealFile
 0001:00006078       IsRectEmpty
 0001:000490E0       IsRTLCompiledWithStackFrames
 0001:00075844       IsSiteChildOfClient
 0001:000490B0       IsStackFramesProc
 0001:0000662C       IsValidBlockAddr
 0001:0001A778       IsValidBlockAddr
 0001:0004471C       IsValidClass
[...]
 15004 0001:000659B9 15005 0001:000659C5 15006 0001:000659CE 15011 0001:000659D4
 15012 0001:000659DB 15013 0001:000659E3 15014 0001:000659F1 15015 0001:00065A00
 15017 0001:00065A1C 15019 0001:00065A2C 15024 0001:00065A30 15027 0001:00065A37
 15028 0001:00065A3D 15029 0001:00065A50 15030 0001:00065A58 15031 0001:00065A5B
 15036 0001:00065A60 15039 0001:00065A67 15040 0001:00065A6D 15041 0001:00065A80
 15042 0001:00065A88 15043 0001:00065A8B 15048 0001:00065A90 15051 0001:00065A97
 15052 0001:00065A9D 15053 0001:00065AAF 15054 0001:00065AB7 15055 0001:00065ABA
 15058 0001:00065AC0 15059 0001:00065AC6 15060 0001:00065ACF 15064 0001:00065AD4
 15065 0001:00065ADC 15069 0001:00065AE0 15070 0001:00065AE8 15074 0001:00065AEC
 15075 0001:00065AF4 15079 0001:00065AF8 15080 0001:00065B00 15083 0001:00065B04
 15084 0001:00065B0B 15085 0001:00065B17 15086 0001:00065B25 15087 0001:00065B2C
 15088 0001:00065B3B 15093 0001:00065B40 15094 0001:00065B48 15095 0001:00065B50
 15098 0001:00065B5E 15099 0001:00065B65 15101 0001:00065B69 15103 0001:00065B7F
 15104 0001:00065B89 15106 0001:00065B8A 15099 0001:00065B8B 15109 0001:00065B9C
 15111 0001:00065BAC 15115 0001:00065BB0 15116 0001:00065BBA 15117 0001:00065BBE
 15118 0001:00065BC9 15119 0001:00065BD7 15120 0001:00065BE8 15122 0001:00065C0C
 15124 0001:00065C22 15127 0001:00065C28 15128 0001:00065C29 15130 0001:00065C4B
 15131 0001:00065C64 15135 0001:00065C68 15136 0001:00065C77 15137 0001:00065C82
 15138 0001:00065C90 15139 0001:00065C9C 15141 0001:00065CBE 15143 0001:00065CD1
 15150 0001:00065CD8 15151 0001:00065CDC 15152 0001:00065CE5 15151 0001:00065CEE
 15153 0001:00065CF1 15154 0001:00065CF8 15160 0001:00065CFC 15161 0001:00065D02
 15163 0001:00065D0B 15164 0001:00065D16 15165 0001:00065D1F 15168 0001:00065D24
 15169 0001:00065D2F 15170 0001:00065D36 15171 0001:00065D4D 15174 0001:00065D50
 15175 0001:00065D56 15176 0001:00065D5F 15185 0001:00065D64 15186 0001:00065D67
 15187 0001:00065D85 15189 0001:00065D88 15191 0001:00065DA0 15193 0001:00065DA5
 15194 0001:00065DA6 15195 0001:00065DA9 15197 0001:00065DAC 15198 0001:00065DC7
 15204 0001:00065DD0 15205 0001:00065DD5 15215 0001:00065DD8 15216 0001:00065DF4
 15217 0001:00065E44 15218 0001:00065E50 15219 0001:00065E9B 15220 0001:00065ECA
 15309 0001:00065FC4 15310 0001:00065FF1 15311 0001:00066000 15312 0001:0006600F
 15313 0001:0006601D 15314 0001:00066027 15316 0001:0006603E 15317 0001:00066046
 15318 0001:00066065 15320 0001:00066076 15321 0001:00066082 15322 0001:00066090
 15323 0001:00066094 15324 0001:0006609C 15325 0001:000660B6 15326 0001:000660C2
 15327 0001:000660D7 15328 0001:000660E5 15329 0001:00066103 15330 0001:00066123
 15331 0001:00066146 15332 0001:00066169 15333 0001:00066189 15334 0001:000661A9
 15335 0001:000661AE 15337 0001:000661C0 15338 0001:000661D1 15337 0001:000661DF
 15340 0001:000661E2 15342 0001:000661E8 15343 0001:00066203 15345 0001:00066221
 15346 0001:0006622F 15348 0001:00066232 15350 0001:0006623C 15314 0001:0006623D
 15352 0001:00066253 15353 0001:0006625B 15355 0001:0006628D 15357 0001:000662B4
 15358 0001:000662EA 15359 0001:000662F1 15360 0001:000662FF 15361 0001:0006630D
 15363 0001:0006631A 15364 0001:00066330 15365 0001:0006633E 15367 0001:0006635D
 15370 0001:00066388 15373 0001:000663A5 15375 0001:000663D6 15378 0001:000663E0
 15379 0001:000663E5 15380 0001:000663EC 15382 0001:000663F0 15383 0001:000663F7
 15384 0001:00066400 15386 0001:0006640F 15388 0001:0006641E 15546 0001:00066424
 15547 0001:0006642B 15548 0001:00066435 15549 0001:00066443 15551 0001:00066461
 15553 0001:00066476 15574 0001:0006647C 15575 0001:00066481 15579 0001:00066484
 15580 0001:00066489 15616 0001:0006648C 15617 0001:0006648E 15618 0001:00066491
 15620 0001:00066494 15621 0001:000664A2 15623 0001:000664A6 15624 0001:000664B0
 15625 0001:000664BE 15627 0001:000664C7 15628 0001:000664DB 15630 0001:000664DF
 15631 0001:000664F1 15635 0001:000664FB 15642 0001:0006652F 15644 0001:0006653A
 15645 0001:00066540 15647 0001:00066546 15648 0001:00066568 15652 0001:0006659D
 15654 0001:000665B2 15662 0001:000665D0 15663 0001:000665D6 15664 0001:000665F3
 15665 0001:000665FD 15671 0001:00066600 15672 0001:00066606 15673 0001:00066623
 15674 0001:0006662D 15697 0001:00066630 15698 0001:00066639 15701 0001:0006665F
 15702 0001:00066669 15703 0001:00066677 15705 0001:0006668E 15708 0001:0006669D
 15711 0001:000666A4 15712 0001:000666AA 15714 0001:000666D6 15715 0001:000666E0
 15742 0001:000666E4 15743 0001:000666F9 15744 0001:00066701 15746 0001:00066707
 15747 0001:0006671F 15749 0001:00066723 15750 0001:00066734 15753 0001:0006674B
 15754 0001:00066763 15755 0001:00066767 15757 0001:00066785 15758 0001:00066794
 15759 0001:000667AA 15760 0001:000667CE 15771 0001:00066818 15772 0001:0006682C
 15774 0001:00066880 15788 0001:00066898 15789 0001:000668B8 15790 0001:000668C7
 15792 0001:000668CD 15793 0001:000668DB 15795 0001:000668F0 15796 0001:0006690B
 15797 0001:00066916 15798 0001:00066924 15799 0001:00066939 15800 0001:00066941
 15802 0001:0006694D 15803 0001:0006695F 15804 0001:0006696D 15806 0001:00066988
 15809 0001:000669A8 15811 0001:000669D8 15813 0001:000669E0 15814 0001:00066A00
 15816 0001:00066A0F 15817 0001:00066A1E 15818 0001:00066A2C 15819 0001:00066A3A
 15820 0001:00066A48 15821 0001:00066A55 15822 0001:00066A6E 15823 0001:00066A86
 15826 0001:00066AA4 15827 0001:00066ACE 15829 0001:00066ADB 15830 0001:00066AEA
 15831 0001:00066AF8 15832 0001:00066B14 15833 0001:00066B1E 15834 0001:00066B2D
 15835 0001:00066B3B 15836 0001:00066B46 15837 0001:00066B50 15838 0001:00066B62
 15840 0001:00066B8B 15843 0001:00066BA8 15846 0001:00066BB8 15849 0001:00066BD2
 15852 0001:00066BF5 15855 0001:00066C05 15856 0001:00066C30 15864 0001:00066C44
 15865 0001:00066C67 15868 0001:00066C88 15869 0001:00066C8C 15872 0001:00066CA3
 15873 0001:00066CBC 15875 0001:00066CEE 15880 0001:00066CF8 15881 0001:00066CFE
 15882 0001:00066D18 15883 0001:00066D22 15889 0001:00066D28 15890 0001:00066D2F
 15892 0001:00066D31 15893 0001:00066D36 15894 0001:00066D39 15896 0001:00066D3B
 15897 0001:00066D41 15898 0001:00066D47 15899 0001:00066D48 15900 0001:00066D4E
 15901 0001:00066D50 15902 0001:00066D52 15903 0001:00066D54 15904 0001:00066D5A
 15905 0001:00066D5C 15906 0001:00066D5E 15907 0001:00066D60 15908 0001:00066D65
 15909 0001:00066D67 15910 0001:00066D6C 15911 0001:00066D6E 15912 0001:00066D6F
 15913 0001:00066D74 15914 0001:00066D75 15917 0001:00066D7A 15918 0001:00066D80
 15923 0001:00066D84 15924 0001:00066D96 15925 0001:00066DB8 15936 0001:00066DBC
 15937 0001:00066DDF 15939 0001:00066DE4 15942 0001:00066DED 15943 0001:00066DFA
 15944 0001:00066E07 15948 0001:00066E16 15950 0001:00066E18 15951 0001:00066E21
 15955 0001:00066E51 15956 0001:00066E58 15958 0001:00066E5D 15961 0001:00066E66
 15963 0001:00066E68 15964 0001:00066E6F 15965 0001:00066E70 15966 0001:00066E7E
 15968 0001:00066E80 15969 0001:00066E9D 15970 0001:00066EBC 15972 0001:00066EC4
 15973 0001:00066ECF 15974 0001:00066EDB 15975 0001:00066EE9 15976 0001:00066EFB
 15977 0001:00066F05 15980 0001:00066F33 15982 0001:00066F5A 15985 0001:00066F68
 15987 0001:00066FA3 15991 0001:00066FC0 15992 0001:00066FCB 15995 0001:00066FDF
 15996 0001:0006700C 16001 0001:00067014 16002 0001:00067017 16005 0001:00067032
 16006 0001:00067039 16007 0001:00067047 16008 0001:00067064 16010 0001:0006706B
 16011 0001:0006707C 16012 0001:00067085 16013 0001:00067091 16015 0001:0006709B
 16017 0001:000670AF 16019 0001:000670BE 16023 0001:000670C0 16025 0001:000670D2
 16026 0001:000670DC 16027 0001:000670EA 16029 0001:000670FC 16030 0001:0006710C
 16031 0001:00067116 16032 0001:0006711D 16039 0001:00067120 16040 0001:00067126
 16042 0001:0006712F 16044 0001:00067137 16045 0001:00067140 16046 0001:0006714A
 16048 0001:00067151 16052 0001:00067159 16053 0001:00067162 16056 0001:00067168
 16057 0001:0006716E 16059 0001:00067177 16061 0001:0006717C 16062 0001:00067185
 16063 0001:00067192 16065 0001:00067199 16069 0001:000671A1 16070 0001:000671AA
 16074 0001:000671B0 16075 0001:000671B5 16079 0001:000671B8 16080 0001:000671BD
 16087 0001:000671C0 16088 0001:000671E4 16091 0001:00067220 16092 0001:00067237
 16096 0001:00067246 16097 0001:0006725D 16101 0001:0006726C 16102 0001:00067283
 16106 0001:00067292 16107 0001:000672A9 16111 0001:000672B8 16112 0001:000672CF
 16116 0001:000672DE 16117 0001:000672F5 16121 0001:0006731A 16122 0001:00067331
 16126 0001:00067353 16130 0001:0006736C 16134 0001:00067385 16137 0001:000673CB
 16240 0001:000673D8 16241 0001:000673F3 16242 0001:00067401 16243 0001:0006740A
 16245 0001:00067414 16246 0001:00067428 16243 0001:0006742B 16247 0001:0006744B
 16257 0001:00067454 16258 0001:0006746C 16260 0001:00067479 16262 0001:00067487
 16263 0001:0006748E 16265 0001:000674A5 16269 0001:000674C0 16270 0001:000674CE
 16271 0001:000674D5 16273 0001:000674EC 16277 0001:00067507 16278 0001:00067515
 16279 0001:0006751C 16280 0001:00067523 16282 0001:0006752F 16283 0001:00067536
 16285 0001:00067547 16286 0001:00067560 16288 0001:00067568 16291 0001:00067579
 16292 0001:00067585 16294 0001:000675A3 16296 0001:000675B6 16297 0001:000675C7
 16298 0001:000675DA 16299 0001:000675ED 16300 0001:000675FE 16301 0001:00067608
 16302 0001:00067612 16303 0001:0006761C 16304 0001:00067626 16305 0001:00067635
 16306 0001:0006763C 16308 0001:0006765E 16310 0001:0006766C 16311 0001:00067675
 16312 0001:0006767D 16314 0001:00067685 16315 0001:00067696 16316 0001:000676A7
 16317 0001:000676B8 16318 0001:000676BD 16319 0001:000676CE 16320 0001:000676DF
 16321 0001:000676F0 16323 0001:00067704 16325 0001:00067735 16333 0001:000677A8
 16334 0001:000677CF 16336 0001:000677DC 16337 0001:000677E0 16338 0001:000677EE
 16340 0001:000677F6 16341 0001:00067802 16342 0001:00067815 16345 0001:0006782F
 16347 0001:00067835 16348 0001:00067839 16350 0001:0006783D 16351 0001:00067849
 16354 0001:00067856 16355 0001:0006785A 16356 0001:0006787D 16357 0001:00067883
 16358 0001:00067889 16360 0001:00067895 16338 0001:00067899 16362 0001:000678A2
 16363 0001:000678AB 16364 0001:000678B4 16366 0001:000678D0 16368 0001:000678F4
 16370 0001:00067903 16376 0001:00067928 16377 0001:0006794A 16379 0001:00067957
 16381 0001:00067973 16385 0001:00067981 16387 0001:00067988 16390 0001:000679A7
 16394 0001:00067A24 16396 0001:00067A32 16398 0001:00067A69 16401 0001:00067A88
 16406 0001:00067A99 16407 0001:00067AA3 16410 0001:00067AAA 16411 0001:00067AB8
 16412 0001:00067ABF 16413 0001:00067AC9 16414 0001:00067AD0 16415 0001:00067ADA
 16416 0001:00067AE1 16417 0001:00067AEB 16418 0001:00067AF2 16419 0001:00067AFC
 16420 0001:00067B06 16421 0001:00067B10 16422 0001:00067B1A 16423 0001:00067B24
 16424 0001:00067B2B 16425 0001:00067B35 16426 0001:00067B3C 16427 0001:00067B46
 16428 0001:00067B4D 16429 0001:00067B57 16430 0001:00067B5E 16431 0001:00067B68
 16432 0001:00067B6F 16433 0001:00067B79 16434 0001:00067B80 16435 0001:00067B8A
 16436 0001:00067B91 16437 0001:00067B9B 16438 0001:00067BA2 16439 0001:00067BAC
 16440 0001:00067BB3 16441 0001:00067BBE 16442 0001:00067BCD 16445 0001:00067BD2
 16446 0001:00067BDC 16447 0001:00067BE6 16448 0001:00067BF0 16449 0001:00067BFA
 16450 0001:00067C04 16451 0001:00067C0E 16452 0001:00067C18 16453 0001:00067C22
 16454 0001:00067C2C 16455 0001:00067C36 16456 0001:00067C40 16457 0001:00067C4A
 16458 0001:00067C54 16459 0001:00067C5E 16460 0001:00067C68 16461 0001:00067C72
 16462 0001:00067C7C 16463 0001:00067C86 16464 0001:00067C90 16465 0001:00067C9A
 16466 0001:00067CA4 16467 0001:00067CAE 16468 0001:00067CB8 16469 0001:00067CC2
 16470 0001:00067CCC 16471 0001:00067CD6 16472 0001:00067CE0 16473 0001:00067CEA
 16474 0001:00067CF4 16475 0001:00067CFE 16476 0001:00067D08 16478 0001:00067D0D
 16481 0001:00067D26 16485 0001:00067D41 16487 0001:00067D4F 16488 0001:00067D56
 16490 0001:00067D6D 16494 0001:00067D88 16495 0001:00067D96 16496 0001:00067D9D
 16498 0001:00067DB4 16501 0001:00067DF1 16505 0001:00067EA8 16506 0001:00067EBF
 16510 0001:00067EC0 16511 0001:00067ED7 16518 0001:00067ED8 16519 0001:00067EE2
 16522 0001:00067EE4 16524 0001:00067EF7 16525 0001:00067F02 16526 0001:00067F0D
 16529 0001:00067F18 16530 0001:00067F23 16533 0001:00067F2E 16534 0001:00067F4A
 16535 0001:00067F72 16552 0001:00067F78 16556 0001:00067F7C 16557 0001:00067F83
 16558 0001:00067F89 16563 0001:00067F8C 16564 0001:00067F93 16566 0001:00067FB0
 16568 0001:00067FB5 16570 0001:00067FBA 16571 0001:00067FBB 16572 0001:00067FBE
 16574 0001:00067FC1 16575 0001:00067FD1 16580 0001:00067FD8 16581 0001:00067FDF
 16586 0001:0006800D 16588 0001:00068012 16589 0001:00068013 16590 0001:00068016
 16592 0001:00068019 16593 0001:00068029 16598 0001:00068030 16599 0001:00068036
 16600 0001:00068045 16601 0001:00068053 16603 0001:00068078 16605 0001:0006808B
 16610 0001:00068090 16611 0001:00068097 16613 0001:000680B4 16615 0001:000680B9
 16617 0001:000680BE 16618 0001:000680BF 16619 0001:000680C2 16621 0001:000680C5
 16622 0001:000680D5 16634 0001:000680DC 16635 0001:000680E5 16638 0001:000680EC
 16639 0001:000680FB 16640 0001:00068109 16641 0001:00068113 16642 0001:00068122
 16644 0001:0006812D 16645 0001:00068137 16646 0001:00068146 16648 0001:00068151
 16649 0001:0006815B 16650 0001:0006816A 16652 0001:00068175 16657 0001:0006817F
 16659 0001:00068186 16660 0001:00068195 16661 0001:0006819F 16652 0001:000681A0
 16663 0001:000681A3 16666 0001:000681AD 16667 0001:000681C7 16668 0001:000681D8
 16663 0001:000681D9 16670 0001:000681E9 16672 0001:000681F9 16684 0001:00068200
 16685 0001:00068206 16697 0001:0006820D 16698 0001:0006821A 16702 0001:0006821C
 16703 0001:00068223 16704 0001:00068229 16706 0001:0006822C 16707 0001:00068232
 16709 0001:00068239 16710 0001:0006823E 16711 0001:0006824C 16713 0001:00068255
 16714 0001:00068260 16716 0001:00068279 16717 0001:00068289 16719 0001:00068296
 16720 0001:0006829B 16721 0001:000682AA 16723 0001:000682B4 16724 0001:000682C0
 16726 0001:000682DA 16728 0001:000682E6 16738 0001:000682EC 16739 0001:00068307
 16740 0001:00068314 16741 0001:00068330 16742 0001:0006837D 16744 0001:000683CC
 16746 0001:000683EA 16757 0001:00068405 16767 0001:00068420 16770 0001:0006842D
 16773 0001:0006843E 16797 0001:0006844F 16800 0001:00068454 16804 0001:00068474
 16807 0001:00068494 16808 0001:00068495 16810 0001:0006849F 16815 0001:000684BF
 16820 0001:000684DA 16825 0001:000684F5 16826 0001:000684FE 16831 0001:00068519
 16833 0001:00068527 16836 0001:00068564 16840 0001:0006878C 16841 0001:000687A7
 16844 0001:000687A8 16845 0001:000687AB 16846 0001:000687BC 16849 0001:000687C0
 16853 0001:000687C3 16855 0001:000687CA 16870 0001:000687CC 16871 0001:000687CF
 16873 0001:000687D6 16878 0001:000687D8 16879 0001:000687E0 16881 0001:000687EF
 16882 0001:000687F4 16884 0001:00068801 16887 0001:00068829 16888 0001:0006883C
 16890 0001:0006883E 16882 0001:0006883F 16891 0001:00068842 16902 0001:00068848
 16903 0001:0006884F 16904 0001:00068862 16905 0001:00068870 16907 0001:00068887
 16909 0001:00068897 16911 0001:0006889C 16912 0001:000688B9 16913 0001:000688BD
 16915 0001:000688DA 16916 0001:000688E9 16917 0001:000688F7 16918 0001:0006890F
 16920 0001:00068923 16921 0001:00068935 16922 0001:00068938 16923 0001:0006893D
 16924 0001:00068952 16926 0001:00068965 16928 0001:0006899A 16930 0001:000689A0
 16931 0001:000689BF 16932 0001:000689DD 16934 0001:000689E7 16936 0001:000689F2
 16939 0001:00068A1C 16942 0001:00068A39 16943 0001:00068A40 16944 0001:00068A47
 16945 0001:00068A4E 16946 0001:00068A55 16947 0001:00068A6A 16948 0001:00068A71
 16949 0001:00068A78 16950 0001:00068A7F 16951 0001:00068A86 16952 0001:00068A8D
 16953 0001:00068A94 16954 0001:00068A9B 16955 0001:00068AA2 16956 0001:00068AA9
 16957 0001:00068AC0 16958 0001:00068AD7 16959 0001:00068ADE 16960 0001:00068AE8
 16961 0001:00068AEF 16962 0001:00068AFE 16963 0001:00068B05 16964 0001:00068B16
 16965 0001:00068B20 16967 0001:00068B27 16968 0001:00068B31 16969 0001:00068B3B
 16971 0001:00068B45 16973 0001:00068B4A 16976 0001:00068B53 16979 0001:00068B58
 16981 0001:00068B66 16982 0001:00068B6D 16986 0001:00068B72 16987 0001:00068B83
 16989 0001:00068B94 16990 0001:00068BAD 16992 0001:00068BB5 17021 0001:00068BC8
 17023 0001:00068BCD 17024 0001:00068BDE 17025 0001:00068BEF 17026 0001:00068C00
 17027 0001:00068C11 17029 0001:00068C22 17030 0001:00068C29 17031 0001:00068C35
 17032 0001:00068C3C 17033 0001:00068C43 17034 0001:00068C4D 17035 0001:00068C54
 17036 0001:00068C5B 17039 0001:00068C7D 17040 0001:00068C90 17042 0001:00068C9E
 17043 0001:00068CA7 17044 0001:00068CAF 17047 0001:00068CB7 17048 0001:00068CBC
 17049 0001:00068CC6 17050 0001:00068CD0 17052 0001:00068CE1 17053 0001:00068CF2
 17054 0001:00068CF7 17055 0001:00068CFE 17056 0001:00068D08 17057 0001:00068D12
 17058 0001:00068D19 17059 0001:00068D20 17060 0001:00068D27 17061 0001:00068D2E
 17062 0001:00068D35 17064 0001:00068D3C 17065 0001:00068D43 17066 0001:00068D4A
 17068 0001:00068D51 17070 0001:00068D58 17073 0001:00068D60 17075 0001:00068D6A
 17077 0001:00068D84 17078 0001:00068D90 17079 0001:00068D9B 17080 0001:00068DA7
 17082 0001:00068DB2 17085 0001:00068DB7 17091 0001:00068E04 17097 0001:00068E51
 17103 0001:00068E9E 17104 0001:00068EB3 17106 0001:00068EBC 17120 0001:00068ED5
 17126 0001:00068F22 17132 0001:00068F6F 17138 0001:00068FBC 17140 0001:00068FCA
 17142 0001:00068FD8 17144 0001:00068FE6 17145 0001:00068FEB 17149 0001:00069015
 17151 0001:00069022 17154 0001:00069036 17155 0001:00069068 17159 0001:000690A4
 17163 0001:000690AB 17164 0001:000690B0 17167 0001:000690DF 17174 0001:000691B0
 17175 0001:000691C4 17176 0001:000691D2 17178 0001:000691E5 17179 0001:000691EF
 17181 0001:000691F9 17182 0001:0006920C 17184 0001:00069213 17185 0001:0006921D
 17186 0001:00069224 17187 0001:0006922E 17188 0001:00069235 17189 0001:0006923F
 17190 0001:00069246 17191 0001:00069250 17192 0001:00069257 17193 0001:00069261
 17195 0001:00069268 17196 0001:0006926D 17198 0001:00069278 17200 0001:0006928A
 17201 0001:00069297 17204 0001:000692A4 17205 0001:000692AD 17207 0001:000692BC
 17208 0001:000692C6 17209 0001:000692CD 17210 0001:000692D7 17211 0001:000692DE
 17212 0001:000692E8 17214 0001:000692EF 17215 0001:000692F9 17216 0001:00069303
 17217 0001:0006930D 17218 0001:00069317 17221 0001:0006931E 17223 0001:00069327
 17224 0001:00069333 17225 0001:0006933D 17228 0001:00069350 17229 0001:0006935A
 17230 0001:00069361 17231 0001:0006936B 17232 0001:00069372 17233 0001:0006937C
 17235 0001:00069383 17236 0001:00069392 17238 0001:00069399 17239 0001:0006939E
 17241 0001:000693B2 17242 0001:000693BC 17243 0001:000693C3 17245 0001:000693F2
 17273 0001:00069408 17274 0001:00069434 17276 0001:0006959A 17268 0001:000695B8
 17269 0001:000695DC 17270 0001:000695EB 17272 0001:00069605

Line numbers for RangeF(RangeF.pas) segment .text

    45 0001:00096EEC    46 0001:00096F06    47 0001:00096F16    48 0001:00096F31
    49 0001:00096F4C    50 0001:00096F89    53 0001:00096FA0    54 0001:00096FBA
    55 0001:00096FCA    56 0001:00096FE5    57 0001:00097000    58 0001:0009703D
    61 0001:00097058    62 0001:00097073    63 0001:00097083    64 0001:0009709E
    65 0001:000970CA    66 0001:0009710E    69 0001:00097138    70 0001:00097152
    71 0001:00097162    72 0001:0009717D    73 0001:00097198    74 0001:000971D2
    77 0001:000971E8    78 0001:00097202    79 0001:00097212    80 0001:0009722D
    81 0001:00097248    82 0001:00097282    85 0001:00097298    86 0001:000972B2
    87 0001:000972C2    88 0001:000972DD    89 0001:000972F8    90 0001:00097335
    92 0001:00097380    92 0001:00097387

Line numbers for Range(C:\Users\sudiptas\Documents\EPasCode\RANGE\RANGE.DPR) segment .text

    10 0001:00097588    11 0001:00097598    12 0001:000975A4    13 0001:000975BC
    14 0001:000975C8

Bound resource files

C:\Program Files (x86)\EurekaLog 6\Delphi5\DIALOG.RES
c:\program files (x86)\borland\delphi5\Lib\CONTROLS.RES
RangeF.DFM
Range.RES
Range.drf


Program entry point at 0001:00097588
