
 Start         Length     Name                   Class
 0001:00000000 0009A6FCH .text                   CODE
 0002:00000000 00006ECCH .data                   DATA
 0002:00006ECC 00004465H .bss                    BSS


Detailed map of segments

 0001:00000000 00005644 C=CODE     S=.text    G=(none)   M=System   ACBP=A9
 0001:00005644 00000174 C=CODE     S=.text    G=(none)   M=SysInit  ACBP=A9
 0001:000057B8 00000DB0 C=CODE     S=.text    G=(none)   M=Windows  ACBP=A9
 0001:00006568 00001D0F C=CODE     S=.text    G=(none)   M=ELeaks   ACBP=A9
 0001:00008278 000002F0 C=CODE     S=.text    G=(none)   M=SysConst ACBP=A9
 0001:00008568 0000682C C=CODE     S=.text    G=(none)   M=SysUtils ACBP=A9
 0001:0000ED94 00000038 C=CODE     S=.text    G=(none)   M=Messages ACBP=A9
 0001:0000EDCC 00000040 C=CODE     S=.text    G=(none)   M=ActiveX  ACBP=A9
 0001:0000EE0C 00000330 C=CODE     S=.text    G=(none)   M=Consts   ACBP=A9
 0001:0000F13C 000007D8 C=CODE     S=.text    G=(none)   M=TypInfo  ACBP=A9
 0001:0000F914 00007E17 C=CODE     S=.text    G=(none)   M=Classes  ACBP=A9
 0001:0001772C 00000038 C=CODE     S=.text    G=(none)   M=ETypes   ACBP=A9
 0001:00017764 00002944 C=CODE     S=.text    G=(none)   M=EConsts  ACBP=A9
 0001:0001A0A8 00003E78 C=CODE     S=.text    G=(none)   M=ECore    ACBP=A9
 0001:0001DF20 000045AC C=CODE     S=.text    G=(none)   M=EDebug   ACBP=A9
 0001:000224CC 00000040 C=CODE     S=.text    G=(none)   M=ShellAPI ACBP=A9
 0001:0002250C 000000A0 C=CODE     S=.text    G=(none)   M=WinSock  ACBP=A9
 0001:000225AC 000014F8 C=CODE     S=.text    G=(none)   M=EHook    ACBP=A9
 0001:00023AA4 000000E8 C=CODE     S=.text    G=(none)   M=ELang    ACBP=A9
 0001:00023B8C 00001588 C=CODE     S=.text    G=(none)   M=ESockets ACBP=A9
 0001:00025114 00007A10 C=CODE     S=.text    G=(none)   M=EZlib    ACBP=A9
 0001:0002CB24 00000AFC C=CODE     S=.text    G=(none)   M=EHash    ACBP=A9
 0001:0002D620 00000354 C=CODE     S=.text    G=(none)   M=EEncrypt ACBP=A9
 0001:0002D974 000002DC C=CODE     S=.text    G=(none)   M=EBase64  ACBP=A9
 0001:0002DC50 00000190 C=CODE     S=.text    G=(none)   M=EZip     ACBP=A9
 0001:0002DDE0 0000715C C=CODE     S=.text    G=(none)   M=EWebTools ACBP=A9
 0001:00034F3C 000005A8 C=CODE     S=.text    G=(none)   M=EXMLBuilder ACBP=A9
 0001:000354E4 00004228 C=CODE     S=.text    G=(none)   M=ELogManager ACBP=A9
 0001:0003970C 0000132C C=CODE     S=.text    G=(none)   M=EListView ACBP=A9
 0001:0003AA38 00007434 C=CODE     S=.text    G=(none)   M=EDisAsm  ACBP=A9
 0001:00041E6C 00027920 C=CODE     S=.text    G=(none)   M=ExceptionLog ACBP=A9
 0001:0006978C 000088DB C=CODE     S=.text    G=(none)   M=Graphics ACBP=A9
 0001:00072068 000001C4 C=CODE     S=.text    G=(none)   M=Contnrs  ACBP=A9
 0001:0007222C 000000F4 C=CODE     S=.text    G=(none)   M=Commctrl ACBP=A9
 0001:00072320 00000793 C=CODE     S=.text    G=(none)   M=MultiMon ACBP=A9
 0001:00072AB4 00000038 C=CODE     S=.text    G=(none)   M=Imm      ACBP=A9
 0001:00072AEC 00000040 C=CODE     S=.text    G=(none)   M=Math     ACBP=A9
 0001:00072B2C 00000038 C=CODE     S=.text    G=(none)   M=WinSpool ACBP=A9
 0001:00072B64 00000044 C=CODE     S=.text    G=(none)   M=Printers ACBP=A9
 0001:00072BA8 0000031F C=CODE     S=.text    G=(none)   M=FlatSB   ACBP=A9
 0001:00072EC8 00001AFC C=CODE     S=.text    G=(none)   M=StdCtrls ACBP=A9
 0001:000749C4 00000094 C=CODE     S=.text    G=(none)   M=Clipbrd  ACBP=A9
 0001:00074A58 0000015C C=CODE     S=.text    G=(none)   M=StdActns ACBP=A9
 0001:00074BB4 0000F198 C=CODE     S=.text    G=(none)   M=Controls ACBP=A9
 0001:00083D4C 00000E28 C=CODE     S=.text    G=(none)   M=ActnList ACBP=A9
 0001:00084B74 00001490 C=CODE     S=.text    G=(none)   M=ImgList  ACBP=A9
 0001:00086004 000061FB C=CODE     S=.text    G=(none)   M=Menus    ACBP=A9
 0001:0008C200 0000C0B7 C=CODE     S=.text    G=(none)   M=Forms    ACBP=A9
 0001:000982B8 00000038 C=CODE     S=.text    G=(none)   M=RegStr   ACBP=A9
 0001:000982F0 00000038 C=CODE     S=.text    G=(none)   M=WinInet  ACBP=A9
 0001:00098328 00000038 C=CODE     S=.text    G=(none)   M=UrlMon   ACBP=A9
 0001:00098360 00000038 C=CODE     S=.text    G=(none)   M=ShlObj   ACBP=A9
 0001:00098398 00000038 C=CODE     S=.text    G=(none)   M=CommDlg  ACBP=A9
 0001:000983D0 00000AA8 C=CODE     S=.text    G=(none)   M=ExtCtrls ACBP=A9
 0001:00098E78 00000038 C=CODE     S=.text    G=(none)   M=Dlgs     ACBP=A9
 0001:00098EB0 00000B29 C=CODE     S=.text    G=(none)   M=Dialogs  ACBP=A9
 0001:000999DC 00000854 C=CODE     S=.text    G=(none)   M=RangeF   ACBP=A9
 0001:0009A230 00000245 C=CODE     S=.text    G=(none)   M=Range    ACBP=A9
 0002:00000000 000000A6 C=DATA     S=.data    G=DGROUP   M=System   ACBP=A9
 0002:000000A8 00000018 C=DATA     S=.data    G=DGROUP   M=SysInit  ACBP=A9
 0002:000000C0 00000014 C=DATA     S=.data    G=DGROUP   M=ELeaks   ACBP=A9
 0002:000000D4 00000230 C=DATA     S=.data    G=DGROUP   M=SysUtils ACBP=A9
 0002:00000304 00000010 C=DATA     S=.data    G=DGROUP   M=TypInfo  ACBP=A9
 0002:00000314 000000A0 C=DATA     S=.data    G=DGROUP   M=Classes  ACBP=A9
 0002:000003B4 00000908 C=DATA     S=.data    G=DGROUP   M=EConsts  ACBP=A9
 0002:00000CBC 00000044 C=DATA     S=.data    G=DGROUP   M=ECore    ACBP=A9
 0002:00000D00 0000004C C=DATA     S=.data    G=DGROUP   M=EDebug   ACBP=A9
 0002:00000D4C 000001A0 C=DATA     S=.data    G=DGROUP   M=EHook    ACBP=A9
 0002:00000EEC 00000001 C=DATA     S=.data    G=DGROUP   M=ESockets ACBP=A9
 0002:00000EF0 00000E5C C=DATA     S=.data    G=DGROUP   M=EZlib    ACBP=A9
 0002:00001D4C 00000212 C=DATA     S=.data    G=DGROUP   M=EHash    ACBP=A9
 0002:00001F60 000000C0 C=DATA     S=.data    G=DGROUP   M=EBase64  ACBP=A9
 0002:00002020 00002B8C C=DATA     S=.data    G=DGROUP   M=EWebTools ACBP=A9
 0002:00004BAC 00000020 C=DATA     S=.data    G=DGROUP   M=EXMLBuilder ACBP=A9
 0002:00004BCC 00000020 C=DATA     S=.data    G=DGROUP   M=ELogManager ACBP=A9
 0002:00004BEC 000012D5 C=DATA     S=.data    G=DGROUP   M=EDisAsm  ACBP=A9
 0002:00005EC4 0000055C C=DATA     S=.data    G=DGROUP   M=ExceptionLog ACBP=A9
 0002:00006420 000002B4 C=DATA     S=.data    G=DGROUP   M=Graphics ACBP=A9
 0002:000066D4 00000004 C=DATA     S=.data    G=DGROUP   M=Printers ACBP=A9
 0002:000066D8 00000018 C=DATA     S=.data    G=DGROUP   M=StdCtrls ACBP=A9
 0002:000066F0 0000012C C=DATA     S=.data    G=DGROUP   M=Controls ACBP=A9
 0002:0000681C 00000020 C=DATA     S=.data    G=DGROUP   M=ImgList  ACBP=A9
 0002:0000683C 000000EC C=DATA     S=.data    G=DGROUP   M=Menus    ACBP=A9
 0002:00006928 0000013C C=DATA     S=.data    G=DGROUP   M=Forms    ACBP=A9
 0002:00006A64 000000B0 C=DATA     S=.data    G=DGROUP   M=Dialogs  ACBP=A9
 0002:00007000 000004D0 C=BSS      S=.bss     G=DGROUP   M=System   ACBP=A9
 0002:000074D0 00000018 C=BSS      S=.bss     G=DGROUP   M=SysInit  ACBP=A9
 0002:000074E8 00000004 C=BSS      S=.bss     G=DGROUP   M=Windows  ACBP=A9
 0002:000074EC 00000054 C=BSS      S=.bss     G=DGROUP   M=ELeaks   ACBP=A9
 0002:00007540 00000004 C=BSS      S=.bss     G=DGROUP   M=SysConst ACBP=A9
 0002:00007544 00000118 C=BSS      S=.bss     G=DGROUP   M=SysUtils ACBP=A9
 0002:0000765C 00000004 C=BSS      S=.bss     G=DGROUP   M=Messages ACBP=A9
 0002:00007660 00000004 C=BSS      S=.bss     G=DGROUP   M=ActiveX  ACBP=A9
 0002:00007664 00000004 C=BSS      S=.bss     G=DGROUP   M=Consts   ACBP=A9
 0002:00007668 00000004 C=BSS      S=.bss     G=DGROUP   M=TypInfo  ACBP=A9
 0002:0000766C 0000003C C=BSS      S=.bss     G=DGROUP   M=Classes  ACBP=A9
 0002:000076A8 00000004 C=BSS      S=.bss     G=DGROUP   M=ETypes   ACBP=A9
 0002:000076AC 00000004 C=BSS      S=.bss     G=DGROUP   M=EConsts  ACBP=A9
 0002:000076B0 00000009 C=BSS      S=.bss     G=DGROUP   M=ECore    ACBP=A9
 0002:000076BC 00000004 C=BSS      S=.bss     G=DGROUP   M=EDebug   ACBP=A9
 0002:000076C0 00000004 C=BSS      S=.bss     G=DGROUP   M=ShellAPI ACBP=A9
 0002:000076C4 00000004 C=BSS      S=.bss     G=DGROUP   M=WinSock  ACBP=A9
 0002:000076C8 00000010 C=BSS      S=.bss     G=DGROUP   M=EHook    ACBP=A9
 0002:000076D8 00000004 C=BSS      S=.bss     G=DGROUP   M=ELang    ACBP=A9
 0002:000076DC 00000004 C=BSS      S=.bss     G=DGROUP   M=ESockets ACBP=A9
 0002:000076E0 00002890 C=BSS      S=.bss     G=DGROUP   M=EZlib    ACBP=A9
 0002:00009F70 00000404 C=BSS      S=.bss     G=DGROUP   M=EHash    ACBP=A9
 0002:0000A374 0000001C C=BSS      S=.bss     G=DGROUP   M=EEncrypt ACBP=A9
 0002:0000A390 00000004 C=BSS      S=.bss     G=DGROUP   M=EBase64  ACBP=A9
 0002:0000A394 00000004 C=BSS      S=.bss     G=DGROUP   M=EZip     ACBP=A9
 0002:0000A398 00000048 C=BSS      S=.bss     G=DGROUP   M=EWebTools ACBP=A9
 0002:0000A3E0 00000004 C=BSS      S=.bss     G=DGROUP   M=EXMLBuilder ACBP=A9
 0002:0000A3E4 00000004 C=BSS      S=.bss     G=DGROUP   M=ELogManager ACBP=A9
 0002:0000A3E8 00000004 C=BSS      S=.bss     G=DGROUP   M=EListView ACBP=A9
 0002:0000A3EC 00000004 C=BSS      S=.bss     G=DGROUP   M=EDisAsm  ACBP=A9
 0002:0000A3F0 00000E78 C=BSS      S=.bss     G=DGROUP   M=ExceptionLog ACBP=A9
 0002:0000B268 00000060 C=BSS      S=.bss     G=DGROUP   M=Graphics ACBP=A9
 0002:0000B2C8 00000004 C=BSS      S=.bss     G=DGROUP   M=Contnrs  ACBP=A9
 0002:0000B2CC 00000004 C=BSS      S=.bss     G=DGROUP   M=Commctrl ACBP=A9
 0002:0000B2D0 00000031 C=BSS      S=.bss     G=DGROUP   M=MultiMon ACBP=A9
 0002:0000B304 00000004 C=BSS      S=.bss     G=DGROUP   M=Imm      ACBP=A9
 0002:0000B308 00000004 C=BSS      S=.bss     G=DGROUP   M=Math     ACBP=A9
 0002:0000B30C 00000004 C=BSS      S=.bss     G=DGROUP   M=WinSpool ACBP=A9
 0002:0000B310 00000004 C=BSS      S=.bss     G=DGROUP   M=Printers ACBP=A9
 0002:0000B314 00000034 C=BSS      S=.bss     G=DGROUP   M=FlatSB   ACBP=A9
 0002:0000B348 00000004 C=BSS      S=.bss     G=DGROUP   M=StdCtrls ACBP=A9
 0002:0000B34C 0000000C C=BSS      S=.bss     G=DGROUP   M=Clipbrd  ACBP=A9
 0002:0000B358 00000004 C=BSS      S=.bss     G=DGROUP   M=StdActns ACBP=A9
 0002:0000B35C 00000070 C=BSS      S=.bss     G=DGROUP   M=Controls ACBP=A9
 0002:0000B3CC 00000004 C=BSS      S=.bss     G=DGROUP   M=ActnList ACBP=A9
 0002:0000B3D0 00000004 C=BSS      S=.bss     G=DGROUP   M=ImgList  ACBP=A9
 0002:0000B3D4 00000010 C=BSS      S=.bss     G=DGROUP   M=Menus    ACBP=A9
 0002:0000B3E4 00000024 C=BSS      S=.bss     G=DGROUP   M=Forms    ACBP=A9
 0002:0000B408 00000004 C=BSS      S=.bss     G=DGROUP   M=RegStr   ACBP=A9
 0002:0000B40C 00000004 C=BSS      S=.bss     G=DGROUP   M=WinInet  ACBP=A9
 0002:0000B410 00000004 C=BSS      S=.bss     G=DGROUP   M=UrlMon   ACBP=A9
 0002:0000B414 00000004 C=BSS      S=.bss     G=DGROUP   M=ShlObj   ACBP=A9
 0002:0000B418 00000004 C=BSS      S=.bss     G=DGROUP   M=CommDlg  ACBP=A9
 0002:0000B41C 00000004 C=BSS      S=.bss     G=DGROUP   M=ExtCtrls ACBP=A9
 0002:0000B420 00000004 C=BSS      S=.bss     G=DGROUP   M=Dlgs     ACBP=A9
 0002:0000B424 00000038 C=BSS      S=.bss     G=DGROUP   M=Dialogs  ACBP=A9
 0002:0000B45C 00000008 C=BSS      S=.bss     G=DGROUP   M=RangeF   ACBP=A9


  Address         Publics by Name

 0002:00000FF4       .
 0002:00000FA0       .
 0002:00000064       .
 0001:00027178       .
 0001:00004DC0       .
 0001:0000E30C       .
 0002:000076E4       .
 0002:00000F88       .
 0002:00000F74       .
 0001:00004AE0       .
 0001:00025858       .
 0001:00026D6C       .
 0001:00027240       .
 0002:000012E0       .
 0001:0002ACA8       .
 0002:000011B4       .
 0002:00000F80       .
 0002:000096E4       .
 0002:00000F18       .
 0002:00001044       .
 0002:0000B424       .01
 0002:0000B358       .02
 0002:000076C4       .1
 0002:000076C0       .1
 0002:000076C8       .1
 0002:0000B304       .1
 0002:0000A390       .1
 0002:0000B2F0       .1
 0002:0000A374       .1
 0002:00009F70       .1
 0002:0000B420       .1
 0002:0000B418       .1
 0002:00007504       .1
 0002:000074E0       .1
 0002:0000B2CC       .1
 0002:0000B414       .1
 0002:000076D8       .1
 0002:00007540       .1
 0002:0000B410       .1
 0002:0000B334       .1
 0002:0000B40C       .1
 0002:0000B408       .1
 0002:0000765C       .1
 0002:000076A8       .1
 0002:00007664       .1
 0002:000076E0       .2
 0002:0000B308       .2
 0002:0000A3EC       .2
 0002:0000A3E8       .2
 0002:0000B350       .2
 0002:0000B460       .2
 0002:0000A414       .21
 0002:0000B348       .22
 0002:0000B364       .22
 0002:000074E8       .3
 0002:0000A3E0       .3
 0002:0000A394       .3
 0002:0000A3E4       .3
 0002:00007660       .3
 0002:0000742C       .3
 0002:0000B310       .3
 0002:0000B30C       .3
 0002:0000B3D0       .3
 0002:000076B4       .4
 0002:000076DC       .4
 0002:0000764C       .44
 0002:000076AC       .5
 0002:00007668       .5
 0002:0000B3EC       .51
 0002:0000B41C       .61
 0002:0000B3CC       .7
 0002:0000A398       .7
 0002:0000B26C       .81
 0002:00007674       .84
 0002:0000B3DC       .9
 0002:0000B2C8       .9
 0002:000076BC       .92
 0001:00001AB0       @AbstractError
 0001:00003814       @AddRef
 0001:00003754       @AddRefArray
 0001:00003728       @AddRefRecord
 0001:00002298       @AfterConstruction
 0001:00004E09       @Append
 0001:000020D0       @AsClass
 0001:00002C88       @Assert
 0001:00004CE2       @Assign
 0001:00001BCC       @AStrCmp
 0001:000022A0       @BeforeDestruction
 0001:0000211C       @CallDynaInst
 0001:00004ABC       @CheckAutoResult
 0001:00002240       @ClassCreate
 0001:00002290       @ClassDestroy
 0001:00004D84       @Close
 0001:00001800       @Copy
 0001:0000393C       @CopyArray
 0001:00003820       @CopyRecord
 0001:00027BEC       @deflateInit2_
 0001:00003A44       @Dispose
 0001:000027C8       @DoneExcept
 0001:00004410       @DynArrayAddRef
 0001:000043E8       @DynArrayAsg
 0001:000043AC       @DynArrayClear
 0001:000041EC       @DynArrayHigh
 0001:000041E4       @DynArrayLength
 0001:000043A0       @DynArraySetLength
 0001:000028BC       @ExceptionHandler
 0001:00001C3C       @FillChar
 0001:00026E38       @fill_fopen_filefunc
 0001:0000371C       @Finalize
 0001:00003634       @FinalizeArray
 0001:00003608       @FinalizeRecord
 0001:00002134       @FindDynaInst
 0001:00004D5D       @Flush
 0001:00001E78       @FpuInit
 0001:00001DB4       @FpuMaskInit
 0001:000016E0       @FreeMem
 0001:000016C8       @GetMem
 0001:000056BC       @GetTls
 0001:00027370       @get_crc_table
 0001:00002C70       @Halt
 0001:00002B50       @Halt0
 0001:000023AC       @HandleAnyException
 0001:00002698       @HandleAutoException
 0001:00002660       @HandleFinally
 0001:000024D8       @HandleOnException
 0001:000292E0       @inflateInit2_
 0001:00028D28       @inflate_fast
 0001:0002A838       @inflate_table
 0001:0000574C       @InitExe
 0001:000035FC       @Initialize
 0001:00003568       @InitializeArray
 0001:0000353C       @InitializeRecord
 0001:00002AAC       @InitImports
 0001:00002A90       @InitResStringImports
 0001:00001844       @Insert
 0001:00004A20       @IntfAddRef
 0001:000049EC       @IntfClear
 0001:00004A04       @IntfCopy
 0001:000020B8       @IsClass
 0001:00001D84       @isNECWindows
 0001:00003178       @LStrAddRef
 0001:00002D4C       @LStrArrayClr
 0001:00002D7C       @LStrAsg
 0001:00002FCC       @LStrCat
 0001:00003010       @LStrCat3
 0001:00003084       @LStrCatN
 0001:00002D28       @LStrClr
 0001:000030D4       @LStrCmp
 0001:000031CC       @LStrCopy
 0001:0000320C       @LStrDelete
 0001:00002F58       @LStrFromArray
 0001:00002ED0       @LStrFromChar
 0001:00002EE0       @LStrFromPChar
 0001:00002E10       @LStrFromPCharLen
 0001:00002F10       @LStrFromPWChar
 0001:00002E40       @LStrFromPWCharLen
 0001:00002F4C       @LStrFromString
 0001:00002F70       @LStrFromWArray
 0001:00002F8C       @LStrFromWStr
 0001:00003254       @LStrInsert
 0001:00002DC0       @LStrLAsg
 0001:00002FC4       @LStrLen
 0001:000032B0       @LStrPos
 0001:000032F8       @LStrSetLength
 0001:00003188       @LStrToPChar
 0001:00002FA0       @LStrToString
 0001:00003A30       @New
 0001:00002DEC       @NewAnsiString
 0001:000034C0       @NewWideString
 0001:00001A34       @Pos
 0001:00004F88       @Pow10
 0001:00001B48       @PStrCmp
 0001:00001AFC       @PStrCpy
 0001:00001ACC       @PStrNCat
 0001:00001B18       @PStrNCpy
 0001:00002774       @RaiseAgain
 0001:00002758       @RaiseExcept
 0001:00001C5C       @RandInt
 0001:000016F8       @ReallocMem
 0001:00004DFB       @ResetText
 0001:00004E02       @RewritText
 0001:00001A88       @ROUND
 0001:00002C7C       @RunError
 0001:00001A74       @SetLength
 0001:00002A60       @StartExe
 0001:00001A94       @TRUNC
 0001:000027F8       @TryFinallyExit
 0001:00003FC0       @ValInt64
 0001:00001C74       @ValLong
 0001:00003F9C       @VarAddRef
 0001:00003DF0       @VarCast
 0001:00003B98       @VarClear
 0001:00003F94       @VarClr
 0001:00003BDC       @VarCopy
 0001:00003F20       @VarFromLStr
 0001:00003F60       @VarFromWStr
 0001:00003EE4       @VarToLStr
 0001:00004EEF       @Write0Char
 0001:00004F58       @Write0CString
 0001:0000335C       @Write0LString
 0001:00004EB4       @Write0String
 0001:00004E10       @WriteBytes
 0001:00004F41       @WriteChar
 0001:00004F5C       @WriteCString
 0001:00004EDB       @WriteLn
 0001:00003364       @WriteLString
 0001:00004E7B       @WriteSpaces
 0001:00004EBE       @WriteString
 0001:0000351C       @WStrAddRef
 0001:000033B4       @WStrArrayClr
 0001:000033D8       @WStrAsg
 0001:0000339C       @WStrClr
 0001:000034A4       @WStrFromLStr
 0001:000033FC       @WStrFromPCharLen
 0001:00003480       @WStrFromPWCharLen
 0001:000034B4       @WStrLen
 0001:000034D8       @WStrSetLength
 0001:00001D58       @_CLenToPasStr
 0001:00001D40       @_CToPasStr
 0001:00004D38       @_Flush
 0001:000017D0       @_IOTest
 0001:000052A2       @_lldiv
 0001:0000531A       @_lldivo
 0001:00005395       @_llmod
 0001:0000540F       @_llmodo
 0001:0000525C       @_llmul
 0001:0000527F       @_llmulo
 0001:0000548F       @_llshl
 0001:0000534C       @_lludiv
 0001:00005441       @_llumod
 0001:000054C7       @_llushr
 0001:0002BEA8       @_tr_align
 0001:0002C174       @_tr_flush_block
 0001:0002ACAC       @_tr_init
 0001:0002BDEC       @_tr_stored_block
 0001:0000C8D4       Abort
 0001:00076FDC       AbsMin
 0001:0000CC84       AbstractErrorHandler
 0002:0000701C       AbstractErrorProc
 0002:0000014C       AccessMode
 0001:0005C3D0       AccessViolationModuleInLongFormat
 0001:00052DF4       ActicatePage
 0002:0000A584       ActivateEurekaLog
 0001:00005DE8       ActivateKeyboardLayout
 0002:0000B38C       ActiveDrag
 0001:0000EE04       ActiveX
 0001:00084B6C       ActnList
 0001:0002F6FC       AddAuthenticationToURL
 0001:00000400       AddBlockAfter
 0001:000623E4       AddCallerCallStack
 0001:00056C68       AddColor
 0001:0004EA40       AddCustomHeadersToLog
 0001:0004E8E4       AddCustomHeaderToLog
 0001:00024828       AddDNS
 0001:00009178       AddExitProc
 0001:00013BC8       AddFinished
 0001:00087B0C       AddIn
 0002:00007500       AddLeak
 0001:0004D638       AddModule
 0001:00004828       AddModuleUnloadProc
 0001:00004838       AddModuleUnloadProc
 0001:000479F0       AddNewProcess
 0001:00047DB8       AddNewProcessEx
 0001:00013C00       AddNotFinished
 0001:00022B74       AddrSize
 0001:0005B240       AddStr
 0001:00016388       AddThread
 0001:0004D7B8       AddToStack
 0001:00036C88       AddValueField
 0001:00025670       AddZipFile
 0001:0006CED8       AdjustColor
 0001:00052D44       AdjustDialog
 0001:00050224       AdjustFlatStyle
 0001:0008EFCC       Adjustment
 0001:00005DF0       AdjustWindowRectEx
 0001:00026E70       adler32
 0001:00057848       AfterScreenshot
 0001:0005755C       AfterScreenshotToStream
 0002:00006900       Alignments
 0002:00006910       Alignments
 0002:000066D8       Alignments
 0001:000958FC       AlignWork
 0001:0007BEF8       AlignWork
 0002:0000751C       AllocatedList_End
 0002:00007514       AllocatedList_Lock
 0002:00007518       AllocatedList_Start
 0001:0008E9F8       AllocateHWnd
 0001:00016300       AllocateWindow
 0001:0000912C       AllocMem
 0002:00007424       AllocMemCount
 0002:00007428       AllocMemSize
 0001:00071E60       AllocPatternBitmap
 0002:00004B8C       AlphaNumerics
 0002:000066F8       AnchorAlign
 0001:000092F4       AnsiCompareText
 0001:000097E4       AnsiLastChar
 0001:00005DF8       AnsiLower
 0001:000092C0       AnsiLowerCase
 0001:0000D450       AnsiLowerCaseFileName
 0001:0000D418       AnsiPos
 0001:0008C034       AnsiSameCaption
 0001:0000932C       AnsiSameText
 0001:00009368       AnsiStrIComp
 0001:00009388       AnsiStrLIComp
 0001:0000D4DC       AnsiStrPos
 0001:0000D57C       AnsiStrRScan
 0001:0000D5A4       AnsiStrScan
 0001:00003C78       AnyChangeType
 0001:0000AC88       AppendChars
 0001:0000B050       AppendFormat
 0001:0000ACEC       AppendNumber
 0001:0000ACCC       AppendString
 0002:0000B3E4       Application
 0001:0004DE0C       ApplicationRestore
 0002:00006A5C       AppVisible
 0001:00006F54       AreTheSameLeak
 0001:0004C720       ASMAssigned
 0002:00000DEC       AsmConst
 0001:000517C0       AssemblerDialogProc
 0001:0004392C       AssemblerToRTF
 0001:0000CC68       AssertErrorHandler
 0002:00007018       AssertErrorProc
 0001:0000F4E4       AssignLongStr
 0001:0005521C       AssignOnCloseData
 0001:0004F254       AssignPriority
 0001:0005507C       AssignRequestData
 0001:00022364       AssignValidDebugInfo
 0001:0000F7B4       AssignVariant
 0001:0000F578       AssignWideStr
 0001:00058690       AttachedFile
 0001:000588EC       AttachedFiles
 0002:0000A408       AttachedFilesRequest
 0001:0005DF7C       AttrToString
 0002:0000A58C       AutoCloseTimer
 0001:0004E7B8       AutoCloseTimerProc
 0002:00007478       avail
 0001:00009D08       BackfillGetDiskFreeSpaceEx
 0001:000798CC       BackgroundClipped
 0001:0002DA94       Base64Decode
 0001:0002DB74       Base64DecodeStr
 0001:0002DBDC       Base64DecodeString
 0001:0002D9D8       Base64Encode
 0001:00058268       Base64EncodeFromFile
 0001:0002DB28       Base64EncodeStr
 0001:0002DBD4       Base64EncodeString
 0001:0002DBE4       Base64EncodeToString
 0001:0000D1AC       Beep
 0001:0001128C       BeginGlobalLoading
 0001:00005E00       BeginPaint
 0001:00002CDC       BeginThread
 0001:0006CEE4       BetterSize
 0001:0008889C       BiDiDraw
 0001:0001C01C       BinToStr
 0001:00005BA0       BitBlt
 0002:00006688       BitmapCanvasList
 0002:0000B284       BitmapImageLock
 0002:00006944       BlockCode
 0002:00007450       blockDescBlockList
 0002:00007454       blockDescFreeList
 0001:0005ADD0       BlockingSendInternetMessage
 0002:000000C4       BlockOverFoot
 0002:000000C0       BlockOverHead
 0002:00000304       BooleanIdents
 0002:000069B4       BorderStyles
 0001:00010C1C       Bounds
 0002:000068A8       Breaks
 0002:0000B2BC       BrushManager
 0001:0008AE20       BuildImage
 0001:0004804C       BuildListPS
 0001:00047F14       BuildListTH
 0002:00006ABC       ButtonCaptions
 0002:00006A90       ButtonNames
 0002:00006924       Buttons
 0002:000066E8       ButtonStyles
 0002:0000B430       ButtonWidths
 0002:00005EAC       ByteRegs1
 0002:00005EB0       ByteRegs2
 0001:00056DD0       BytesPerScanline
 0001:0006C6C4       BytesPerScanline
 0001:0005683C       BytesSwap
 0001:0006CA1C       ByteSwapColors
 0001:0000D290       ByteToCharIndex
 0001:0000D268       ByteToCharLen
 0001:0000D22C       ByteType
 0001:0000D1B4       ByteTypeTest
 0002:00000310       C10000
 0002:0000A788       Cached_LogFile
 0001:00065ECC       CalcAddr
 0001:0005686C       CalcCRC
 0001:0002D9A0       CalcDecodedSize
 0001:0004A840       CalcDuplicatedException
 0001:0002D974       CalcEncodedSize
 0001:0008E934       CalcJmpOffset
 0001:000831A4       CalcSplitterPos
 0001:00022ED0       CalculateRelocatedAsmSize
 0001:0004B93C       CallAttachedFilesRequest
 0001:0004B9AC       CallAttachedFilesRequestEvents
 0001:0004BAE0       CallCustomButtonClickEvent
 0001:0004BB4C       CallCustomButtonClickEvents
 0001:0004B86C       CallCustomDataRequest
 0001:0004B8DC       CallCustomDataRequestEvents
 0001:0004BA10       CallCustomWebFieldsRequest
 0001:0004BA80       CallCustomWebFieldsRequestEvents
 0001:00006610       CallerOfReallocMem
 0001:0006641C       CallEurekaLog
 0001:0004B570       CallExceptionActionNotify
 0001:0005E888       CallExceptionActionNotify_atSavedLogFile
 0001:0005E864       CallExceptionActionNotify_atSavingLogFile
 0001:00059C10       CallExceptionActionNotify_atSendingEmail
 0001:00059C58       CallExceptionActionNotify_atSendingWebMessage
 0001:00059C34       CallExceptionActionNotify_atSentEmail
 0001:00059C7C       CallExceptionActionNotify_atSentWebMessage
 0001:0005EB48       CallExceptionActionNotify_atShowedExceptionInfo
 0001:0005EB24       CallExceptionActionNotify_atShowingExceptionInfo
 0001:0005616C       CallExceptionActionNotify_atTerminating
 0001:0004B6E4       CallExceptionErrorNotify
 0001:0005E8AC       CallExceptionErrorNotify_atSavedLogFile
 0001:00059CA0       CallExceptionErrorNotify_atSentEmail
 0001:00059CC4       CallExceptionErrorNotify_atSentWebMessage
 0001:0004B378       CallExceptionNotify
 0001:0004B3E4       CallExceptionNotifyEvents
 0002:000063EC       CallFromCOMObject
 0001:0004B448       CallHandledExceptionNotify
 0001:0004B4B4       CallHandledExceptionNotifyEvents
 0001:0004B8E8       CallModuleEvent_AttachedFilesRequest
 0001:0004BA8C       CallModuleEvent_CustomButtonClickNotify
 0001:0004B818       CallModuleEvent_CustomDataRequest
 0001:0004B9B8       CallModuleEvent_CustomWebFieldsRequest
 0001:0004B4C0       CallModuleEvent_ExceptionActionNotify
 0001:0004B638       CallModuleEvent_ExceptionErrorNotify
 0001:0004B328       CallModuleEvent_ExceptionNotify
 0001:0004B3F0       CallModuleEvent_HandledExceptionNotify
 0001:0004BB58       CallModuleEvent_PasswordRequest
 0001:00005E08       CallNextHookEx
 0001:0004B7AC       CallPasswordRequest
 0001:0004DA9C       CallStackByAddresses
 0001:00051C8C       CallStackDialogProc
 0001:0000DABC       CallTerminateProcs
 0001:00005E10       CallWindowProc
 0001:0005EB6C       CallWriteIntraWebText
 0001:00064A84       Call_HookedExceptionObject
 0001:00064820       Call_HookedRaise
 0001:00064AB0       Call_HookedRtlUnwind
 0001:000563DC       CalsCoordinates
 0002:0000A53D       CanAttachScreenshot
 0002:0000A539       CanAttachScreenshot_Show
 0001:00065D90       CanCallUnhandledException
 0001:00077F54       CancelDrag
 0002:0000A53E       CanCopy
 0002:0000A53A       CanCopy_Show
 0001:0004C504       CanExit
 0002:0000A501       CanHookLibraries
 0002:000063C0       CannotProcessMessagesExceptions
 0002:0000A70C       CannotUseThread
 0001:00062458       CanPauseThisThread
 0002:0000A538       CanSendError_Show
 0002:0000A53C       CanSendMessage
 0002:0000A53B       CanSupport_Show
 0002:0000B2C0       CanvasList
 0002:0000B39C       CanvasList
 0002:0000A7B8       CaptionFontName
 0002:00006A68       Captions
 0002:0000A9F4       CAPTION_HEIGHT
 0002:000067B0       CaptureControl
 0002:00001FA0       cBase64Codec
 0002:00001F60       cBase64Codec
 0002:00006848       cBooleanToItemAutoFlag
 0001:0004FC80       CenterOnActiveWndMonitor
 0001:0004E738       CenterWindow
 0002:0000B34E       CF_COMPONENT
 0002:0000B34C       CF_PICTURE
 0002:0000A4C8       CGIHandleException_D5Down
 0002:0000A470       CGIOutputFile
 0002:000073EC       ChangeAnyProc
 0001:00076688       ChangeBiDiModeAlignment
 0001:00009864       ChangeFileExt
 0001:00068244       ChangeFinalizationOrder
 0001:00055190       ChangeLogUserEmail
 0001:00003CE4       ChangeSourceAny
 0001:00005E18       CharLowerBuff
 0001:00000224       CharNext
 0002:00004BCC       chars
 0001:0006AFF0       CharsetToIdent
 0001:0000D354       CharToByteIndex
 0001:0000D3B8       CharToByteLen
 0001:0006D4AC       CheckBool
 0001:00068A04       CheckCrc32
 0001:0001B270       CheckDirectoryExists
 0001:0002F668       CheckError
 0001:000234A4       CheckFail
 0001:0006804C       CheckForMemoryLeaks
 0001:0004953C       CheckForResult
 0001:0001B0BC       CheckIntoIDE
 0001:00002328       CheckJmp
 0001:0001AFE0       CheckKey
 0001:0004297C       CheckMagicCode
 0001:00005E20       CheckMenuItem
 0001:00006CA4       CheckOurPointer
 0002:00006898       Checks
 0001:0008E844       CheckTaskWindow
 0001:00077C84       CheckUndock
 0002:0000684C       cItemAutoFlagToBoolean
 0002:00006844       cItemAutoFlagToMenu
 0002:0000767C       ClassAliasList
 0001:000176B8       Classes
 0002:00007678       ClassList
 0001:00010C44       ClassNotFound
 0002:000073E8       ClearAnyProc
 0001:0006A968       ClearColor
 0001:00046478       ClearInternalError
 0002:0000A95D       ClickLinkActive
 0001:0003A018       ClickOnSign
 0001:00005E28       ClientToScreen
 0001:00080C0C       ClientToWindow
 0002:00006680       ClipboardFormats
 0001:00074A00       Clipbrd
 0001:000447C8       CloneObject
 0001:00005E30       CloseClipboard
 0001:000057F8       CloseHandle
 0001:000001C4       CloseHandle
 0001:0004A824       CloseLogFile
 0001:00042920       ClosePrinter
 0001:000585B4       CloseSendDialog
 0001:0002250C       closesocket
 0001:00025830       CloseZipFile
 0002:00007030       CmdLine
 0002:0000702C       CmdShow
 0002:00006840       cMenuAutoFlagToItem
 0002:00006408       ColIdx
 0002:00006450       Colors
 0001:0006ADE8       ColorToIdent
 0001:0006ADD8       ColorToRGB
 0002:0000A990       ColWidths
 0001:00005BA8       CombineRgn
 0002:0000B3E0       CommandPool
 0001:00072318       Commctrl
 0001:000983C8       CommDlg
 0001:000006E0       Commit
 0002:00007494       committedRoot
 0001:000574A0       CommonSaveToStream
 0001:0004C8E4       CompareEurekaFunctions
 0001:0008717C       CompareFront
 0001:00009228       CompareMem
 0001:000474BC       CompareModulesFunctions
 0001:00047848       CompareProcessesFunctions
 0001:00005800       CompareString
 0001:00009248       CompareText
 0001:0005CE00       CompleteIP
 0001:00031318       CompleteNumber
 0001:00035EA0       CompleteStr
 0001:00042F18       CompleteStr
 0001:0005DFD0       CompleteString
 0001:00014584       ComponentCreated
 0001:0002CC2C       Compress
 0001:0002722C       compressBound
 0001:0006D27C       ComputeAldusChecksum
 0001:0001DB5C       ComputerName
 0001:000442C8       ComputerName
 0001:00022514       connect
 0001:0000F134       Consts
 0001:00072224       Contnrs
 0002:0000B36A       ControlAtom
 0001:00083D28       Controls
 0001:0000C6C4       ConvertAddr
 0001:000068A4       ConvertAddress
 0001:0001A8F8       ConvertAddress
 0001:0000ADDC       ConvertEraString
 0001:000090B4       ConvertError
 0001:000090CC       ConvertErrorFmt
 0001:000355FC       ConvertNotDosText
 0001:0002E11C       ConvertSpecialHTMLChars
 0001:0000AF48       ConvertYearString
 0001:000041F4       CopyArray
 0001:0006F5CC       CopyBitmap
 0001:0006FC8C       CopyBitmapAsMask
 0001:00005BB0       CopyEnhMetaFile
 0001:00006338       CopyMemory
 0001:0006FC28       CopyPalette
 0001:00005E38       CopyRect
 0001:0004BE4C       CopyStrings
 0001:00089FBC       CopyToBest
 0001:000074E4       CountAllLeaks
 0001:0000D2E0       CountChars
 0002:0000B29C       CounterLock
 0001:00052B18       CPUDialogProc
 0001:00043CC8       CPUToRTF
 0002:00001D4C       Crc16Tab
 0001:00027384       crc32
 0002:00009F74       crc_table
 0002:00001F4C       crc_table_computed
 0001:00056FE4       Create8bitBitmap
 0001:0000CBAC       CreateAssertException
 0001:0000CD44       CreateAVObject
 0001:00005BB8       CreateBitmap
 0001:00005BC0       CreateBrushIndirect
 0001:00005BC8       CreateCompatibleBitmap
 0001:00005BD0       CreateCompatibleDC
 0001:00014604       CreateComponent
 0001:00006420       CreateDialog
 0001:0004E3CC       CreateDialogFonts
 0001:00005E40       CreateDialogParam
 0001:00005BE0       CreateDIBitmap
 0001:00005BD8       CreateDIBSection
 0001:00009E10       CreateDir
 0001:00005808       CreateDirectory
 0001:00005810       CreateEvent
 0001:0004F508       CreateExceptionReport
 0001:00005818       CreateFile
 0001:000001CC       CreateFileA
 0001:00005820       CreateFileMapping
 0001:00005BE8       CreateFont
 0001:00005BF0       CreateFontIndirect
 0001:0005EB78       CreateGeneralText
 0001:00005BF8       CreateHalftonePalette
 0001:0004892C       CreateHTMLByLayout
 0001:0004AF58       CreateHTMLFile
 0001:00005E48       CreateIcon
 0001:0000CAE8       CreateInOutError
 0001:0004F7EC       CreateLeakReport
 0001:0005FE04       CreateLogText
 0001:00005E50       CreateMenu
 0001:000991A4       CreateMessageDialog
 0001:00024C4C       CreateMXQuery
 0001:00056C04       CreateOctreeNode
 0001:00005C00       CreatePalette
 0001:00005C08       CreatePenIndirect
 0001:00005E58       CreatePopupMenu
 0001:00005828       CreateProcess
 0001:00005C10       CreateRectRgn
 0001:00005C18       CreateRectRgnIndirect
 0001:00005C20       CreateSolidBrush
 0001:0006CA74       CreateSystemPalette
 0001:00048D04       CreateTemplateFile
 0001:0000022C       CreateThread
 0001:00005830       CreateThread
 0001:0004F98C       CreateThreadStr
 0001:00059710       CreateTmpLogFile
 0001:00044C8C       CreateVirtualFile
 0001:000063EC       CreateWindow
 0001:00005E60       CreateWindowEx
 0001:0004B024       CreateXMLLogCopy
 0001:000255DC       CreateZipFile
 0001:00059CE8       CreateZIPFile
 0001:00067540       Create_EurekaLogUnitsList
 0002:000066F0       CreationControl
 0002:00000CBC       CriticalError
 0002:000063E4       CriticalExceptObject
 0002:000067EC       Ctl3DStyles
 0002:0000748C       curAlloc
 0002:0000754C       CurrencyDecimals
 0002:00007548       CurrencyFormat
 0002:00007544       CurrencyString
 0002:0000A4F0       CurrentAsmErrorLine
 0002:0000A4F8       CurrentAsmErrorText
 0002:0000A4FC       CurrentCPUErrorText
 0002:0000A590       CurrentDialog
 0001:00065F40       CurrentEurekaLogOptions
 0002:0000A4F4       CurrentGeneralErrorText
 0002:0000A46C       CurrentOptions
 0002:0000A5A8       CurrentProcessWindowsList
 0002:0000A55C       CurrentRequestValue
 0002:000063D0       CurrentStackList
 0001:0000AC74       CurrentYear
 0002:000069E0       CursorMap
 0002:00006700       Cursors
 0001:00076934       CursorToIdent
 0002:0000A410       CustomButtonClickNotify
 0002:0000A404       CustomDataRequest
 0002:0000A528       CustomExceptMessage
 0002:0000A40C       CustomWebFieldsRequest
 0002:0000A378       CV
 0002:00000028       cwChop
 0002:0000754D       DateSeparator
 0001:0000B820       DateTimeToStr
 0001:0000B7C4       DateTimeToString
 0001:0000A72C       DateTimeToTimeStamp
 0001:0000ABFC       DayOfWeek
 0002:0000A5A4       DbgSection
 0002:0000644C       DDBsOnly
 0001:0008EAAC       DeallocateHWnd
 0002:00000008       DebugHook
 0002:0000A6E4       DebugHook_Assigned
 0001:0005B290       DebugToStr
 0002:0000754B       DecimalSeparator
 0001:0000AB6C       DecodeDate
 0001:0001F90C       DecodeNameString
 0001:0000A854       DecodeTime
 0001:00000774       Decommit
 0001:00000D90       DecommitFree
 0002:00007468       decommittedRoot
 0001:0002D878       Decrypt
 0001:00091400       Default
 0001:000963A8       Default
 0002:00000000       Default8087CW
 0002:000066F4       DefaultDockTreeClass
 0002:00006650       DefBrushData
 0002:00006420       DefFontData
 0001:00005E68       DefFrameProc
 0001:000281BC       deflate
 0001:00028480       deflateEnd
 0001:00027BD0       deflateInit_
 0002:000001FC       DefLongDayNames
 0002:000001B0       DefLongMonthNames
 0001:00005E70       DefMDIChildProc
 0002:00006630       DefPenData
 0002:000001E0       DefShortDayNames
 0002:00000180       DefShortMonthNames
 0001:00005E78       DefWindowProc
 0001:00000430       DeleteBlock
 0001:00005838       DeleteCriticalSection
 0001:000003A0       DeleteCriticalSection
 0001:00005C28       DeleteDC
 0001:00005C30       DeleteEnhMetaFile
 0001:00059E58       DeleteExtraFiles
 0001:000097CC       DeleteFile
 0001:00005840       DeleteFile
 0001:00000BD8       DeleteFree
 0001:00005E80       DeleteMenu
 0001:00005C38       DeleteObject
 0001:00056B10       DeleteTree
 0001:00044DF8       DeleteVirtualFile
 0001:0006F188       DeselectBitmap
 0001:00005E88       DestroyCursor
 0001:0004E614       DestroyDialogFonts
 0001:00005E90       DestroyIcon
 0001:00005E98       DestroyMenu
 0001:00005EA0       DestroyWindow
 0002:0000A9D0       DetailsActive
 0001:00050264       DetailsState
 0001:00005EA8       DialogBoxParam
 0002:0000A9DC       DialogHeight
 0001:000999C0       Dialogs
 0002:0000A6F4       DialogType
 0002:0000668C       DIBPalSizes
 0002:00000054       dig
 0002:00000CC0       Digits
 0001:00048CE0       DirectoryExists
 0001:00007FB8       DisableMemoryLeaksCheck
 0001:0008E698       DisableTaskWindows
 0001:00005EB0       DispatchMessage
 0001:00094754       DispatchShortCut
 0001:00009098       DivMod
 0001:00098EA8       Dlgs
 0001:0004E084       DlgTemplate
 0002:000076D0       DllList
 0001:000957B0       DoAlign
 0001:0007BDA4       DoAlign
 0001:0007FBDC       DoCalcConstraints
 0002:0000B394       DockSiteList
 0001:0008AB4C       DoClick
 0001:0007D270       DoControlMsg
 0001:0008E648       DoDisableWindow
 0001:000775A8       DoDragOver
 0001:0000A8EC       DoEncodeDate
 0001:0000A76C       DoEncodeTime
 0001:0000914C       DoExitProc
 0001:00081704       DoFindControlZone
 0001:0008E784       DoFindWindow
 0001:00081C68       DoFindZone
 0001:00081788       DoForEach
 0001:00082FFC       DoGetNextLimit
 0001:00025080       Done
 0001:000081A4       Done
 0001:00069318       Done
 0001:00023978       Done
 0001:0001DE98       Done
 0001:0008E610       DoneApplication
 0001:00067228       DoneCheckFreeze
 0001:00083B54       DoneControls
 0002:0000A4C0       DoneExcept
 0001:000681F8       DoneExceptAddr
 0001:0000D0E8       DoneExceptions
 0001:0002F144       DoneLib
 0001:00007D44       DoneShareMem
 0001:00092C34       DoNestedActivation
 0001:00095600       DoPosition
 0001:0007BA08       DoPosition
 0001:0008267C       DoPrune
 0001:00082B2C       DoSaveZone
 0001:00082D30       DoSetNewBounds
 0002:0000030C       DotSep
 0001:0007A754       DoWrite
 0001:00085A90       DoWrite
 0001:0006D704       DoWrite
 0001:0001208C       DoWrite
 0001:0006E2D4       DoWrite
 0002:0000B378       DragCapture
 0002:0000B36C       DragControl
 0001:00077CF4       DragDone
 0001:00077558       DragFindTarget
 0001:0007752C       DragFindWindow
 0002:0000B374       DragFreeObject
 0002:0000B390       DragImageList
 0001:0007794C       DragInit
 0001:00077ABC       DragInitControl
 0001:000774B0       DragMessage
 0002:0000B370       DragObject
 0002:0000B384       DragSaveCursor
 0002:0000B37C       DragStartPos
 0002:0000B388       DragThreshold
 0001:00077678       DragTo
 0001:000963E4       DrawAppIcon
 0001:000397DC       DrawBmp
 0001:0003A368       DrawBottom
 0001:00054FAC       DrawButton
 0001:00054E40       DrawClickHere
 0001:000821E0       DrawCloseButton
 0001:00054DBC       DrawControl
 0001:00005EB8       DrawEdge
 0001:0003A2F0       DrawFrame
 0001:00005EC0       DrawFrameControl
 0001:00082238       DrawGrabberLine
 0001:00005EC8       DrawIcon
 0001:00005ED0       DrawIconEx
 0002:00006824       DrawingStyles
 0001:0003A410       DrawItem
 0001:0003A3BC       DrawLine
 0001:00005ED8       DrawMenuBar
 0001:0008BE44       DrawMenuItem
 0001:000530D4       DrawSupportLink
 0001:00005EE0       DrawText
 0001:0006C544       DupBits
 0002:0000A53F       DuplicatedException
 0001:00005848       DuplicateHandle
 0001:0000420C       DynArrayClear
 0001:00004214       DynArraySetLength
 0001:0002DC48       EBase64
 0001:0001A0A0       EConsts
 0001:0001DEF0       ECore
 0001:000224C4       EDebug
 0002:00006908       EdgeStyle
 0002:000067DC       EdgeStyles
 0001:00041E64       EDisAsm
 0001:0002D96C       EEncrypt
 0001:0002D618       EHash
 0001:0000CABC       EHeapException.FreeInstance
 0001:00023A74       EHook
 0001:00035B34       ElaborateString
 0001:0002F928       ElaborateURL
 0001:0002FA90       ElaborateWebPage
 0001:00023B84       ELang
 0001:00008264       ELeaks
 0001:0003AA30       EListView
 0001:00039704       ELogManager
 0001:00005EE8       EmptyClipboard
 0002:00007414       EmptyParam
 0002:000000D4       EmptyStr
 0002:000003BC       EMsgs
 0001:00007E2C       EnableMemoryLeaksCheck
 0001:00005EF0       EnableMenuItem
 0002:000068A0       Enables
 0001:00005EF8       EnableScrollBar
 0001:0008E74C       EnableTaskWindows
 0001:00005F00       EnableWindow
 0001:00056A34       Encode
 0001:0000A9B4       EncodeDate
 0002:00004BAC       EncodedChars
 0001:0000A7DC       EncodeTime
 0001:00059874       EncodeURL
 0001:00005F08       EndDialog
 0001:0001131C       EndGlobalLoading
 0001:00005F10       EndPaint
 0001:00002D20       EndThread
 0001:00000390       EnterCriticalSection
 0001:00005850       EnterCriticalSection
 0001:00005858       EnumCalendarInfoA
 0002:0000B2EC       EnumDisplayMonitors
 0001:0000C310       EnumEraNames
 0001:0000C34C       EnumEraYearOffsets
 0001:00091880       EnumMonitorsProc
 0001:00042910       EnumPrinters
 0001:00005860       EnumSystemLocales
 0001:00005F18       EnumThreadWindows
 0001:00013F64       EnumValue
 0001:00005F20       EnumWindows
 0001:00046778       EnumWindowsProc
 0001:0004688C       EnumWindowsProc
 0001:00046720       EnumWindowsProc
 0001:0001EE58       Eof
 0001:00005F28       EqualRect
 0002:00007610       EraNames
 0001:0000BAA0       EraToYear
 0002:0000762C       EraYearOffsets
 0002:0000004C       errCaption
 0001:00086ECC       Error
 0001:0000178C       Error
 0001:00007C0C       Error
 0001:0001384C       Error
 0001:00057914       Error
 0002:00007040       ErrorAddr
 0001:0000CB68       ErrorHandler
 0002:00000218       ErrorMap
 0002:00007004       ErrorProc
 0002:00000B94       EShowOptions
 0001:000250E0       ESockets
 0001:0001775C       ETypes
 0002:000003B4       EurekaLogCurrentVersion
 0002:0000A558       EurekaLogList
 0001:000581C4       EurekaLogSendEmail
 0002:00005EC8       EurekaLogUnits
 0002:0000A580       EurekaLogUnitsList
 0001:0004C318       EurekaLog_AttachedFilesRequestEvent
 0001:000650E4       EurekaLog_CallCreateThread
 0001:0006493C       EurekaLog_CallExceptObject
 0001:0006521C       EurekaLog_CallExitThread
 0001:000647EC       EurekaLog_CallGeneralRaise
 0001:00065178       EurekaLog_CallResumeThread
 0001:0004C460       EurekaLog_CustomButtonClickEvent
 0001:0004C274       EurekaLog_CustomDataRequestEventEx
 0001:0004C3BC       EurekaLog_CustomWebFieldsRequestEvent
 0001:0004C12C       EurekaLog_ExceptionActionNotifyEvent
 0001:0004C1D0       EurekaLog_ExceptionErrorNotifyEvent
 0001:0004BFE4       EurekaLog_ExceptionNotifyEvent
 0001:0004C088       EurekaLog_HandledExceptionNotifyEvent
 0001:0004BED0       EurekaLog_PasswordRequestEvent
 0001:0004BF14       EurekaLog_PasswordRequestEventEx
 0002:0000091C       EVals
 0002:00000C54       EVariablesOptions
 0001:00034F34       EWebTools
 0001:0000C6AC       ExceptAddr
 0002:00007008       ExceptClsProc
 0001:0000D00C       ExceptHandler
 0001:0000C930       Exception.Create
 0001:0000C96C       Exception.CreateFmt
 0001:0000C9EC       Exception.CreateRes
 0001:0000CA28       Exception.CreateResFmt
 0002:0000A3F8       ExceptionActionNotify
 0002:00007010       ExceptionClass
 0002:0000A440       ExceptionCriticalSection
 0001:0000C6D0       ExceptionErrorMessage
 0002:0000A3FC       ExceptionErrorNotify
 0001:00045A34       ExceptionLine
 0001:00069720       ExceptionLog
 0001:000665FC       ExceptionManager
 0002:0000A3F0       ExceptionNotify
 0002:0000A478       ExceptionNumber
 0002:0000A598       ExceptionsTime
 0002:0000A59C       ExceptionTime
 0001:00049268       ExceptionTypeByAddr
 0002:00000250       ExceptMap
 0001:00063EA0       ExceptNotify
 0001:0005B0B8       ExceptNotifyAfter1
 0001:0005B1B4       ExceptNotifyAfter2
 0001:0005B1C8       ExceptNotifyAfter3
 0001:0000C694       ExceptObject
 0002:0000700C       ExceptObjProc
 0002:00007000       ExceptProc
 0001:00005C40       ExcludeClipRect
 0002:00007038       ExitCode
 0001:00002B1C       ExitDll
 0002:0000703C       ExitProc
 0001:0000023C       ExitProcess
 0002:00000148       ExitProcList
 0001:00000234       ExitThread
 0001:00005868       ExitThread
 0001:000354DC       EXMLBuilder
 0001:0001A3C8       ExpandEnvVars
 0001:00009A40       ExpandFileName
 0001:0004C968       ExportedFunctions
 0001:00098E70       ExtCtrls
 0001:0004A3B8       ExtractDebugData
 0001:0000992C       ExtractFileDrive
 0001:000099F8       ExtractFileExt
 0001:000065A8       ExtractFileName
 0001:000099C0       ExtractFileName
 0001:000098F8       ExtractFilePath
 0001:00009A7C       ExtractFilePathNoDrive
 0001:00066A00       ExtractGZipStream
 0001:0004A994       ExtractList
 0001:00009B50       ExtractRelativePath
 0001:00049F28       ExtractStr
 0001:0001ADAC       ExtractStringsEx
 0001:0004F33C       ExtractThreadByList
 0001:000371A0       ExtractValue
 0001:0002DDD8       EZip
 0001:0002CB1C       EZlib
 0002:0000A794       fActive
 0002:00006400       fActivePage
 0002:0000A7B0       fBigFont
 0002:0000A798       fCaptionFont
 0002:0000B354       FClipboard
 0002:0000A78C       fDlgBack
 0001:0005E310       FetchStr
 0002:0000A7A0       fFixedFont1
 0002:0000A7A4       fFixedFont2
 0001:00009660       FileAge
 0001:00009658       FileClose
 0001:000095D0       FileCreate
 0001:00009D7C       FileDateToDateTime
 0001:000096C8       FileExists
 0002:00006684       FileFormats
 0002:0000704A       FileMode
 0001:00009590       FileOpen
 0001:000095F4       FileRead
 0002:00000314       FilerSignature
 0001:0000964C       FileSeek
 0001:00005870       FileTimeToDosDateTime
 0001:00005878       FileTimeToLocalFileTime
 0001:00009620       FileWrite
 0001:00000CC0       FillAfterGap
 0001:0004B1B0       FillAttachedList
 0001:00000C6C       FillBeforeGap
 0001:00000D58       FillerSizeAfterGap
 0001:00000CE8       FillerSizeBeforeGap
 0001:00005F30       FillRect
 0001:00047904       FillThreadsCount
 0001:00022428       Finalization
 0001:00071E98       Finalization
 0001:0000EDD4       Finalization
 0001:00008530       Finalization
 0001:0008C130       Finalization
 0001:0001DE9C       Finalization
 0001:000054E4       Finalization
 0001:00005780       Finalization
 0001:000749C4       Finalization
 0001:00072B64       Finalization
 0001:0000F104       Finalization
 0001:00074B7C       Finalization
 0001:00006530       Finalization
 0001:00072B2C       Finalization
 0001:00072AF4       Finalization
 0001:0001A01C       Finalization
 0001:00072AB4       Finalization
 0001:0001772C       Finalization
 0001:00017600       Finalization
 0001:00085FCC       Finalization
 0001:00072A74       Finalization
 0001:00084B3C       Finalization
 0001:000721F4       Finalization
 0001:00083CD4       Finalization
 0001:00069570       Finalization
 0001:0000F8BC       Finalization
 0001:000224D4       Finalization
 0001:00022574       Finalization
 0001:00023A20       Finalization
 0001:00023B54       Finalization
 0001:00025088       Finalization
 0001:00098244       Finalization
 0001:0000ED94       Finalization
 0001:000982B8       Finalization
 0001:000982F0       Finalization
 0001:00098328       Finalization
 0001:00098360       Finalization
 0001:00098398       Finalization
 0001:00098E40       Finalization
 0001:0002CAEC       Finalization
 0001:00098E78       Finalization
 0001:0002D5E8       Finalization
 0001:0002D93C       Finalization
 0001:0000EBD4       Finalization
 0001:0002DC18       Finalization
 0001:0002DDA8       Finalization
 0001:00072E88       Finalization
 0001:00099964       Finalization
 0001:00041DC8       Finalization
 0001:0009A1F8       Finalization
 0001:0003AA00       Finalization
 0001:000722E8       Finalization
 0001:00034EE4       Finalization
 0001:000354AC       Finalization
 0001:0009A230       Finalization
 0001:0007498C       Finalization
 0001:000396D4       Finalization
 0001:0000822C       Finalization
 0002:000074F4       FinalizationProc
 0001:00004204       FinalizeArray
 0001:0008A960       Find
 0001:00004470       FindBS
 0001:00010D60       FindClass
 0001:00004444       FindClassHInstance
 0001:0000024C       FindClose
 0001:000097B0       FindClose
 0001:00005880       FindClose
 0001:00000C3C       FindCommitted
 0001:00076754       FindControl
 0001:00081E70       FindControlAtPos
 0001:00077FA0       FindDragTarget
 0001:00059690       FindEOFLine
 0001:0002F558       FindErrorMessage
 0001:0005EAD0       FindException
 0001:000147B4       FindExistingComponent
 0001:0000973C       FindFirst
 0001:00000254       FindFirstFile
 0001:00005888       FindFirstFile
 0001:00047BA8       FindFullPath
 0001:0004A318       FindFunction
 0002:00007670       FindGlobalComponent
 0001:0008E890       FindGlobalComponent
 0001:00042990       FindHandled
 0001:0000441C       FindHInstance
 0001:00011100       FindIdentToInt
 0001:00007020       FindLeakAddress
 0001:00007230       FindLeakClassName
 0001:00006F78       FindLeakSons
 0001:00068940       FindMainInstance
 0001:000096D8       FindMatchingFile
 0001:00046C7C       FindModuleType
 0002:0000B42C       FindMsg
 0001:00013B00       FindNestedComponent
 0001:0000978C       FindNext
 0001:00005890       FindNextFile
 0001:00006ED4       FindNextValidLeak
 0001:0001EFC8       FindParam
 0001:00086E94       FindPopupControl
 0001:00047850       FindProcess
 0001:00005898       FindResource
 0001:0000444C       FindResourceHInstance
 0001:00097BF4       FindScanline
 0001:00039348       FindSection
 0001:0002ECB8       FindSelected
 0001:0008E7E8       FindTopMostWindow
 0001:00015684       FindUniqueName
 0001:00077F6C       FindVCLWindow
 0001:00005F38       FindWindow
 0001:000029A0       FInitUnits
 0002:0000A7BC       FixedFontName1
 0002:0000A7C0       FixedFontName2
 0002:0000A7B4       FixedFontSize
 0002:0000A9F8       FixedTmpOptionsFile
 0001:0006F580       FixupBitFields
 0002:00006918       Flags
 0002:00007658       FLanguages
 0001:00072EB8       FlatSB
 0002:0000B314       FlatSB_EnableScrollBar
 0002:0000B320       FlatSB_GetScrollInfo
 0002:0000B324       FlatSB_GetScrollPos
 0002:0000B31C       FlatSB_GetScrollRange
 0002:0000B32C       FlatSB_SetScrollInfo
 0002:0000B328       FlatSB_SetScrollPos
 0001:00072BA8       FlatSB_SetScrollProp
 0002:0000B330       FlatSB_SetScrollRange
 0002:0000B318       FlatSB_ShowScrollBar
 0002:0000A7A8       fLinkFont
 0002:0000A7AC       fLinkFont2
 0002:0000A938       fListViewItems
 0002:000055AC       FloatingPointOpcodes
 0001:0000E8D1       FloatToDecimal
 0001:0000E32E       FloatToText
 0001:0000E5FE       FloatToTextFmt
 0001:000058A0       FlushInstructionCache
 0002:0000A790       fMemoBack
 0002:0000A918       fMonitor
 0002:0000A920       fMonitorInfo
 0002:00000174       FMSecsPerDay
 0001:0000A5C4       FmtStr
 0002:00006930       FocusCount
 0002:0000692C       FocusMessages
 0002:000065A0       FontCharsets
 0002:0000B2B4       FontManager
 0001:00066548       ForceApplicationTermination
 0001:0008E864       ForegroundTask
 0002:0000017C       Format
 0001:0000A5B0       Format
 0001:0000A150       FormatBuf
 0001:0000A144       FormatClearStr
 0001:0005E7A4       FormatComplete
 0001:0000B834       FormatDateTime
 0001:0000A0D8       FormatError
 0002:0000016C       FormatErrorStrs
 0001:0000A68C       FormatFloat
 0001:000058A8       FormatMessage
 0001:00021E24       FormatProcName
 0001:0000A130       FormatVarToStr
 0002:0000B45C       FormRange
 0001:00098298       Forms
 0001:00004F88       FPower10
 0002:000066D4       FPrinter
 0001:00005F40       FrameRect
 0001:000074B8       FreeAllLeaks
 0001:0000DFA8       FreeAndNil
 0001:000447FC       FreeClonedObject
 0001:000009A8       FreeCommitted
 0001:00000EB0       FreeCurAlloc
 0001:00078060       FreeDeviceContext
 0001:0007811C       FreeDeviceContexts
 0001:0001758C       FreeIntConstList
 0001:000058B0       FreeLibrary
 0001:0000025C       FreeLibrary
 0001:0006F0DC       FreeMemoryContexts
 0001:0008E9D4       FreeObjectInstance
 0001:00042C00       FreeOutOfMemoryCache
 0001:000058D0       FreeResource
 0001:000578D8       FreeScreenshot
 0001:00000628       FreeSpace
 0001:0000DAD8       FreeTerminateProcs
 0001:000161E8       FreeThreadWindow
 0002:0000A504       FreezeThread
 0002:0000A91C       fSendBmp
 0002:0000A3CC       FtpOpenFile
 0001:00034914       FTPUploadFiles
 0002:0000A79C       fVariableFont
 0001:0006C534       GDICheck
 0001:0006C48C       GDIError
 0001:00052910       GeneralDialogProc
 0001:000645CC       GeneralRaise
 0001:000434C8       GeneralToRTF
 0001:0006612C       GenerateCallStack
 0001:0005A80C       GenerateCustomWebFieldsString
 0001:00048BBC       GenerateHTML
 0001:000301D0       GenerateMultipartBoundary
 0001:00033D68       GenerateMultipartBoundary
 0001:00030324       GenerateRequestBody
 0001:00033E98       GenerateRequestBody
 0001:000058D8       GetACP
 0001:0005BFB0       GetActiveControlClass
 0001:0005BFC8       GetActiveControlText
 0001:0005BED0       GetActiveFormClass
 0001:0005BF1C       GetActiveFormText
 0001:0004F9F4       GetActiveMonitorData
 0001:00005F48       GetActiveWindow
 0001:0005CF3C       GetAdapterInfo
 0001:000478D0       GetAllocatedMemory
 0001:00095C84       GetAnimation
 0001:0005CACC       GetApplicationName
 0001:000467F0       GetApplicationRect
 0001:0005BEB0       GetApplicationUpTime
 0001:00022CDC       GetAsmSize
 0001:00098EB8       GetAveCharSize
 0001:0004DE80       GetBaseOfStack
 0001:00005C48       GetBitmapBits
 0001:000003A8       GetBlockDesc
 0001:00054F24       GetBottonWidth
 0001:00005C50       GetBrushOrgEx
 0001:000063BC       GetBValue
 0001:0004DD5C       GetCallStackByAddresses
 0001:00045720       GetCallStackDump
 0001:00005F50       GetCapture
 0001:000769DC       GetCaptureControl
 0001:00010CB0       GetClass
 0001:00005F58       GetClassInfo
 0001:00005F60       GetClassName
 0001:00005F68       GetClientRect
 0001:00005F70       GetClipboardData
 0001:0006DEC8       GetClipboardFormats
 0001:00005C58       GetClipBox
 0001:00000344       GetCmdShow
 0001:00084CE0       GetColor
 0001:0003A880       GetColumnAlign
 0001:0003A854       GetColumnCount
 0001:00000264       GetCommandLine
 0001:000058E8       GetCommandLine
 0001:000007F4       GetCommitted
 0001:00000884       GetCommittedAt
 0001:0005E1E8       GetCompanyName
 0001:0005BE54       GetCompilationDate
 0001:00042FA0       GetCompleteTimeStr
 0001:000058F0       GetComputerName
 0001:0007CDB4       GetControlAtPos
 0001:000639A4       GetControlClass
 0001:000639FC       GetControlText
 0001:0000AD38       GetCount
 0001:000058E0       GetCPInfo
 0001:0002CBC8       GetCRC16
 0001:0002CB80       GetCRC32
 0001:00009DE8       GetCurrentDir
 0001:000058F8       GetCurrentDirectory
 0001:00005C60       GetCurrentObject
 0001:00005C68       GetCurrentPositionEx
 0001:0005E5C8       GetCurrentPrinterHandle
 0001:00005900       GetCurrentProcess
 0001:00005908       GetCurrentProcessId
 0001:0004DE88       GetCurrentStackPointer
 0001:000665F4       GetCurrentStackPointer
 0001:00005910       GetCurrentThread
 0001:00004AD8       GetCurrentThreadId
 0001:00005918       GetCurrentThreadId
 0001:00006330       GetCurrentTime
 0001:0004481C       GetCurrentTopOfStack
 0001:0005E010       GetCurrentUserPrivileges
 0001:00005F78       GetCursor
 0001:00097C04       GetCursorHeightMargin
 0001:00005F80       GetCursorPos
 0001:00006DAC       GetDataCaller
 0001:0000AD64       GetDate
 0001:00005920       GetDateFormat
 0001:0000B9C4       GetDateOrder
 0001:00005F88       GetDC
 0001:00005F90       GetDCEx
 0001:00005C70       GetDCOrgEx
 0001:0004D778       GetDebugDetail
 0001:0005B330       GetDebugInfoEx
 0001:0004A6B0       GetDebugInfosByAddr
 0001:0004A104       GetDebugPartialInfo
 0001:0005E3A4       GetDefaultPrinter
 0001:00071AA4       GetDefFontCharSet
 0001:00005F98       GetDesktopWindow
 0001:00005C88       GetDeviceCaps
 0001:00052D20       GetDialogState
 0001:0006D494       GetDIB
 0001:00005C78       GetDIBColorTable
 0001:00005C80       GetDIBits
 0001:0006D3DC       GetDIBSizes
 0001:0006C6A4       GetDInColors
 0001:00005928       GetDiskFreeSpaceA
 0002:00000144       GetDiskFreeSpaceEx
 0001:0005C890       GetDiskInfo
 0001:0005DF24       GetDisplayDPI
 0001:0005CD60       GetDisplayMode
 0001:00005FA0       GetDlgItem
 0001:0002484C       GetDNSList
 0001:000830BC       GetDockAlign
 0001:00077304       GetDockSiteAtPos
 0001:00024A08       GetDomain
 0001:00024B74       GetDomainName
 0001:000775E4       GetDropCtl
 0001:0005FAEC       GetDump
 0001:000020EC       GetDynaMethod
 0001:0005F82C       GetEAX
 0001:0005F884       GetEBX
 0001:0005F8DC       GetECX
 0001:0005F9E4       GetEDI
 0001:00055014       GetEditText
 0001:0005F934       GetEDX
 0001:0004C718       GetEF
 0001:000407E4       GetEffectiveAddress
 0001:0005FA94       GetEIP
 0001:0005FD5C       GetEmptySection
 0001:00005C90       GetEnhMetaFileBits
 0001:00005C98       GetEnhMetaFileHeader
 0001:00005CA0       GetEnhMetaFilePaletteEntries
 0001:0000F174       GetEnumName
 0001:0000F254       GetEnumNameValue
 0001:0000F2A0       GetEnumValue
 0001:00005930       GetEnvironmentVariable
 0001:0001A35C       GetEnvVariable
 0001:0000C3C4       GetEraNamesAndYearOffsets
 0001:0000BA4C       GetEraYearOffset
 0001:0005F98C       GetESI
 0001:00045710       GetESP
 0001:0005FA3C       GetESP
 0001:0004CE10       GetEurekaLogModuleVersion
 0001:0005C1C4       GetExceptionAddress
 0001:0000CD30       GetExceptionClass
 0001:0005C1AC       GetExceptionDate
 0001:0005C69C       GetExceptionMessage
 0001:0005C1F8       GetExceptionModuleName
 0001:0005C2B8       GetExceptionModuleVersion
 0001:0000CF10       GetExceptionObject
 0001:0005C32C       GetExceptionType
 0001:0004DF94       GetExceptMessage
 0001:00005938       GetExitCodeProcess
 0001:00005940       GetExitCodeThread
 0001:00010D80       GetFieldClass
 0001:00010C38       GetFieldClassTable
 0001:0002E558       GetFieldValue
 0001:00005948       GetFileAttributes
 0001:0002F4EC       GetFileContents
 0001:00033E2C       GetFileContents
 0001:0006DEA8       GetFileFormats
 0001:00025634       GetFileSize
 0001:000348D8       GetFileSize
 0001:000001DC       GetFileSize
 0001:00047488       GetFileSize
 0001:000001D4       GetFileType
 0001:0005D408       GetFileVersionEx
 0001:00005B88       GetFileVersionInfo
 0001:00005B90       GetFileVersionInfoSize
 0001:00005FA8       GetFocus
 0001:0006B010       GetFontData
 0001:00005FB0       GetForegroundWindow
 0001:0000D69C       GetFormatSettings
 0001:0000691C       GetFramesCallStackDump
 0001:0005C974       GetFreeDisk
 0001:0005C800       GetFreeMemory
 0001:00005950       GetFullPathName
 0001:0005B5F8       GetFunctionAsm
 0001:00022E14       GetFunctionSize
 0001:0001B074       GetGMT
 0001:000063B8       GetGValue
 0001:00005958       GetHandleInformation
 0001:0006A664       GetHashCode
 0001:00095A70       GetHint
 0001:00095AA0       GetHintControl
 0001:00022544       gethostbyname
 0001:0002254C       gethostname
 0001:0008BFD0       GetHotkey
 0001:0003416C       GetHTTPResponse
 0001:0002FB48       GetHTTPResponse
 0001:00005FB8       GetIconInfo
 0001:00022144       GetImageNtHeaders
 0001:0005D5FC       GetIndexKeyName
 0001:00064298       GetIntraWebExceptionType
 0001:000397B4       GetItemRect
 0001:00051C40       GetItemText
 0001:00005FD0       GetKeyboardLayout
 0001:00005FD8       GetKeyboardLayoutList
 0001:00005FE0       GetKeyboardState
 0001:00001D7C       GetKeyboardType
 0001:00005FC0       GetKeyNameText
 0001:00005FC8       GetKeyState
 0001:0005C160       GetLanguageString
 0001:00005FE8       GetLastActivePopup
 0001:00005960       GetLastError
 0001:0000026C       GetLastError
 0001:00006FD4       GetLeakCount
 0001:0002EEC8       GetListDefault
 0001:0002EB44       GetListValue
 0001:0000C188       GetLocaleChar
 0001:0005C034       GetLocaleDataA
 0001:0005BFF4       GetLocaleDataW
 0001:00000274       GetLocaleInfo
 0001:00005980       GetLocaleInfo
 0001:00005970       GetLocaleInfoA
 0001:00005978       GetLocaleInfoW
 0001:0000C13C       GetLocaleStr
 0001:00005968       GetLocalTime
 0001:00076998       GetLongHint
 0001:0001A9D4       GetLongNameFromShort
 0001:0000F4F8       GetLongStrProp
 0001:00046758       GetMainWindow
 0001:00005CA8       GetMapMode
 0001:0002D4E8       GetMD5
 0001:00001748       GetMemoryManager
 0001:00005FF0       GetMenu
 0001:000935A0       GetMenuHelpContext
 0001:00005FF8       GetMenuItemCount
 0001:00006000       GetMenuItemID
 0001:00006008       GetMenuItemInfo
 0001:0008928C       GetMenuSize
 0001:00006010       GetMenuState
 0001:00006018       GetMenuString
 0001:0000F808       GetMethodProp
 0001:0001A930       GetModifiedDate
 0001:000254D8       GetModifiedDate
 0001:00047048       GetModuleDescriptionAndVersion
 0001:0000027C       GetModuleFileName
 0001:00005988       GetModuleFileName
 0001:00005644       GetModuleFileName
 0001:00005990       GetModuleHandle
 0001:00000284       GetModuleHandle
 0001:0000564C       GetModuleHandle
 0001:00046E3C       GetModulePath
 0001:00046F18       GetModuleSize
 0001:000477B8       GetModulesList
 0001:00047628       GetModulesWin9X
 0001:000474C4       GetModulesWinNT
 0001:00046FA8       GetModuleVer
 0001:0004B2D4       GetModule_ProcedureEvent
 0002:0000B2E8       GetMonitorInfo
 0002:0000B2E0       GetMonitorInfoA
 0002:0000B2E4       GetMonitorInfoW
 0001:0004FC5C       GetMonitorWorkAreaFromActiveWnd
 0001:0004FC38       GetMonitorWorkAreaFromWnd
 0001:0004FB50       GetMonitorWorkAreaFromWndEx
 0001:0000C1EC       GetMonthDayNames
 0001:00024D74       GetMXBestRecord
 0001:00024CD4       GetMXRecord
 0001:00024E64       GetMXServerFromEmail
 0001:0005D284       GetNetworkData
 0001:00006020       GetNextWindow
 0001:0005E344       GetNTDefPrinter
 0001:00005CB0       GetObject
 0001:00006DC0       GetObjectCaller
 0001:00056F74       GetOptimizedPalette
 0001:0002EDA4       GetOptionsDefault
 0001:00007BC8       GetOptionsFromExeFile
 0001:0002E944       GetOptionsValue
 0001:0000F320       GetOrdProp
 0001:000452FC       GetOSBuild
 0001:0005C194       GetOSCharset
 0001:0005C188       GetOSLanguage
 0001:00045018       GetOSType
 0001:0005BFE0       GetOSUpdate
 0001:00042BE4       GetOutOfMemoryCache
 0001:00056B4C       GetPaletteColors
 0001:00005CB8       GetPaletteEntries
 0001:0005BDB0       GetParameters
 0001:00001904       GetParamStr
 0001:00006028       GetParent
 0001:0008EC20       GetParentForm
 0001:0004D13C       GetPassword
 0001:00005CC0       GetPixel
 0001:00042928       GetPrinterDriver
 0001:0005E63C       GetPrinterStr
 0001:00005998       GetPriorityClass
 0001:000059A0       GetPrivateProfileString
 0001:000059A8       GetProcAddress
 0001:0000028C       GetProcAddress
 0001:000480AC       GetProcessesList
 0001:0005CB80       GetProcessor
 0001:000473F4       GetProcessThreads
 0001:0001A4C4       GetProfileFolder
 0001:000059B0       GetProfileString
 0001:00006030       GetProp
 0001:0000F2B4       GetPropInfo
 0001:00006994       GetRawCallStackDump
 0001:00007B2C       GetRawOptions
 0001:0001A858       GetReadableSize
 0001:00006624       GetReadableSize
 0001:0004AAC0       GetRealFileName
 0001:0008F0E0       GetRealScrollPosition
 0001:0004018C       GetRefAddress
 0001:000402EC       GetRegName
 0001:00007AE4       GetResourceData
 0001:0004934C       GetResourceData
 0001:00084CC0       GetRGBColor
 0001:000063B4       GetRValue
 0001:00006038       GetScrollInfo
 0001:00006040       GetScrollPos
 0001:00006048       GetScrollRange
 0001:00076954       GetShortHint
 0001:0000F3F0       GetShortStrProp
 0001:0000F488       GetShortStrPropAsLongStr
 0001:00049694       GetSourceInfoByAddr
 0001:0000054C       GetSpace
 0001:000005B0       GetSpaceAt
 0001:00086F24       GetSpecialName
 0001:0005FCCC       GetStack
 0001:0005CAB4       GetStartDate
 0001:000059B8       GetStartupInfo
 0001:00000294       GetStartupInfo
 0001:000001E4       GetStdHandle
 0001:00005CC8       GetStockObject
 0001:0000F6B0       GetStrProp
 0001:00006050       GetSubMenu
 0001:00049DC8       GetSymbolAddr
 0001:00006058       GetSysColor
 0001:000059C0       GetSystemDefaultLangID
 0001:000059C8       GetSystemInfo
 0001:00006060       GetSystemMenu
 0002:0000B2D0       GetSystemMetrics
 0001:00006068       GetSystemMetrics
 0001:00005CD0       GetSystemPaletteEntries
 0001:000059D0       GetSystemTime
 0001:0005CD24       GetSystemUpTime
 0001:0002E30C       GetTagValue
 0001:000059D8       GetTempPath
 0001:0002E738       GetTextAreaValue
 0001:00005CE0       GetTextExtentPoint
 0001:00005CD8       GetTextExtentPoint32
 0001:0004EBF4       GetTextHeight
 0001:00005CE8       GetTextMetrics
 0001:0004ED4C       GetTextWidth
 0001:000059E0       GetThreadContext
 0001:0004F3D8       GetThreadData
 0001:0000029C       GetThreadLocale
 0001:000059E8       GetThreadLocale
 0001:00064220       GetThreadParams
 0001:000059F0       GetThreadPriority
 0001:000059F8       GetTickCount
 0001:0000AD9C       GetTime
 0001:000057B8       GetTokenInformation
 0001:00096194       GetTopMostWindows
 0001:00045718       GetTopOfStack
 0001:00076AE4       GetTopParent
 0001:00006070       GetTopWindow
 0001:0005CA14       GetTotalDisk
 0001:0005C770       GetTotalMemory
 0001:0000F168       GetTypeData
 0001:0005E1D4       GetUserEmail
 0001:000057C0       GetUserName
 0001:0001A580       GetUserPath
 0001:00030294       GetValueFromIndex
 0001:00005A00       GetVersion
 0001:00005A08       GetVersionEx
 0001:0004742C       GetVersionNumber
 0001:0005D7CC       GetVideoCardStr
 0001:000228E0       GetVirtualMethod
 0001:0000F58C       GetWideStrProp
 0001:0000F60C       GetWideStrPropAsLongStr
 0001:00006078       GetWindow
 0001:000465C4       GetWindowClassName
 0001:00006080       GetWindowDC
 0001:00006088       GetWindowLong
 0001:00005CF8       GetWindowOrgEx
 0001:00006090       GetWindowPlacement
 0001:00006098       GetWindowRect
 0001:00005A10       GetWindowsDirectory
 0001:000060A0       GetWindowText
 0001:000060A8       GetWindowThreadProcessId
 0001:00005CF0       GetWinMetaFileBits
 0001:0001B2B0       GetWorkingFile
 0001:00005A18       GlobalAddAtom
 0001:00005A20       GlobalAlloc
 0001:0000634C       GlobalAllocPtr
 0001:00005A28       GlobalDeleteAtom
 0002:00007684       GlobalFixupList
 0001:00013C48       GlobalFixupReferences
 0001:00005A30       GlobalFree
 0001:00006378       GlobalFreePtr
 0001:00005A40       GlobalHandle
 0001:00005A38       GlobalLock
 0001:00005A48       GlobalMemoryStatus
 0002:0000766C       GlobalNameSpace
 0001:00005A50       GlobalReAlloc
 0001:0000635C       GlobalReAllocPtr
 0002:0000ADF8       GlobalSendValues
 0001:00005A58       GlobalUnlock
 0002:0000A770       Global_AttachedFiles
 0002:0000A717       Global_CloseDialog
 0002:0000A764       Global_CurrentEvent
 0002:0000A778       Global_DataFields
 0002:0000A73C       Global_ExceptionRecord
 0002:0000A714       Global_Execute
 0002:0000A715       Global_Handled
 0002:000063F8       Global_IntoHandleException
 0002:0000A780       Global_IntraWebText
 0002:0000A76C       Global_LastInitPassword
 0002:0000A77C       Global_Module
 0002:0000A768       Global_Password
 0002:0000A716       Global_Retry
 0002:0000A774       Global_WebFields
 0002:0000A784       Global_WebTextID
 0001:00064460       GoNotify
 0001:00071F6C       Graphics
 0002:000053EC       GroupsOpcodes
 0002:0000552C       GroupsOperands
 0001:000680F4       HandleAnyExceptionAddr
 0002:0000A47C       HandleAnyExceptionAddr_Variable
 0001:0000750C       HandleAnyLeak
 0001:00068198       HandleAutoExceptionAddr
 0002:0000A484       HandleAutoExceptionAddr_Variable
 0001:0003A278       HandleBackgroundState
 0002:0000A5DC       HandledCache
 0002:0000A5D8       HandledCacheCount
 0002:0000A6CC       HandledCacheCriticalSection
 0002:0000A3F4       HandledExceptionNotify
 0001:00006D84       HandleError
 0001:00014E7C       HandleException
 0001:00068140       HandleOnExceptionAddr
 0002:0000A480       HandleOnExceptionAddr_Variable
 0001:00046588       HasWindowASize
 0002:00000004       HeapAllocFlags
 0002:00007434       heapErrorCode
 0002:00007438       heapLock
 0002:0000B428       HelpMsg
 0002:00000140       HexDisplayPrefix
 0001:00099C94       hi
 0002:000074DC       HInstance
 0002:0000B3FC       HintDoneEvent
 0001:00095B70       HintGetMsgHook
 0002:0000B400       HintHook
 0001:00095B14       HintMouseThread
 0002:0000B404       HintThread
 0002:0000B3F8       HintThreadID
 0001:00095AC0       HintTimerProc
 0002:00006928       HintWindowClass
 0001:0000632C       HiWord
 0001:0004C67C       HookBPLProcedureByAddr
 0001:0004C6F0       HookBPLProcedureBySymbol
 0001:00023508       HookDllProcedure
 0001:0006523C       HookedCreateThread
 0001:00064A8C       HookedExceptionObject
 0001:00064C5C       HookedExceptProc
 0001:000656B4       HookedExitThread
 0001:000657A4       HookedHttpExtensionProc
 0002:000076D4       HookedMethodsList
 0002:000076CC       HookedProcedures
 0001:0006491C       HookedRaise
 0001:00065498       HookedResumeThread
 0001:00064E80       HookedRTLThreadProc
 0001:00064BA4       HookedRtlUnwind
 0001:00064D28       HookedThreadExecute
 0001:00064FB0       HookedThreadProc
 0001:00065770       HookedWriteClientProc
 0001:00064BCC       HookedWriteFile
 0001:00066738       Hooked_CGIHandleServerException_D5Down
 0001:00066E90       Hooked_DoneExcept
 0001:00066E60       Hooked_IndyThreadHandleException
 0001:0006684C       Hooked_IntraWebCreateServer
 0001:00066B48       Hooked_IntraWebSendResponse
 0001:00066768       Hooked_ISAPIHandleServerException_D5Down
 0001:00066DAC       Hooked_NTServiceLogMessage
 0001:00066798       Hooked_VCLHandleException
 0001:0006680C       Hooked_VCLShowException
 0001:00095BB4       HookHintHooks
 0001:00068910       HookingModuleName
 0001:00068934       HookingRTLModuleName
 0001:00068384       HookLastFInit
 0001:00068368       HookLastInit
 0001:000230F0       HookProcedure
 0001:00023204       HookProcedureEx
 0001:0004C5E4       HookSymbolProcedure
 0001:0002292C       HookVirtualMethod
 0001:00068394       Hook_InitializationAndFinalization
 0001:00068534       Hook_OnExceptionEvents
 0001:000585F0       HostName
 0002:00003A68       HTMLChars
 0002:00003768       HTMLDelimiters
 0001:0002251C       htons
 0002:0000A3A8       HttpAddRequestHeaders
 0002:0000A3B8       HttpEndRequest
 0002:0000A3A4       HttpOpenRequest
 0002:0000A3BC       HttpQueryInfo
 0002:0000A3AC       HttpSendRequest
 0002:0000A3B0       HttpSendRequestEx
 0001:00034420       HTTPUploadFiles
 0001:00006438       HwndMSWheel
 0002:000068BC       IBreaks
 0002:000068C8       IChecks
 0002:00006A7C       IconIDs
 0002:00006410       IDATHeader
 0001:000569EC       IDATWrite
 0002:0000A708       IDC_CURSOR
 0002:000068D0       IDefaults
 0001:0006B000       IdentToCharset
 0001:0006ADF8       IdentToColor
 0001:00076944       IdentToCursor
 0001:00011184       IdentToInt
 0002:000068D8       IEnables
 0001:00042D68       ifelseStr
 0001:00089F8C       IfHotkeyAvailable
 0001:00042DE0       ifStr
 0002:0000641C       iLevel
 0001:00072244       ImageList_Add
 0001:00039A6C       ImageList_Add
 0001:00072264       ImageList_AddIcon
 0001:00072288       ImageList_BeginDrag
 0001:0007222C       ImageList_Create
 0001:00039A64       ImageList_Create
 0001:00072234       ImageList_Destroy
 0001:00039A74       ImageList_Destroy
 0001:00072298       ImageList_DragEnter
 0001:000722A0       ImageList_DragLeave
 0001:000722A8       ImageList_DragMove
 0001:000722B8       ImageList_DragShowNolock
 0001:00072270       ImageList_Draw
 0001:00072278       ImageList_DrawEx
 0001:00072290       ImageList_EndDrag
 0001:0007225C       ImageList_GetBkColor
 0001:000722C0       ImageList_GetDragImage
 0001:000722D8       ImageList_GetIconSize
 0001:0007223C       ImageList_GetImageCount
 0001:000722C8       ImageList_Read
 0001:00072280       ImageList_Remove
 0001:0007224C       ImageList_ReplaceIcon
 0001:00072254       ImageList_SetBkColor
 0001:000722B0       ImageList_SetDragCursorImage
 0001:000722E0       ImageList_SetIconSize
 0001:000722D0       ImageList_Write
 0002:00006834       Images
 0001:00085FFC       ImgList
 0001:00072AE4       Imm
 0002:00006810       IMM32DLL
 0001:00083B40       Imm32IsIME
 0001:0005B498       ImmidiateDataProc
 0002:00000178       IMSecsPerDay
 0002:0000A57C       InactiveThreads
 0001:0001D970       IncludeLastBackslash
 0002:0000A5AC       IndyHooked
 0002:0000A4BC       IndyThread_HandleException
 0002:0000A4A0       Indy_OnException
 0001:000295E4       inflate
 0001:0002A49C       inflateEnd
 0001:00025204       InflateInit
 0001:000293AC       inflateInit_
 0001:000060B0       InflateRect
 0001:00029224       inflateReset
 0001:0001A600       IniDir
 0001:00025078       Init
 0001:00023944       Init
 0001:0001DE8C       Init
 0001:00068B08       Init
 0001:00007FD8       Init
 0001:00000A34       InitAllocator
 0001:00072320       InitAnApi
 0002:0000B2F8       InitApis
 0001:0006717C       InitCheckFreeze
 0001:00011390       InitComponent
 0002:000074A4       InitContext
 0001:00083BC8       InitControls
 0001:0008E910       InitCtl3D
 0001:00071AE8       InitDefFontData
 0001:000568F0       InitDeflate
 0001:0000DAF8       InitDriveSpacePtr
 0001:0000D01C       InitExceptions
 0001:00072C04       InitFlatSB
 0001:00099810       InitGlobals
 0001:0006D294       InitializeBitmapInfoHeader
 0001:00000388       InitializeCriticalSection
 0001:00005A60       InitializeCriticalSection
 0002:000063D8       Initialized
 0002:00000EEC       Initialized
 0002:00007430       initialized
 0001:00072BDC       InitializeFlatSB
 0001:00005700       InitializeModule
 0001:000837E0       InitIMM32
 0001:00011438       InitInheritedComponent
 0001:0002D7D8       InitKey
 0001:0002F15C       InitLib
 0001:00072A08       InitMultiMonStubs
 0001:0000D154       InitPlatformId
 0002:00007034       InitProc
 0001:00071A6C       InitScreenLogPixels
 0001:0005712C       InitScreenshot
 0001:00007C50       InitShareMem
 0001:0000D5E4       InitSysLocale
 0001:0000566C       InitThreadTLS
 0001:00002A00       InitUnits
 0001:0007669C       InitWndProc
 0002:000067BC       InnerStyles
 0002:00007050       Input
 0001:0007B9A8       InsertBefore
 0001:000955A0       InsertBefore
 0001:0004FCD4       InsertColumn
 0001:00000E28       InsertFree
 0001:00042AE8       InsertHandled
 0001:0008A040       InsertHotkeyFarEastFormat
 0001:000060B8       InsertMenu
 0001:000060C0       InsertMenuItem
 0002:00007528       InstallNewMemoryManager
 0001:00068928       InstanceModuleName
 0002:0000B3F0       InstBlockList
 0002:0000B3F4       InstFreeList
 0002:00007680       IntConstList
 0001:000058B8       InterlockedDecrement
 0001:0000033C       InterlockedDecrement
 0001:000058C0       InterlockedExchange
 0001:00000334       InterlockedIncrement
 0001:000058C8       InterlockedIncrement
 0001:00023D08       InternalCleanup
 0001:00045BB8       InternalCriticalError
 0001:0000AA28       InternalDecodeDate
 0001:0006A5F0       InternalDeletePalette
 0002:0000A550       InternalErrorCode
 0002:0000A554       InternalErrorMsg
 0001:000626B4       InternalExceptNotify
 0001:000482C8       InternalFileExists
 0001:00000C9C       InternalFreeMem
 0001:0006D3E4       InternalGetDIB
 0001:0006D378       InternalGetDIBSizes
 0002:000076B8       InternalIntoIDE
 0001:00011208       InternalReadComponentRes
 0001:00057920       InternalSendMail
 0001:00023CD8       InternalStartup
 0001:0000734C       Internal_AddLeak
 0001:00067910       Internal_AddLeak
 0001:00068040       Internal_Finalization
 0001:00068028       Internal_MultiFreeProc
 0001:00068010       Internal_OverrunProc
 0001:00007338       Internal_ResetLeaks
 0001:000675BC       Internal_ResetLeaks
 0001:000073FC       Internal_ShowLeaks
 0001:00067A90       Internal_ShowLeaks
 0002:0000A3C0       InternetCloseHandle
 0002:0000A3A0       InternetConnect
 0002:0000A3DC       InternetGetConnectedState
 0002:0000A3D0       InternetGetLastResponseInfo
 0002:0000A39C       InternetOpen
 0002:0000A3D4       InternetOpenUrl
 0002:0000A3C4       InternetQueryOption
 0002:0000A3D8       InternetReadFile
 0002:0000A3C8       InternetSetOption
 0002:0000A3B4       InternetWriteFile
 0001:00005D00       IntersectClipRect
 0001:000060C8       IntersectRect
 0002:0000A4D5       IntoFinalization
 0001:0001B0B4       IntoIDE
 0002:0000A4D4       IntoInitialization
 0002:0000A4DC       IntraWebApplication
 0002:0000A4E4       IntraWebCompressedPage
 0002:0000A4E0       IntraWebServerController
 0001:00068454       IntraWeb_BPL
 0002:0000A494       IntraWeb_CreateServer
 0002:0000A4EC       IntraWeb_NewEvent
 0001:000643FC       IntraWeb_OnExceptionEvent
 0001:0006437C       IntraWeb_OnExceptionEvent_New
 0001:000642F4       IntraWeb_OnExceptionEvent_Old
 0002:0000A49C       IntraWeb_OnException_New
 0002:0000A498       IntraWeb_OnException_Old
 0002:0000A4AC       IntraWeb_SendResponse
 0002:0000A4A8       IntraWeb_ShowMessage
 0002:0000A4E8       IntraWeb_Version
 0001:000094C0       IntToHex
 0001:000094FC       IntToHex
 0001:000111C4       IntToIdent
 0001:0000945C       IntToStr
 0001:0000948C       IntToStr
 0001:000060D0       InvalidateRect
 0001:000060D8       InvalidateRgn
 0001:0006C414       InvalidBitmap
 0001:0006C3FC       InvalidGraphic
 0001:0006C420       InvalidIcon
 0001:0006C42C       InvalidMetafile
 0001:0006C3E4       InvalidOperation
 0002:00007654       InvalidPointer
 0001:00001FA4       InvokeImplGetter
 0001:00022524       ioctlsocket
 0001:000018AC       IOResult
 0002:000068F8       IOwnerDraw
 0002:000068E0       IRadios
 0002:000068F0       IRTL
 0001:0008EBB0       IsAccel
 0001:0008B100       IsAccelChar
 0001:00006EE4       IsALeakChild
 0001:00046874       IsANewProcessWindow
 0001:00044A94       IsAParent
 0001:000067D8       IsAParentClassStr
 0001:00044984       IsAParentClassStr
 0001:00044B58       IsAParentClassStr_Unsafe
 0001:00044B04       IsAParents
 0001:00044A6C       IsAParentStr
 0001:00044C38       IsAParentStr_Unsafe
 0002:0000A4C4       ISAPIHandleException_D5Down
 0002:0000A430       ISAPI_HttpExtensionProc
 0002:0000A438       ISAPI_Proc
 0002:000063C4       ISAPI_SendError
 0002:0000A434       ISAPI_WriteClientProc
 0001:00046610       IsApplicationWindow
 0001:00005A68       IsBadReadPtr
 0001:000770BC       IsBeforeTargetWindow
 0001:0006242C       IsBorlandThread
 0001:00048294       IsCGI
 0001:000060E0       IsChild
 0001:0005EA38       IsCompatibleException
 0001:00044798       IsCompatibleVersion
 0001:00049254       IsCompiledWithPackages
 0001:00007E14       IsCompiledWithPackages
 0002:00007048       IsConsole
 0001:0004685C       IsCurrentProcessWindow
 0001:00044698       IsDebugged
 0001:0001EE6C       IsDecDigit
 0001:000456FC       IsDelphiException
 0001:00077508       IsDelphiHandle
 0001:000060E8       IsDialogMessage
 0002:0000A9D8       IsDialogShowed
 0001:0002E278       IsEnd
 0002:000068E8       ISeparators
 0001:0000EDCC       IsEqualIID
 0001:000665EC       IsEurekaLogActive
 0001:0006658C       IsEurekaLogActiveInThread
 0001:0004CDDC       IsEurekaLogCompatibleModule
 0001:00065F38       IsEurekaLogInstalled
 0001:0004CDB8       IsEurekaLogModule
 0001:0004CD28       IsEurekaLogModule_New
 0001:0004CC10       IsEurekaLogModule_Old
 0001:0004C728       IsExceptionHandled
 0001:0001B294       IsFileOK
 0002:0000A6F5       IsFilterDialog
 0001:00048508       IsGUI
 0001:00063E2C       IsHandledSafeCallException
 0001:00066980       IsHTMLPage
 0001:000060F0       IsIconic
 0001:0008B15C       IsInitialChar
[...]
 15028 0001:00065BA5 15029 0001:00065BB8 15030 0001:00065BC0 15031 0001:00065BC3
 15036 0001:00065BC8 15039 0001:00065BCF 15040 0001:00065BD5 15041 0001:00065BE8
 15042 0001:00065BF0 15043 0001:00065BF3 15048 0001:00065BF8 15051 0001:00065BFF
 15052 0001:00065C05 15053 0001:00065C17 15054 0001:00065C1F 15055 0001:00065C22
 15058 0001:00065C28 15059 0001:00065C2E 15060 0001:00065C37 15064 0001:00065C3C
 15065 0001:00065C44 15069 0001:00065C48 15070 0001:00065C50 15074 0001:00065C54
 15075 0001:00065C5C 15079 0001:00065C60 15080 0001:00065C68 15083 0001:00065C6C
 15084 0001:00065C73 15085 0001:00065C7F 15086 0001:00065C8D 15087 0001:00065C94
 15088 0001:00065CA3 15093 0001:00065CA8 15094 0001:00065CB0 15095 0001:00065CB8
 15098 0001:00065CC6 15099 0001:00065CCD 15101 0001:00065CD1 15103 0001:00065CE7
 15104 0001:00065CF1 15106 0001:00065CF2 15099 0001:00065CF3 15109 0001:00065D04
 15111 0001:00065D14 15115 0001:00065D18 15116 0001:00065D22 15117 0001:00065D26
 15118 0001:00065D31 15119 0001:00065D3F 15120 0001:00065D50 15122 0001:00065D74
 15124 0001:00065D8A 15127 0001:00065D90 15128 0001:00065D91 15130 0001:00065DB3
 15131 0001:00065DCC 15135 0001:00065DD0 15136 0001:00065DDF 15137 0001:00065DEA
 15138 0001:00065DF8 15139 0001:00065E04 15141 0001:00065E26 15143 0001:00065E39
 15150 0001:00065E40 15151 0001:00065E44 15152 0001:00065E4D 15151 0001:00065E56
 15153 0001:00065E59 15154 0001:00065E60 15160 0001:00065E64 15161 0001:00065E6A
 15163 0001:00065E73 15164 0001:00065E7E 15165 0001:00065E87 15168 0001:00065E8C
 15169 0001:00065E97 15170 0001:00065E9E 15171 0001:00065EB5 15174 0001:00065EB8
 15175 0001:00065EBE 15176 0001:00065EC7 15185 0001:00065ECC 15186 0001:00065ECF
 15187 0001:00065EED 15189 0001:00065EF0 15191 0001:00065F08 15193 0001:00065F0D
 15194 0001:00065F0E 15195 0001:00065F11 15197 0001:00065F14 15198 0001:00065F2F
 15204 0001:00065F38 15205 0001:00065F3D 15215 0001:00065F40 15216 0001:00065F5C
 15217 0001:00065FAC 15218 0001:00065FB8 15219 0001:00066003 15220 0001:00066032
 15309 0001:0006612C 15310 0001:00066159 15311 0001:00066168 15312 0001:00066177
 15313 0001:00066185 15314 0001:0006618F 15316 0001:000661A6 15317 0001:000661AE
 15318 0001:000661CD 15320 0001:000661DE 15321 0001:000661EA 15322 0001:000661F8
 15323 0001:000661FC 15324 0001:00066204 15325 0001:0006621E 15326 0001:0006622A
 15327 0001:0006623F 15328 0001:0006624D 15329 0001:0006626B 15330 0001:0006628B
 15331 0001:000662AE 15332 0001:000662D1 15333 0001:000662F1 15334 0001:00066311
 15335 0001:00066316 15337 0001:00066328 15338 0001:00066339 15337 0001:00066347
 15340 0001:0006634A 15342 0001:00066350 15343 0001:0006636B 15345 0001:00066389
 15346 0001:00066397 15348 0001:0006639A 15350 0001:000663A4 15314 0001:000663A5
 15352 0001:000663BB 15353 0001:000663C3 15355 0001:000663F5 15357 0001:0006641C
 15358 0001:00066452 15359 0001:00066459 15360 0001:00066467 15361 0001:00066475
 15363 0001:00066482 15364 0001:00066498 15365 0001:000664A6 15367 0001:000664C5
 15370 0001:000664F0 15373 0001:0006650D 15375 0001:0006653E 15378 0001:00066548
 15379 0001:0006654D 15380 0001:00066554 15382 0001:00066558 15383 0001:0006655F
 15384 0001:00066568 15386 0001:00066577 15388 0001:00066586 15546 0001:0006658C
 15547 0001:00066593 15548 0001:0006659D 15549 0001:000665AB 15551 0001:000665C9
 15553 0001:000665DE 15574 0001:000665E4 15575 0001:000665E9 15579 0001:000665EC
 15580 0001:000665F1 15616 0001:000665F4 15617 0001:000665F6 15618 0001:000665F9
 15620 0001:000665FC 15621 0001:0006660A 15623 0001:0006660E 15624 0001:00066618
 15625 0001:00066626 15627 0001:0006662F 15628 0001:00066643 15630 0001:00066647
 15631 0001:00066659 15635 0001:00066663 15642 0001:00066697 15644 0001:000666A2
 15645 0001:000666A8 15647 0001:000666AE 15648 0001:000666D0 15652 0001:00066705
 15654 0001:0006671A 15662 0001:00066738 15663 0001:0006673E 15664 0001:0006675B
 15665 0001:00066765 15671 0001:00066768 15672 0001:0006676E 15673 0001:0006678B
 15674 0001:00066795 15697 0001:00066798 15698 0001:000667A1 15701 0001:000667C7
 15702 0001:000667D1 15703 0001:000667DF 15705 0001:000667F6 15708 0001:00066805
 15711 0001:0006680C 15712 0001:00066812 15714 0001:0006683E 15715 0001:00066848
 15742 0001:0006684C 15743 0001:00066861 15744 0001:00066869 15746 0001:0006686F
 15747 0001:00066887 15749 0001:0006688B 15750 0001:0006689C 15753 0001:000668B3
 15754 0001:000668CB 15755 0001:000668CF 15757 0001:000668ED 15758 0001:000668FC
 15759 0001:00066912 15760 0001:00066936 15771 0001:00066980 15772 0001:00066994
 15774 0001:000669E8 15788 0001:00066A00 15789 0001:00066A20 15790 0001:00066A2F
 15792 0001:00066A35 15793 0001:00066A43 15795 0001:00066A58 15796 0001:00066A73
 15797 0001:00066A7E 15798 0001:00066A8C 15799 0001:00066AA1 15800 0001:00066AA9
 15802 0001:00066AB5 15803 0001:00066AC7 15804 0001:00066AD5 15806 0001:00066AF0
 15809 0001:00066B10 15811 0001:00066B40 15813 0001:00066B48 15814 0001:00066B68
 15816 0001:00066B77 15817 0001:00066B86 15818 0001:00066B94 15819 0001:00066BA2
 15820 0001:00066BB0 15821 0001:00066BBD 15822 0001:00066BD6 15823 0001:00066BEE
 15826 0001:00066C0C 15827 0001:00066C36 15829 0001:00066C43 15830 0001:00066C52
 15831 0001:00066C60 15832 0001:00066C7C 15833 0001:00066C86 15834 0001:00066C95
 15835 0001:00066CA3 15836 0001:00066CAE 15837 0001:00066CB8 15838 0001:00066CCA
 15840 0001:00066CF3 15843 0001:00066D10 15846 0001:00066D20 15849 0001:00066D3A
 15852 0001:00066D5D 15855 0001:00066D6D 15856 0001:00066D98 15864 0001:00066DAC
 15865 0001:00066DCF 15868 0001:00066DF0 15869 0001:00066DF4 15872 0001:00066E0B
 15873 0001:00066E24 15875 0001:00066E56 15880 0001:00066E60 15881 0001:00066E66
 15882 0001:00066E80 15883 0001:00066E8A 15889 0001:00066E90 15890 0001:00066E97
 15892 0001:00066E99 15893 0001:00066E9E 15894 0001:00066EA1 15896 0001:00066EA3
 15897 0001:00066EA9 15898 0001:00066EAF 15899 0001:00066EB0 15900 0001:00066EB6
 15901 0001:00066EB8 15902 0001:00066EBA 15903 0001:00066EBC 15904 0001:00066EC2
 15905 0001:00066EC4 15906 0001:00066EC6 15907 0001:00066EC8 15908 0001:00066ECD
 15909 0001:00066ECF 15910 0001:00066ED4 15911 0001:00066ED6 15912 0001:00066ED7
 15913 0001:00066EDC 15914 0001:00066EDD 15917 0001:00066EE2 15918 0001:00066EE8
 15923 0001:00066EEC 15924 0001:00066EFE 15925 0001:00066F20 15936 0001:00066F24
 15937 0001:00066F47 15939 0001:00066F4C 15942 0001:00066F55 15943 0001:00066F62
 15944 0001:00066F6F 15948 0001:00066F7E 15950 0001:00066F80 15951 0001:00066F89
 15955 0001:00066FB9 15956 0001:00066FC0 15958 0001:00066FC5 15961 0001:00066FCE
 15963 0001:00066FD0 15964 0001:00066FD7 15965 0001:00066FD8 15966 0001:00066FE6
 15968 0001:00066FE8 15969 0001:00067005 15970 0001:00067024 15972 0001:0006702C
 15973 0001:00067037 15974 0001:00067043 15975 0001:00067051 15976 0001:00067063
 15977 0001:0006706D 15980 0001:0006709B 15982 0001:000670C2 15985 0001:000670D0
 15987 0001:0006710B 15991 0001:00067128 15992 0001:00067133 15995 0001:00067147
 15996 0001:00067174 16001 0001:0006717C 16002 0001:0006717F 16005 0001:0006719A
 16006 0001:000671A1 16007 0001:000671AF 16008 0001:000671CC 16010 0001:000671D3
 16011 0001:000671E4 16012 0001:000671ED 16013 0001:000671F9 16015 0001:00067203
 16017 0001:00067217 16019 0001:00067226 16023 0001:00067228 16025 0001:0006723A
 16026 0001:00067244 16027 0001:00067252 16029 0001:00067264 16030 0001:00067274
 16031 0001:0006727E 16032 0001:00067285 16039 0001:00067288 16040 0001:0006728E
 16042 0001:00067297 16044 0001:0006729F 16045 0001:000672A8 16046 0001:000672B2
 16048 0001:000672B9 16052 0001:000672C1 16053 0001:000672CA 16056 0001:000672D0
 16057 0001:000672D6 16059 0001:000672DF 16061 0001:000672E4 16062 0001:000672ED
 16063 0001:000672FA 16065 0001:00067301 16069 0001:00067309 16070 0001:00067312
 16074 0001:00067318 16075 0001:0006731D 16079 0001:00067320 16080 0001:00067325
 16087 0001:00067328 16088 0001:0006734C 16091 0001:00067388 16092 0001:0006739F
 16096 0001:000673AE 16097 0001:000673C5 16101 0001:000673D4 16102 0001:000673EB
 16106 0001:000673FA 16107 0001:00067411 16111 0001:00067420 16112 0001:00067437
 16116 0001:00067446 16117 0001:0006745D 16121 0001:00067482 16122 0001:00067499
 16126 0001:000674BB 16130 0001:000674D4 16134 0001:000674ED 16137 0001:00067533
 16240 0001:00067540 16241 0001:0006755B 16242 0001:00067569 16243 0001:00067572
 16245 0001:0006757C 16246 0001:00067590 16243 0001:00067593 16247 0001:000675B3
 16257 0001:000675BC 16258 0001:000675D4 16260 0001:000675E1 16262 0001:000675EF
 16263 0001:000675F6 16265 0001:0006760D 16269 0001:00067628 16270 0001:00067636
 16271 0001:0006763D 16273 0001:00067654 16277 0001:0006766F 16278 0001:0006767D
 16279 0001:00067684 16280 0001:0006768B 16282 0001:00067697 16283 0001:0006769E
 16285 0001:000676AF 16286 0001:000676C8 16288 0001:000676D0 16291 0001:000676E1
 16292 0001:000676ED 16294 0001:0006770B 16296 0001:0006771E 16297 0001:0006772F
 16298 0001:00067742 16299 0001:00067755 16300 0001:00067766 16301 0001:00067770
 16302 0001:0006777A 16303 0001:00067784 16304 0001:0006778E 16305 0001:0006779D
 16306 0001:000677A4 16308 0001:000677C6 16310 0001:000677D4 16311 0001:000677DD
 16312 0001:000677E5 16314 0001:000677ED 16315 0001:000677FE 16316 0001:0006780F
 16317 0001:00067820 16318 0001:00067825 16319 0001:00067836 16320 0001:00067847
 16321 0001:00067858 16323 0001:0006786C 16325 0001:0006789D 16333 0001:00067910
 16334 0001:00067937 16336 0001:00067944 16337 0001:00067948 16338 0001:00067956
 16340 0001:0006795E 16341 0001:0006796A 16342 0001:0006797D 16345 0001:00067997
 16347 0001:0006799D 16348 0001:000679A1 16350 0001:000679A5 16351 0001:000679B1
 16354 0001:000679BE 16355 0001:000679C2 16356 0001:000679E5 16357 0001:000679EB
 16358 0001:000679F1 16360 0001:000679FD 16338 0001:00067A01 16362 0001:00067A0A
 16363 0001:00067A13 16364 0001:00067A1C 16366 0001:00067A38 16368 0001:00067A5C
 16370 0001:00067A6B 16376 0001:00067A90 16377 0001:00067AB2 16379 0001:00067ABF
 16381 0001:00067ADB 16385 0001:00067AE9 16387 0001:00067AF0 16390 0001:00067B0F
 16394 0001:00067B8C 16396 0001:00067B9A 16398 0001:00067BD1 16401 0001:00067BF0
 16406 0001:00067C01 16407 0001:00067C0B 16410 0001:00067C12 16411 0001:00067C20
 16412 0001:00067C27 16413 0001:00067C31 16414 0001:00067C38 16415 0001:00067C42
 16416 0001:00067C49 16417 0001:00067C53 16418 0001:00067C5A 16419 0001:00067C64
 16420 0001:00067C6E 16421 0001:00067C78 16422 0001:00067C82 16423 0001:00067C8C
 16424 0001:00067C93 16425 0001:00067C9D 16426 0001:00067CA4 16427 0001:00067CAE
 16428 0001:00067CB5 16429 0001:00067CBF 16430 0001:00067CC6 16431 0001:00067CD0
 16432 0001:00067CD7 16433 0001:00067CE1 16434 0001:00067CE8 16435 0001:00067CF2
 16436 0001:00067CF9 16437 0001:00067D03 16438 0001:00067D0A 16439 0001:00067D14
 16440 0001:00067D1B 16441 0001:00067D26 16442 0001:00067D35 16445 0001:00067D3A
 16446 0001:00067D44 16447 0001:00067D4E 16448 0001:00067D58 16449 0001:00067D62
 16450 0001:00067D6C 16451 0001:00067D76 16452 0001:00067D80 16453 0001:00067D8A
 16454 0001:00067D94 16455 0001:00067D9E 16456 0001:00067DA8 16457 0001:00067DB2
 16458 0001:00067DBC 16459 0001:00067DC6 16460 0001:00067DD0 16461 0001:00067DDA
 16462 0001:00067DE4 16463 0001:00067DEE 16464 0001:00067DF8 16465 0001:00067E02
 16466 0001:00067E0C 16467 0001:00067E16 16468 0001:00067E20 16469 0001:00067E2A
 16470 0001:00067E34 16471 0001:00067E3E 16472 0001:00067E48 16473 0001:00067E52
 16474 0001:00067E5C 16475 0001:00067E66 16476 0001:00067E70 16478 0001:00067E75
 16481 0001:00067E8E 16485 0001:00067EA9 16487 0001:00067EB7 16488 0001:00067EBE
 16490 0001:00067ED5 16494 0001:00067EF0 16495 0001:00067EFE 16496 0001:00067F05
 16498 0001:00067F1C 16501 0001:00067F59 16505 0001:00068010 16506 0001:00068027
 16510 0001:00068028 16511 0001:0006803F 16518 0001:00068040 16519 0001:0006804A
 16522 0001:0006804C 16524 0001:0006805F 16525 0001:0006806A 16526 0001:00068075
 16529 0001:00068080 16530 0001:0006808B 16533 0001:00068096 16534 0001:000680B2
 16535 0001:000680DA 16552 0001:000680E0 16556 0001:000680E4 16557 0001:000680EB
 16558 0001:000680F1 16563 0001:000680F4 16564 0001:000680FB 16566 0001:00068118
 16568 0001:0006811D 16570 0001:00068122 16571 0001:00068123 16572 0001:00068126
 16574 0001:00068129 16575 0001:00068139 16580 0001:00068140 16581 0001:00068147
 16586 0001:00068175 16588 0001:0006817A 16589 0001:0006817B 16590 0001:0006817E
 16592 0001:00068181 16593 0001:00068191 16598 0001:00068198 16599 0001:0006819E
 16600 0001:000681AD 16601 0001:000681BB 16603 0001:000681E0 16605 0001:000681F3
 16610 0001:000681F8 16611 0001:000681FF 16613 0001:0006821C 16615 0001:00068221
 16617 0001:00068226 16618 0001:00068227 16619 0001:0006822A 16621 0001:0006822D
 16622 0001:0006823D 16634 0001:00068244 16635 0001:0006824D 16638 0001:00068254
 16639 0001:00068263 16640 0001:00068271 16641 0001:0006827B 16642 0001:0006828A
 16644 0001:00068295 16645 0001:0006829F 16646 0001:000682AE 16648 0001:000682B9
 16649 0001:000682C3 16650 0001:000682D2 16652 0001:000682DD 16657 0001:000682E7
 16659 0001:000682EE 16660 0001:000682FD 16661 0001:00068307 16652 0001:00068308
 16663 0001:0006830B 16666 0001:00068315 16667 0001:0006832F 16668 0001:00068340
 16663 0001:00068341 16670 0001:00068351 16672 0001:00068361 16684 0001:00068368
 16685 0001:0006836E 16697 0001:00068375 16698 0001:00068382 16702 0001:00068384
 16703 0001:0006838B 16704 0001:00068391 16706 0001:00068394 16707 0001:0006839A
 16709 0001:000683A1 16710 0001:000683A6 16711 0001:000683B4 16713 0001:000683BD
 16714 0001:000683C8 16716 0001:000683E1 16717 0001:000683F1 16719 0001:000683FE
 16720 0001:00068403 16721 0001:00068412 16723 0001:0006841C 16724 0001:00068428
 16726 0001:00068442 16728 0001:0006844E 16738 0001:00068454 16739 0001:0006846F
 16740 0001:0006847C 16741 0001:00068498 16742 0001:000684E5 16744 0001:00068534
 16746 0001:00068552 16757 0001:0006856D 16767 0001:00068588 16770 0001:00068595
 16773 0001:000685A6 16797 0001:000685B7 16800 0001:000685BC 16804 0001:000685DC
 16807 0001:000685FC 16808 0001:000685FD 16810 0001:00068607 16815 0001:00068627
 16820 0001:00068642 16825 0001:0006865D 16826 0001:00068666 16831 0001:00068681
 16833 0001:0006868F 16836 0001:000686CC 16840 0001:000688F4 16841 0001:0006890F
 16844 0001:00068910 16845 0001:00068913 16846 0001:00068924 16849 0001:00068928
 16853 0001:0006892B 16855 0001:00068932 16870 0001:00068934 16871 0001:00068937
 16873 0001:0006893E 16878 0001:00068940 16879 0001:00068948 16881 0001:00068957
 16882 0001:0006895C 16884 0001:00068969 16887 0001:00068991 16888 0001:000689A4
 16890 0001:000689A6 16882 0001:000689A7 16891 0001:000689AA 16902 0001:000689B0
 16903 0001:000689B7 16904 0001:000689CA 16905 0001:000689D8 16907 0001:000689EF
 16909 0001:000689FF 16911 0001:00068A04 16912 0001:00068A21 16913 0001:00068A25
 16915 0001:00068A42 16916 0001:00068A51 16917 0001:00068A5F 16918 0001:00068A77
 16920 0001:00068A8B 16921 0001:00068A9D 16922 0001:00068AA0 16923 0001:00068AA5
 16924 0001:00068ABA 16926 0001:00068ACD 16928 0001:00068B02 16930 0001:00068B08
 16931 0001:00068B27 16932 0001:00068B45 16934 0001:00068B4F 16936 0001:00068B5A
 16939 0001:00068B84 16942 0001:00068BA1 16943 0001:00068BA8 16944 0001:00068BAF
 16945 0001:00068BB6 16946 0001:00068BBD 16947 0001:00068BD2 16948 0001:00068BD9
 16949 0001:00068BE0 16950 0001:00068BE7 16951 0001:00068BEE 16952 0001:00068BF5
 16953 0001:00068BFC 16954 0001:00068C03 16955 0001:00068C0A 16956 0001:00068C11
 16957 0001:00068C28 16958 0001:00068C3F 16959 0001:00068C46 16960 0001:00068C50
 16961 0001:00068C57 16962 0001:00068C66 16963 0001:00068C6D 16964 0001:00068C7E
 16965 0001:00068C88 16967 0001:00068C8F 16968 0001:00068C99 16969 0001:00068CA3
 16971 0001:00068CAD 16973 0001:00068CB2 16976 0001:00068CBB 16979 0001:00068CC0
 16981 0001:00068CCE 16982 0001:00068CD5 16986 0001:00068CDA 16987 0001:00068CEB
 16989 0001:00068CFC 16990 0001:00068D15 16992 0001:00068D1D 17021 0001:00068D30
 17023 0001:00068D35 17024 0001:00068D46 17025 0001:00068D57 17026 0001:00068D68
 17027 0001:00068D79 17029 0001:00068D8A 17030 0001:00068D91 17031 0001:00068D9D
 17032 0001:00068DA4 17033 0001:00068DAB 17034 0001:00068DB5 17035 0001:00068DBC
 17036 0001:00068DC3 17039 0001:00068DE5 17040 0001:00068DF8 17042 0001:00068E06
 17043 0001:00068E0F 17044 0001:00068E17 17047 0001:00068E1F 17048 0001:00068E24
 17049 0001:00068E2E 17050 0001:00068E38 17052 0001:00068E49 17053 0001:00068E5A
 17054 0001:00068E5F 17055 0001:00068E66 17056 0001:00068E70 17057 0001:00068E7A
 17058 0001:00068E81 17059 0001:00068E88 17060 0001:00068E8F 17061 0001:00068E96
 17062 0001:00068E9D 17064 0001:00068EA4 17065 0001:00068EAB 17066 0001:00068EB2
 17068 0001:00068EB9 17070 0001:00068EC0 17073 0001:00068EC8 17075 0001:00068ED2
 17077 0001:00068EEC 17078 0001:00068EF8 17079 0001:00068F03 17080 0001:00068F0F
 17082 0001:00068F1A 17085 0001:00068F1F 17091 0001:00068F6C 17097 0001:00068FB9
 17103 0001:00069006 17104 0001:0006901B 17106 0001:00069024 17120 0001:0006903D
 17126 0001:0006908A 17132 0001:000690D7 17138 0001:00069124 17140 0001:00069132
 17142 0001:00069140 17144 0001:0006914E 17145 0001:00069153 17149 0001:0006917D
 17151 0001:0006918A 17154 0001:0006919E 17155 0001:000691D0 17159 0001:0006920C
 17163 0001:00069213 17164 0001:00069218 17167 0001:00069247 17174 0001:00069318
 17175 0001:0006932C 17176 0001:0006933A 17178 0001:0006934D 17179 0001:00069357
 17181 0001:00069361 17182 0001:00069374 17184 0001:0006937B 17185 0001:00069385
 17186 0001:0006938C 17187 0001:00069396 17188 0001:0006939D 17189 0001:000693A7
 17190 0001:000693AE 17191 0001:000693B8 17192 0001:000693BF 17193 0001:000693C9
 17195 0001:000693D0 17196 0001:000693D5 17198 0001:000693E0 17200 0001:000693F2
 17201 0001:000693FF 17204 0001:0006940C 17205 0001:00069415 17207 0001:00069424
 17208 0001:0006942E 17209 0001:00069435 17210 0001:0006943F 17211 0001:00069446
 17212 0001:00069450 17214 0001:00069457 17215 0001:00069461 17216 0001:0006946B
 17217 0001:00069475 17218 0001:0006947F 17221 0001:00069486 17223 0001:0006948F
 17224 0001:0006949B 17225 0001:000694A5 17228 0001:000694B8 17229 0001:000694C2
 17230 0001:000694C9 17231 0001:000694D3 17232 0001:000694DA 17233 0001:000694E4
 17235 0001:000694EB 17236 0001:000694FA 17238 0001:00069501 17239 0001:00069506
 17241 0001:0006951A 17242 0001:00069524 17243 0001:0006952B 17245 0001:0006955A
 17273 0001:00069570 17274 0001:0006959C 17276 0001:00069702 17268 0001:00069720
 17269 0001:00069744 17270 0001:00069753 17272 0001:0006976D

Line numbers for RangeF(RangeF.pas) segment .text

    45 0001:00099C94    46 0001:00099CB8    47 0001:00099CFC    50 0001:00099D38
    51 0001:00099D52    52 0001:00099D62    53 0001:00099D7D    54 0001:00099D98
    56 0001:00099DB3    57 0001:00099DDF    60 0001:00099DF4    61 0001:00099E0E
    62 0001:00099E1E    63 0001:00099E39    64 0001:00099E54    66 0001:00099E6F
    67 0001:00099E9B    70 0001:00099EC4    71 0001:00099EDF    72 0001:00099EEF
    73 0001:00099F0A    74 0001:00099F36    76 0001:00099F50    77 0001:00099F84
    80 0001:00099FB0    81 0001:00099FCA    82 0001:00099FDA    83 0001:00099FF5
    84 0001:0009A010    86 0001:0009A028    87 0001:0009A054    90 0001:0009A06C
    91 0001:0009A086    92 0001:0009A096    93 0001:0009A0B1    94 0001:0009A0CC
    96 0001:0009A0E4    97 0001:0009A110   100 0001:0009A128   101 0001:0009A142
   102 0001:0009A152   103 0001:0009A16D   104 0001:0009A188   106 0001:0009A1A3
   107 0001:0009A1CF   109 0001:0009A228   109 0001:0009A22F

Line numbers for Range(C:\Users\sudiptas\Documents\EPasCode\RANGE\RANGE.DPR) segment .text

    10 0001:0009A430    11 0001:0009A440    12 0001:0009A44C    13 0001:0009A464
    14 0001:0009A470

Bound resource files

C:\Program Files (x86)\EurekaLog 6\Delphi5\DIALOG.RES
c:\program files (x86)\borland\delphi5\Lib\CONTROLS.RES
RangeF.DFM
Range.RES
Range.drf


Program entry point at 0001:0009A430
